******************************************************************************
                  TI ARM Linker PC v18.1.2                     
******************************************************************************
>> Linked Sat Feb 16 20:15:07 2019

OUTPUT FILE NAME:   <BOLT_IV_MCU.out>
ENTRY POINT SYMBOL: "_c_int00_noargs"  address: 00000da9


MEMORY CONFIGURATION

         name            origin    length      used     unused   attr    fill
----------------------  --------  ---------  --------  --------  ----  --------
  FLASH                 00000000   00100000  00001122  000feede  R  X
  SRAM                  20000000   00040000  00000208  0003fdf8  RW X


SEGMENT ALLOCATION MAP

run origin  load origin   length   init length attrs members
----------  ----------- ---------- ----------- ----- -------
00000000    00000000    00001128   00001128    r-x
  00000000    00000000    00000208   00000208    r-- .intvecs
  00000208    00000208    00000c92   00000c92    r-x .text
  00000e9c    00000e9c    00000258   00000258    r-- .const
  000010f8    000010f8    00000030   00000030    r-- .cinit
20000000    20000000    00000208   00000000    rw-
  20000000    20000000    00000200   00000000    rw- .stack
  20000200    20000200    00000004   00000000    rw- .bss
  20000204    20000204    00000004   00000000    rw- .data


SECTION ALLOCATION MAP

 output                                  attributes/
section   page    origin      length       input sections
--------  ----  ----------  ----------   ----------------
.intvecs   0    00000000    00000208     
                  00000000    00000208     startup_msp432e401y_ccs.obj (.intvecs:retain)

.text      0    00000208    00000c92     
                  00000208    00000514     main.obj (.text)
                  0000071c    000001f0     msp432e4_driverlib.a : sysctl_MSP432E411Y.obj (.text:SysCtlClockFreqSet)
                  0000090c    0000011c     system_msp432e401y.obj (.text)
                  00000a28    000000fc     rtsv7M4_T_le_v4SPD16_eabi.lib : fd_mul_t2.asm.obj (.text)
                  00000b24    0000009c                                   : memcpy_t2.asm.obj (.text)
                  00000bc0    00000084     msp432e4_driverlib.a : adc_MSP432E411Y.obj (.text:ADCSequenceStepConfigure)
                  00000c44    0000006e     rtsv7M4_T_le_v4SPD16_eabi.lib : fd_tos_t2.asm.obj (.text)
                  00000cb2    00000068                                   : copy_decompress_lzss.c.obj (.text:decompress:lzss:__TI_decompress_lzss)
                  00000d1a    00000002     --HOLE-- [fill = 0]
                  00000d1c    00000048     msp432e4_driverlib.a : sysctl_MSP432E411Y.obj (.text:_SysCtlFrequencyGet)
                  00000d64    00000044     rtsv7M4_T_le_v4SPD16_eabi.lib : autoinit.c.obj (.text:__TI_auto_init_nobinit_nopinit:__TI_auto_init_nobinit_nopinit)
                  00000da8    00000038                                   : boot_cortex_m.c.obj (.text:_c_int00_noargs:_c_int00_noargs)
                  00000de0    00000038                                   : fs_tod_t2.asm.obj (.text)
                  00000e18    0000002c     msp432e4_driverlib.a : gpio_MSP432E411Y.obj (.text:GPIOPinConfigure)
                  00000e44    00000020                          : sysctl_MSP432E411Y.obj (.text:_SysCtlMemTimingGet)
                  00000e64    00000012     rtsv7M4_T_le_v4SPD16_eabi.lib : copy_zero_init.c.obj (.text:decompress:ZI:__TI_zero_init_nomemset:__TI_zero_init_nomemset)
                  00000e76    0000000e                                   : copy_decompress_none.c.obj (.text:decompress:none:__TI_decompress_none)
                  00000e84    0000000e     startup_msp432e401y_ccs.obj (.text)
                  00000e92    00000004     rtsv7M4_T_le_v4SPD16_eabi.lib : pre_init.c.obj (.text:_system_pre_init)
                  00000e96    00000004                                   : exit.c.obj (.text:abort:abort)

.const     0    00000e9c    00000258     
                  00000e9c    000001b0     msp432e4_driverlib.a : sysctl_MSP432E411Y.obj (.const:g_pppui32XTALtoVCO)
                  0000104c    00000048                          : gpio_MSP432E411Y.obj (.const:g_pui32GPIOBaseAddrs)
                  00001094    00000030                          : sysctl_MSP432E411Y.obj (.const:g_sXTALtoMEMTIM)
                  000010c4    00000028                          : sysctl_MSP432E411Y.obj (.const:g_pui32Xtals)
                  000010ec    00000008                          : sysctl_MSP432E411Y.obj (.const:g_pui32VCOFrequencies)

.cinit     0    000010f8    00000030     
                  000010f8    0000000c     (__TI_handler_table)
                  00001104    00000004     --HOLE-- [fill = 0]
                  00001108    00000008     (.cinit..bss.load) [load image, compression = zero_init]
                  00001110    00000008     (.cinit..data.load) [load image, compression = lzss]
                  00001118    00000010     (__TI_cinit_table)

.init_array 
*          0    00000000    00000000     UNINITIALIZED

.bss       0    20000200    00000004     UNINITIALIZED
                  20000200    00000004     (.common:systemClock)

.data      0    20000204    00000004     UNINITIALIZED
                  20000204    00000004     system_msp432e401y.obj (.data)

.stack     0    20000000    00000200     UNINITIALIZED
                  20000000    00000004     rtsv7M4_T_le_v4SPD16_eabi.lib : boot_cortex_m.c.obj (.stack)
                  20000004    000001fc     --HOLE--

MODULE SUMMARY

       Module                        code   ro data   rw data
       ------                        ----   -------   -------
    .\
       main.obj                      1300   0         4      
       startup_msp432e401y_ccs.obj   14     520       0      
       system_msp432e401y.obj        284    0         4      
    +--+-----------------------------+------+---------+---------+
       Total:                        1598   520       8      
                                                             
    C:/ti/simplelink_msp432e4_sdk_2_30_00_14/source/ti/devices/msp432e4/driverlib/lib/ccs/m4f/msp432e4_driverlib.a
       sysctl_MSP432E411Y.obj        600    528       0      
       adc_MSP432E411Y.obj           132    0         0      
       gpio_MSP432E411Y.obj          44     72        0      
    +--+-----------------------------+------+---------+---------+
       Total:                        776    600       0      
                                                             
    C:\ti\ccs810\ccsv8\tools\compiler\ti-cgt-arm_18.1.2.LTS\lib\rtsv7M4_T_le_v4SPD16_eabi.lib
       fd_mul_t2.asm.obj             252    0         0      
       memcpy_t2.asm.obj             156    0         0      
       fd_tos_t2.asm.obj             110    0         0      
       copy_decompress_lzss.c.obj    104    0         0      
       autoinit.c.obj                68     0         0      
       boot_cortex_m.c.obj           56     0         0      
       fs_tod_t2.asm.obj             56     0         0      
       copy_zero_init.c.obj          18     0         0      
       copy_decompress_none.c.obj    14     0         0      
       exit.c.obj                    4      0         0      
       pre_init.c.obj                4      0         0      
    +--+-----------------------------+------+---------+---------+
       Total:                        842    0         0      
                                                             
       Stack:                        0      0         512    
       Linker Generated:             0      44        0      
    +--+-----------------------------+------+---------+---------+
       Grand Total:                  3216   1164      520    


LINKER GENERATED COPY TABLES

__TI_cinit_table @ 00001118 records: 2, size/record: 8, table size: 16
	.bss: load addr=00001108, load size=00000008 bytes, run addr=20000200, run size=00000004 bytes, compression=zero_init
	.data: load addr=00001110, load size=00000008 bytes, run addr=20000204, run size=00000004 bytes, compression=lzss


LINKER GENERATED HANDLER TABLE

__TI_handler_table @ 000010f8 records: 3, size/record: 4, table size: 12
	index: 0, handler: __TI_decompress_lzss
	index: 1, handler: __TI_decompress_none
	index: 2, handler: __TI_zero_init


GLOBAL SYMBOLS: SORTED ALPHABETICALLY BY Name 

address   name                          
-------   ----                          
00000e91  ADC0SS0_IRQHandler            
00000e91  ADC0SS1_IRQHandler            
00000e91  ADC0SS2_IRQHandler            
00000e91  ADC0SS3_IRQHandler            
00000e91  ADC1SS0_IRQHandler            
00000e91  ADC1SS1_IRQHandler            
00000e91  ADC1SS2_IRQHandler            
00000e91  ADC1SS3_IRQHandler            
00000bc1  ADCSequenceStepConfigure      
00000e91  AES0_IRQHandler               
00000e91  BusFault_Handler              
00000e97  C$$EXIT                       
00000e91  CAN0_IRQHandler               
00000e91  CAN1_IRQHandler               
00000e91  COMP0_IRQHandler              
00000e91  COMP1_IRQHandler              
00000e91  COMP2_IRQHandler              
00000e91  DES0_IRQHandler               
00000e91  DebugMon_Handler              
00000e91  Default_Handler               
00000e91  EMAC0_IRQHandler              
00000e91  EPI0_IRQHandler               
00000e91  FLASH_IRQHandler              
00000e91  GPIOA_IRQHandler              
00000e91  GPIOB_IRQHandler              
00000e91  GPIOC_IRQHandler              
00000e91  GPIOD_IRQHandler              
00000e91  GPIOE_IRQHandler              
00000e91  GPIOF_IRQHandler              
00000e91  GPIOG_IRQHandler              
00000e91  GPIOH_IRQHandler              
00000e91  GPIOJ_IRQHandler              
00000e91  GPIOK_IRQHandler              
00000e91  GPIOL_IRQHandler              
00000e91  GPIOM_IRQHandler              
00000e91  GPION_IRQHandler              
00000e91  GPIOP0_IRQHandler             
00000e91  GPIOP1_IRQHandler             
00000e91  GPIOP2_IRQHandler             
00000e91  GPIOP3_IRQHandler             
00000e91  GPIOP4_IRQHandler             
00000e91  GPIOP5_IRQHandler             
00000e91  GPIOP6_IRQHandler             
00000e91  GPIOP7_IRQHandler             
00000e19  GPIOPinConfigure              
00000e91  GPIOQ0_IRQHandler             
00000e91  GPIOQ1_IRQHandler             
00000e91  GPIOQ2_IRQHandler             
00000e91  GPIOQ3_IRQHandler             
00000e91  GPIOQ4_IRQHandler             
00000e91  GPIOQ5_IRQHandler             
00000e91  GPIOQ6_IRQHandler             
00000e91  GPIOQ7_IRQHandler             
00000e91  HIBERNATE_IRQHandler          
00000e91  HardFault_Handler             
00000e91  I2C0_IRQHandler               
00000e91  I2C1_IRQHandler               
00000e91  I2C2_IRQHandler               
00000e91  I2C3_IRQHandler               
00000e91  I2C4_IRQHandler               
00000e91  I2C5_IRQHandler               
00000e91  I2C6_IRQHandler               
00000e91  I2C7_IRQHandler               
00000e91  I2C8_IRQHandler               
00000e91  I2C9_IRQHandler               
00000e91  MemManage_Handler             
00000e91  NMI_Handler                   
00000e91  PWM0_0_IRQHandler             
00000e91  PWM0_1_IRQHandler             
00000e91  PWM0_2_IRQHandler             
00000e91  PWM0_3_IRQHandler             
00000e91  PWM0_FAULT_IRQHandler         
00000e91  PendSV_Handler                
00000e91  QEI0_IRQHandler               
00000e85  Reset_Handler                 
00000e91  SHA0_IRQHandler               
00000e91  SSI0_IRQHandler               
00000e91  SSI1_IRQHandler               
00000e91  SSI2_IRQHandler               
00000e91  SSI3_IRQHandler               
00000e91  SVC_Handler                   
00000e91  SYSCTL_IRQHandler             
00000e91  SYSEXC_IRQHandler             
0000071d  SysCtlClockFreqSet            
00000e91  SysTick_Handler               
20000204  SystemCoreClock               
0000090d  SystemCoreClockUpdate         
000009fb  SystemInit                    
00000e91  TAMPER0_IRQHandler            
00000e91  TIMER0A_IRQHandler            
00000e91  TIMER0B_IRQHandler            
00000e91  TIMER1A_IRQHandler            
00000e91  TIMER1B_IRQHandler            
00000e91  TIMER2A_IRQHandler            
00000e91  TIMER2B_IRQHandler            
00000e91  TIMER3A_IRQHandler            
00000e91  TIMER3B_IRQHandler            
00000e91  TIMER4A_IRQHandler            
00000e91  TIMER4B_IRQHandler            
00000e91  TIMER5A_IRQHandler            
00000e91  TIMER5B_IRQHandler            
00000e91  TIMER6A_IRQHandler            
00000e91  TIMER6B_IRQHandler            
00000e91  TIMER7A_IRQHandler            
00000e91  TIMER7B_IRQHandler            
00000e91  UART0_IRQHandler              
00000e91  UART1_IRQHandler              
00000e91  UART2_IRQHandler              
00000e91  UART3_IRQHandler              
00000e91  UART4_IRQHandler              
00000e91  UART5_IRQHandler              
00000e91  UART6_IRQHandler              
00000679  UART7Setup                    
00000e91  UART7_IRQHandler              
0000022f  UARTSend                      
00000e91  UDMAERR_IRQHandler            
00000e91  UDMA_IRQHandler               
00000e91  USB0_IRQHandler               
00000e91  UsageFault_Handler            
00000e91  WATCHDOG_IRQHandler           
20000200  __STACK_END                   
00000200  __STACK_SIZE                  
20000200  __STACK_TOP                   
00001118  __TI_CINIT_Base               
00001128  __TI_CINIT_Limit              
000010f8  __TI_Handler_Table_Base       
00001104  __TI_Handler_Table_Limit      
00000d65  __TI_auto_init_nobinit_nopinit
00000cb3  __TI_decompress_lzss          
00000e77  __TI_decompress_none          
ffffffff  __TI_pprof_out_hndl           
ffffffff  __TI_prof_data_size           
ffffffff  __TI_prof_data_start          
00000000  __TI_static_base__            
00000e65  __TI_zero_init_nomemset       
00000c45  __aeabi_d2f                   
00000a29  __aeabi_dmul                  
00000de1  __aeabi_f2d                   
00000b25  __aeabi_memcpy                
00000b25  __aeabi_memcpy4               
00000b25  __aeabi_memcpy8               
ffffffff  __binit__                     
ffffffff  __c_args__                    
UNDEFED   __mpu_init                    
20000000  __stack                       
00000da9  _c_int00_noargs               
UNDEFED   _system_post_cinit            
00000e93  _system_pre_init              
00000e97  abort                         
00000411  acc                           
000003d3  accPoll                       
00000555  auxADCSend                    
00000497  auxADCSetup                   
ffffffff  binit                         
00000439  ignit                         
00000395  ignitPoll                     
00000000  interruptVectors              
00000209  main                          
00000b25  memcpy                        
0000025d  switchesSetup                 
20000200  systemClock                   


GLOBAL SYMBOLS: SORTED BY Symbol Address 

address   name                          
-------   ----                          
00000000  __TI_static_base__            
00000000  interruptVectors              
00000200  __STACK_SIZE                  
00000209  main                          
0000022f  UARTSend                      
0000025d  switchesSetup                 
00000395  ignitPoll                     
000003d3  accPoll                       
00000411  acc                           
00000439  ignit                         
00000497  auxADCSetup                   
00000555  auxADCSend                    
00000679  UART7Setup                    
0000071d  SysCtlClockFreqSet            
0000090d  SystemCoreClockUpdate         
000009fb  SystemInit                    
00000a29  __aeabi_dmul                  
00000b25  __aeabi_memcpy                
00000b25  __aeabi_memcpy4               
00000b25  __aeabi_memcpy8               
00000b25  memcpy                        
00000bc1  ADCSequenceStepConfigure      
00000c45  __aeabi_d2f                   
00000cb3  __TI_decompress_lzss          
00000d65  __TI_auto_init_nobinit_nopinit
00000da9  _c_int00_noargs               
00000de1  __aeabi_f2d                   
00000e19  GPIOPinConfigure              
00000e65  __TI_zero_init_nomemset       
00000e77  __TI_decompress_none          
00000e85  Reset_Handler                 
00000e91  ADC0SS0_IRQHandler            
00000e91  ADC0SS1_IRQHandler            
00000e91  ADC0SS2_IRQHandler            
00000e91  ADC0SS3_IRQHandler            
00000e91  ADC1SS0_IRQHandler            
00000e91  ADC1SS1_IRQHandler            
00000e91  ADC1SS2_IRQHandler            
00000e91  ADC1SS3_IRQHandler            
00000e91  AES0_IRQHandler               
00000e91  BusFault_Handler              
00000e91  CAN0_IRQHandler               
00000e91  CAN1_IRQHandler               
00000e91  COMP0_IRQHandler              
00000e91  COMP1_IRQHandler              
00000e91  COMP2_IRQHandler              
00000e91  DES0_IRQHandler               
00000e91  DebugMon_Handler              
00000e91  Default_Handler               
00000e91  EMAC0_IRQHandler              
00000e91  EPI0_IRQHandler               
00000e91  FLASH_IRQHandler              
00000e91  GPIOA_IRQHandler              
00000e91  GPIOB_IRQHandler              
00000e91  GPIOC_IRQHandler              
00000e91  GPIOD_IRQHandler              
00000e91  GPIOE_IRQHandler              
00000e91  GPIOF_IRQHandler              
00000e91  GPIOG_IRQHandler              
00000e91  GPIOH_IRQHandler              
00000e91  GPIOJ_IRQHandler              
00000e91  GPIOK_IRQHandler              
00000e91  GPIOL_IRQHandler              
00000e91  GPIOM_IRQHandler              
00000e91  GPION_IRQHandler              
00000e91  GPIOP0_IRQHandler             
00000e91  GPIOP1_IRQHandler             
00000e91  GPIOP2_IRQHandler             
00000e91  GPIOP3_IRQHandler             
00000e91  GPIOP4_IRQHandler             
00000e91  GPIOP5_IRQHandler             
00000e91  GPIOP6_IRQHandler             
00000e91  GPIOP7_IRQHandler             
00000e91  GPIOQ0_IRQHandler             
00000e91  GPIOQ1_IRQHandler             
00000e91  GPIOQ2_IRQHandler             
00000e91  GPIOQ3_IRQHandler             
00000e91  GPIOQ4_IRQHandler             
00000e91  GPIOQ5_IRQHandler             
00000e91  GPIOQ6_IRQHandler             
00000e91  GPIOQ7_IRQHandler             
00000e91  HIBERNATE_IRQHandler          
00000e91  HardFault_Handler             
00000e91  I2C0_IRQHandler               
00000e91  I2C1_IRQHandler               
00000e91  I2C2_IRQHandler               
00000e91  I2C3_IRQHandler               
00000e91  I2C4_IRQHandler               
00000e91  I2C5_IRQHandler               
00000e91  I2C6_IRQHandler               
00000e91  I2C7_IRQHandler               
00000e91  I2C8_IRQHandler               
00000e91  I2C9_IRQHandler               
00000e91  MemManage_Handler             
00000e91  NMI_Handler                   
00000e91  PWM0_0_IRQHandler             
00000e91  PWM0_1_IRQHandler             
00000e91  PWM0_2_IRQHandler             
00000e91  PWM0_3_IRQHandler             
00000e91  PWM0_FAULT_IRQHandler         
00000e91  PendSV_Handler                
00000e91  QEI0_IRQHandler               
00000e91  SHA0_IRQHandler               
00000e91  SSI0_IRQHandler               
00000e91  SSI1_IRQHandler               
00000e91  SSI2_IRQHandler               
00000e91  SSI3_IRQHandler               
00000e91  SVC_Handler                   
00000e91  SYSCTL_IRQHandler             
00000e91  SYSEXC_IRQHandler             
00000e91  SysTick_Handler               
00000e91  TAMPER0_IRQHandler            
00000e91  TIMER0A_IRQHandler            
00000e91  TIMER0B_IRQHandler            
00000e91  TIMER1A_IRQHandler            
00000e91  TIMER1B_IRQHandler            
00000e91  TIMER2A_IRQHandler            
00000e91  TIMER2B_IRQHandler            
00000e91  TIMER3A_IRQHandler            
00000e91  TIMER3B_IRQHandler            
00000e91  TIMER4A_IRQHandler            
00000e91  TIMER4B_IRQHandler            
00000e91  TIMER5A_IRQHandler            
00000e91  TIMER5B_IRQHandler            
00000e91  TIMER6A_IRQHandler            
00000e91  TIMER6B_IRQHandler            
00000e91  TIMER7A_IRQHandler            
00000e91  TIMER7B_IRQHandler            
00000e91  UART0_IRQHandler              
00000e91  UART1_IRQHandler              
00000e91  UART2_IRQHandler              
00000e91  UART3_IRQHandler              
00000e91  UART4_IRQHandler              
00000e91  UART5_IRQHandler              
00000e91  UART6_IRQHandler              
00000e91  UART7_IRQHandler              
00000e91  UDMAERR_IRQHandler            
00000e91  UDMA_IRQHandler               
00000e91  USB0_IRQHandler               
00000e91  UsageFault_Handler            
00000e91  WATCHDOG_IRQHandler           
00000e93  _system_pre_init              
00000e97  C$$EXIT                       
00000e97  abort                         
000010f8  __TI_Handler_Table_Base       
00001104  __TI_Handler_Table_Limit      
00001118  __TI_CINIT_Base               
00001128  __TI_CINIT_Limit              
20000000  __stack                       
20000200  __STACK_END                   
20000200  __STACK_TOP                   
20000200  systemClock                   
20000204  SystemCoreClock               
ffffffff  __TI_pprof_out_hndl           
ffffffff  __TI_prof_data_size           
ffffffff  __TI_prof_data_start          
ffffffff  __binit__                     
ffffffff  __c_args__                    
ffffffff  binit                         
UNDEFED   __mpu_init                    
UNDEFED   _system_post_cinit            

[161 symbols]
