******************************************************************************
                  TI ARM Linker PC v18.1.2                     
******************************************************************************
>> Linked Mon Feb 18 17:00:16 2019

OUTPUT FILE NAME:   <BOLT_IV_MCU.out>
ENTRY POINT SYMBOL: "_c_int00_noargs"  address: 00000cf5


MEMORY CONFIGURATION

         name            origin    length      used     unused   attr    fill
----------------------  --------  ---------  --------  --------  ----  --------
  FLASH                 00000000   00100000  0000106e  000fef92  R  X
  SRAM                  20000000   00040000  00000208  0003fdf8  RW X


SEGMENT ALLOCATION MAP

run origin  load origin   length   init length attrs members
----------  ----------- ---------- ----------- ----- -------
00000000    00000000    00001070   00001070    r-x
  00000000    00000000    00000208   00000208    r-- .intvecs
  00000208    00000208    00000bde   00000bde    r-x .text
  00000de8    00000de8    00000258   00000258    r-- .const
  00001040    00001040    00000030   00000030    r-- .cinit
20000000    20000000    00000208   00000000    rw-
  20000000    20000000    00000200   00000000    rw- .stack
  20000200    20000200    00000004   00000000    rw- .bss
  20000204    20000204    00000004   00000000    rw- .data


SECTION ALLOCATION MAP

 output                                  attributes/
section   page    origin      length       input sections
--------  ----  ----------  ----------   ----------------
.intvecs   0    00000000    00000208     
                  00000000    00000208     startup_msp432e401y_ccs.obj (.intvecs:retain)

.text      0    00000208    00000bde     
                  00000208    00000460     main.obj (.text)
                  00000668    000001f0     msp432e4_driverlib.a : sysctl_MSP432E411Y.obj (.text:SysCtlClockFreqSet)
                  00000858    0000011c     system_msp432e401y.obj (.text)
                  00000974    000000fc     rtsv7M4_T_le_v4SPD16_eabi.lib : fd_mul_t2.asm.obj (.text)
                  00000a70    0000009c                                   : memcpy_t2.asm.obj (.text)
                  00000b0c    00000084     msp432e4_driverlib.a : adc_MSP432E411Y.obj (.text:ADCSequenceStepConfigure)
                  00000b90    0000006e     rtsv7M4_T_le_v4SPD16_eabi.lib : fd_tos_t2.asm.obj (.text)
                  00000bfe    00000068                                   : copy_decompress_lzss.c.obj (.text:decompress:lzss:__TI_decompress_lzss)
                  00000c66    00000002     --HOLE-- [fill = 0]
                  00000c68    00000048     msp432e4_driverlib.a : sysctl_MSP432E411Y.obj (.text:_SysCtlFrequencyGet)
                  00000cb0    00000044     rtsv7M4_T_le_v4SPD16_eabi.lib : autoinit.c.obj (.text:__TI_auto_init_nobinit_nopinit:__TI_auto_init_nobinit_nopinit)
                  00000cf4    00000038                                   : boot_cortex_m.c.obj (.text:_c_int00_noargs:_c_int00_noargs)
                  00000d2c    00000038                                   : fs_tod_t2.asm.obj (.text)
                  00000d64    0000002c     msp432e4_driverlib.a : gpio_MSP432E411Y.obj (.text:GPIOPinConfigure)
                  00000d90    00000020                          : sysctl_MSP432E411Y.obj (.text:_SysCtlMemTimingGet)
                  00000db0    00000012     rtsv7M4_T_le_v4SPD16_eabi.lib : copy_zero_init.c.obj (.text:decompress:ZI:__TI_zero_init_nomemset:__TI_zero_init_nomemset)
                  00000dc2    0000000e                                   : copy_decompress_none.c.obj (.text:decompress:none:__TI_decompress_none)
                  00000dd0    0000000e     startup_msp432e401y_ccs.obj (.text)
                  00000dde    00000004     rtsv7M4_T_le_v4SPD16_eabi.lib : pre_init.c.obj (.text:_system_pre_init)
                  00000de2    00000004                                   : exit.c.obj (.text:abort:abort)

.const     0    00000de8    00000258     
                  00000de8    000001b0     msp432e4_driverlib.a : sysctl_MSP432E411Y.obj (.const:g_pppui32XTALtoVCO)
                  00000f98    00000048                          : gpio_MSP432E411Y.obj (.const:g_pui32GPIOBaseAddrs)
                  00000fe0    00000030                          : sysctl_MSP432E411Y.obj (.const:g_sXTALtoMEMTIM)
                  00001010    00000028                          : sysctl_MSP432E411Y.obj (.const:g_pui32Xtals)
                  00001038    00000008                          : sysctl_MSP432E411Y.obj (.const:g_pui32VCOFrequencies)

.cinit     0    00001040    00000030     
                  00001040    0000000c     (__TI_handler_table)
                  0000104c    00000004     --HOLE-- [fill = 0]
                  00001050    00000008     (.cinit..bss.load) [load image, compression = zero_init]
                  00001058    00000008     (.cinit..data.load) [load image, compression = lzss]
                  00001060    00000010     (__TI_cinit_table)

.init_array 
*          0    00000000    00000000     UNINITIALIZED

.bss       0    20000200    00000004     UNINITIALIZED
                  20000200    00000004     (.common:systemClock)

.data      0    20000204    00000004     UNINITIALIZED
                  20000204    00000004     system_msp432e401y.obj (.data)

.stack     0    20000000    00000200     UNINITIALIZED
                  20000000    00000004     rtsv7M4_T_le_v4SPD16_eabi.lib : boot_cortex_m.c.obj (.stack)
                  20000004    000001fc     --HOLE--

MODULE SUMMARY

       Module                        code   ro data   rw data
       ------                        ----   -------   -------
    .\
       main.obj                      1120   0         4      
       startup_msp432e401y_ccs.obj   14     520       0      
       system_msp432e401y.obj        284    0         4      
    +--+-----------------------------+------+---------+---------+
       Total:                        1418   520       8      
                                                             
    C:/ti/simplelink_msp432e4_sdk_2_30_00_14/source/ti/devices/msp432e4/driverlib/lib/ccs/m4f/msp432e4_driverlib.a
       sysctl_MSP432E411Y.obj        600    528       0      
       adc_MSP432E411Y.obj           132    0         0      
       gpio_MSP432E411Y.obj          44     72        0      
    +--+-----------------------------+------+---------+---------+
       Total:                        776    600       0      
                                                             
    C:\ti\ccs810\ccsv8\tools\compiler\ti-cgt-arm_18.1.2.LTS\lib\rtsv7M4_T_le_v4SPD16_eabi.lib
       fd_mul_t2.asm.obj             252    0         0      
       memcpy_t2.asm.obj             156    0         0      
       fd_tos_t2.asm.obj             110    0         0      
       copy_decompress_lzss.c.obj    104    0         0      
       autoinit.c.obj                68     0         0      
       boot_cortex_m.c.obj           56     0         0      
       fs_tod_t2.asm.obj             56     0         0      
       copy_zero_init.c.obj          18     0         0      
       copy_decompress_none.c.obj    14     0         0      
       exit.c.obj                    4      0         0      
       pre_init.c.obj                4      0         0      
    +--+-----------------------------+------+---------+---------+
       Total:                        842    0         0      
                                                             
       Stack:                        0      0         512    
       Linker Generated:             0      44        0      
    +--+-----------------------------+------+---------+---------+
       Grand Total:                  3036   1164      520    


LINKER GENERATED COPY TABLES

__TI_cinit_table @ 00001060 records: 2, size/record: 8, table size: 16
	.bss: load addr=00001050, load size=00000008 bytes, run addr=20000200, run size=00000004 bytes, compression=zero_init
	.data: load addr=00001058, load size=00000008 bytes, run addr=20000204, run size=00000004 bytes, compression=lzss


LINKER GENERATED HANDLER TABLE

__TI_handler_table @ 00001040 records: 3, size/record: 4, table size: 12
	index: 0, handler: __TI_decompress_lzss
	index: 1, handler: __TI_decompress_none
	index: 2, handler: __TI_zero_init


GLOBAL SYMBOLS: SORTED ALPHABETICALLY BY Name 

address   name                          
-------   ----                          
00000ddd  ADC0SS0_IRQHandler            
00000ddd  ADC0SS1_IRQHandler            
00000ddd  ADC0SS2_IRQHandler            
00000ddd  ADC0SS3_IRQHandler            
00000ddd  ADC1SS0_IRQHandler            
00000ddd  ADC1SS1_IRQHandler            
00000ddd  ADC1SS2_IRQHandler            
00000ddd  ADC1SS3_IRQHandler            
00000b0d  ADCSequenceStepConfigure      
00000ddd  AES0_IRQHandler               
00000ddd  BusFault_Handler              
00000de3  C$$EXIT                       
00000ddd  CAN0_IRQHandler               
00000ddd  CAN1_IRQHandler               
00000ddd  COMP0_IRQHandler              
00000ddd  COMP1_IRQHandler              
00000ddd  COMP2_IRQHandler              
00000ddd  DES0_IRQHandler               
00000ddd  DebugMon_Handler              
00000ddd  Default_Handler               
00000ddd  EMAC0_IRQHandler              
00000ddd  EPI0_IRQHandler               
00000ddd  FLASH_IRQHandler              
00000ddd  GPIOA_IRQHandler              
00000ddd  GPIOB_IRQHandler              
00000ddd  GPIOC_IRQHandler              
00000ddd  GPIOD_IRQHandler              
00000ddd  GPIOE_IRQHandler              
00000ddd  GPIOF_IRQHandler              
00000ddd  GPIOG_IRQHandler              
00000ddd  GPIOH_IRQHandler              
00000ddd  GPIOJ_IRQHandler              
00000ddd  GPIOK_IRQHandler              
00000ddd  GPIOL_IRQHandler              
00000ddd  GPIOM_IRQHandler              
00000ddd  GPION_IRQHandler              
00000ddd  GPIOP0_IRQHandler             
00000ddd  GPIOP1_IRQHandler             
00000ddd  GPIOP2_IRQHandler             
00000ddd  GPIOP3_IRQHandler             
00000ddd  GPIOP4_IRQHandler             
00000ddd  GPIOP5_IRQHandler             
00000ddd  GPIOP6_IRQHandler             
00000ddd  GPIOP7_IRQHandler             
00000d65  GPIOPinConfigure              
00000ddd  GPIOQ0_IRQHandler             
00000ddd  GPIOQ1_IRQHandler             
00000ddd  GPIOQ2_IRQHandler             
00000ddd  GPIOQ3_IRQHandler             
00000ddd  GPIOQ4_IRQHandler             
00000ddd  GPIOQ5_IRQHandler             
00000ddd  GPIOQ6_IRQHandler             
00000ddd  GPIOQ7_IRQHandler             
00000ddd  HIBERNATE_IRQHandler          
00000ddd  HardFault_Handler             
00000ddd  I2C0_IRQHandler               
00000ddd  I2C1_IRQHandler               
00000ddd  I2C2_IRQHandler               
00000ddd  I2C3_IRQHandler               
00000ddd  I2C4_IRQHandler               
00000ddd  I2C5_IRQHandler               
00000ddd  I2C6_IRQHandler               
00000ddd  I2C7_IRQHandler               
00000ddd  I2C8_IRQHandler               
00000ddd  I2C9_IRQHandler               
00000ddd  MemManage_Handler             
00000ddd  NMI_Handler                   
00000ddd  PWM0_0_IRQHandler             
00000ddd  PWM0_1_IRQHandler             
00000ddd  PWM0_2_IRQHandler             
00000ddd  PWM0_3_IRQHandler             
00000ddd  PWM0_FAULT_IRQHandler         
00000ddd  PendSV_Handler                
00000ddd  QEI0_IRQHandler               
00000dd1  Reset_Handler                 
00000ddd  SHA0_IRQHandler               
00000ddd  SSI0_IRQHandler               
00000ddd  SSI1_IRQHandler               
00000ddd  SSI2_IRQHandler               
00000ddd  SSI3_IRQHandler               
00000ddd  SVC_Handler                   
00000ddd  SYSCTL_IRQHandler             
00000ddd  SYSEXC_IRQHandler             
00000669  SysCtlClockFreqSet            
00000ddd  SysTick_Handler               
20000204  SystemCoreClock               
00000859  SystemCoreClockUpdate         
00000947  SystemInit                    
00000ddd  TAMPER0_IRQHandler            
00000ddd  TIMER0A_IRQHandler            
00000ddd  TIMER0B_IRQHandler            
00000ddd  TIMER1A_IRQHandler            
00000ddd  TIMER1B_IRQHandler            
00000ddd  TIMER2A_IRQHandler            
00000ddd  TIMER2B_IRQHandler            
00000ddd  TIMER3A_IRQHandler            
00000ddd  TIMER3B_IRQHandler            
00000ddd  TIMER4A_IRQHandler            
00000ddd  TIMER4B_IRQHandler            
00000ddd  TIMER5A_IRQHandler            
00000ddd  TIMER5B_IRQHandler            
00000ddd  TIMER6A_IRQHandler            
00000ddd  TIMER6B_IRQHandler            
00000ddd  TIMER7A_IRQHandler            
00000ddd  TIMER7B_IRQHandler            
00000ddd  UART0_IRQHandler              
00000ddd  UART1_IRQHandler              
00000ddd  UART2_IRQHandler              
00000ddd  UART3_IRQHandler              
00000ddd  UART4_IRQHandler              
00000ddd  UART5_IRQHandler              
00000ddd  UART6_IRQHandler              
000005a1  UART7Setup                    
00000ddd  UART7_IRQHandler              
0000022f  UARTSend                      
00000ddd  UDMAERR_IRQHandler            
00000ddd  UDMA_IRQHandler               
00000ddd  USB0_IRQHandler               
00000ddd  UsageFault_Handler            
00000ddd  WATCHDOG_IRQHandler           
20000200  __STACK_END                   
00000200  __STACK_SIZE                  
20000200  __STACK_TOP                   
00001060  __TI_CINIT_Base               
00001070  __TI_CINIT_Limit              
00001040  __TI_Handler_Table_Base       
0000104c  __TI_Handler_Table_Limit      
00000cb1  __TI_auto_init_nobinit_nopinit
00000bff  __TI_decompress_lzss          
00000dc3  __TI_decompress_none          
ffffffff  __TI_pprof_out_hndl           
ffffffff  __TI_prof_data_size           
ffffffff  __TI_prof_data_start          
00000000  __TI_static_base__            
00000db1  __TI_zero_init_nomemset       
00000b91  __aeabi_d2f                   
00000975  __aeabi_dmul                  
00000d2d  __aeabi_f2d                   
00000a71  __aeabi_memcpy                
00000a71  __aeabi_memcpy4               
00000a71  __aeabi_memcpy8               
ffffffff  __binit__                     
ffffffff  __c_args__                    
UNDEFED   __mpu_init                    
20000000  __stack                       
00000cf5  _c_int00_noargs               
UNDEFED   _system_post_cinit            
00000ddf  _system_pre_init              
00000de3  abort                         
00000381  accPoll                       
00000481  auxADCSend                    
000003f1  auxADCSetup                   
ffffffff  binit                         
000003b9  ignitPoll                     
00000000  interruptVectors              
00000209  main                          
00000a71  memcpy                        
0000025d  switchesSetup                 
20000200  systemClock                   


GLOBAL SYMBOLS: SORTED BY Symbol Address 

address   name                          
-------   ----                          
00000000  __TI_static_base__            
00000000  interruptVectors              
00000200  __STACK_SIZE                  
00000209  main                          
0000022f  UARTSend                      
0000025d  switchesSetup                 
00000381  accPoll                       
000003b9  ignitPoll                     
000003f1  auxADCSetup                   
00000481  auxADCSend                    
000005a1  UART7Setup                    
00000669  SysCtlClockFreqSet            
00000859  SystemCoreClockUpdate         
00000947  SystemInit                    
00000975  __aeabi_dmul                  
00000a71  __aeabi_memcpy                
00000a71  __aeabi_memcpy4               
00000a71  __aeabi_memcpy8               
00000a71  memcpy                        
00000b0d  ADCSequenceStepConfigure      
00000b91  __aeabi_d2f                   
00000bff  __TI_decompress_lzss          
00000cb1  __TI_auto_init_nobinit_nopinit
00000cf5  _c_int00_noargs               
00000d2d  __aeabi_f2d                   
00000d65  GPIOPinConfigure              
00000db1  __TI_zero_init_nomemset       
00000dc3  __TI_decompress_none          
00000dd1  Reset_Handler                 
00000ddd  ADC0SS0_IRQHandler            
00000ddd  ADC0SS1_IRQHandler            
00000ddd  ADC0SS2_IRQHandler            
00000ddd  ADC0SS3_IRQHandler            
00000ddd  ADC1SS0_IRQHandler            
00000ddd  ADC1SS1_IRQHandler            
00000ddd  ADC1SS2_IRQHandler            
00000ddd  ADC1SS3_IRQHandler            
00000ddd  AES0_IRQHandler               
00000ddd  BusFault_Handler              
00000ddd  CAN0_IRQHandler               
00000ddd  CAN1_IRQHandler               
00000ddd  COMP0_IRQHandler              
00000ddd  COMP1_IRQHandler              
00000ddd  COMP2_IRQHandler              
00000ddd  DES0_IRQHandler               
00000ddd  DebugMon_Handler              
00000ddd  Default_Handler               
00000ddd  EMAC0_IRQHandler              
00000ddd  EPI0_IRQHandler               
00000ddd  FLASH_IRQHandler              
00000ddd  GPIOA_IRQHandler              
00000ddd  GPIOB_IRQHandler              
00000ddd  GPIOC_IRQHandler              
00000ddd  GPIOD_IRQHandler              
00000ddd  GPIOE_IRQHandler              
00000ddd  GPIOF_IRQHandler              
00000ddd  GPIOG_IRQHandler              
00000ddd  GPIOH_IRQHandler              
00000ddd  GPIOJ_IRQHandler              
00000ddd  GPIOK_IRQHandler              
00000ddd  GPIOL_IRQHandler              
00000ddd  GPIOM_IRQHandler              
00000ddd  GPION_IRQHandler              
00000ddd  GPIOP0_IRQHandler             
00000ddd  GPIOP1_IRQHandler             
00000ddd  GPIOP2_IRQHandler             
00000ddd  GPIOP3_IRQHandler             
00000ddd  GPIOP4_IRQHandler             
00000ddd  GPIOP5_IRQHandler             
00000ddd  GPIOP6_IRQHandler             
00000ddd  GPIOP7_IRQHandler             
00000ddd  GPIOQ0_IRQHandler             
00000ddd  GPIOQ1_IRQHandler             
00000ddd  GPIOQ2_IRQHandler             
00000ddd  GPIOQ3_IRQHandler             
00000ddd  GPIOQ4_IRQHandler             
00000ddd  GPIOQ5_IRQHandler             
00000ddd  GPIOQ6_IRQHandler             
00000ddd  GPIOQ7_IRQHandler             
00000ddd  HIBERNATE_IRQHandler          
00000ddd  HardFault_Handler             
00000ddd  I2C0_IRQHandler               
00000ddd  I2C1_IRQHandler               
00000ddd  I2C2_IRQHandler               
00000ddd  I2C3_IRQHandler               
00000ddd  I2C4_IRQHandler               
00000ddd  I2C5_IRQHandler               
00000ddd  I2C6_IRQHandler               
00000ddd  I2C7_IRQHandler               
00000ddd  I2C8_IRQHandler               
00000ddd  I2C9_IRQHandler               
00000ddd  MemManage_Handler             
00000ddd  NMI_Handler                   
00000ddd  PWM0_0_IRQHandler             
00000ddd  PWM0_1_IRQHandler             
00000ddd  PWM0_2_IRQHandler             
00000ddd  PWM0_3_IRQHandler             
00000ddd  PWM0_FAULT_IRQHandler         
00000ddd  PendSV_Handler                
00000ddd  QEI0_IRQHandler               
00000ddd  SHA0_IRQHandler               
00000ddd  SSI0_IRQHandler               
00000ddd  SSI1_IRQHandler               
00000ddd  SSI2_IRQHandler               
00000ddd  SSI3_IRQHandler               
00000ddd  SVC_Handler                   
00000ddd  SYSCTL_IRQHandler             
00000ddd  SYSEXC_IRQHandler             
00000ddd  SysTick_Handler               
00000ddd  TAMPER0_IRQHandler            
00000ddd  TIMER0A_IRQHandler            
00000ddd  TIMER0B_IRQHandler            
00000ddd  TIMER1A_IRQHandler            
00000ddd  TIMER1B_IRQHandler            
00000ddd  TIMER2A_IRQHandler            
00000ddd  TIMER2B_IRQHandler            
00000ddd  TIMER3A_IRQHandler            
00000ddd  TIMER3B_IRQHandler            
00000ddd  TIMER4A_IRQHandler            
00000ddd  TIMER4B_IRQHandler            
00000ddd  TIMER5A_IRQHandler            
00000ddd  TIMER5B_IRQHandler            
00000ddd  TIMER6A_IRQHandler            
00000ddd  TIMER6B_IRQHandler            
00000ddd  TIMER7A_IRQHandler            
00000ddd  TIMER7B_IRQHandler            
00000ddd  UART0_IRQHandler              
00000ddd  UART1_IRQHandler              
00000ddd  UART2_IRQHandler              
00000ddd  UART3_IRQHandler              
00000ddd  UART4_IRQHandler              
00000ddd  UART5_IRQHandler              
00000ddd  UART6_IRQHandler              
00000ddd  UART7_IRQHandler              
00000ddd  UDMAERR_IRQHandler            
00000ddd  UDMA_IRQHandler               
00000ddd  USB0_IRQHandler               
00000ddd  UsageFault_Handler            
00000ddd  WATCHDOG_IRQHandler           
00000ddf  _system_pre_init              
00000de3  C$$EXIT                       
00000de3  abort                         
00001040  __TI_Handler_Table_Base       
0000104c  __TI_Handler_Table_Limit      
00001060  __TI_CINIT_Base               
00001070  __TI_CINIT_Limit              
20000000  __stack                       
20000200  __STACK_END                   
20000200  __STACK_TOP                   
20000200  systemClock                   
20000204  SystemCoreClock               
ffffffff  __TI_pprof_out_hndl           
ffffffff  __TI_prof_data_size           
ffffffff  __TI_prof_data_start          
ffffffff  __binit__                     
ffffffff  __c_args__                    
ffffffff  binit                         
UNDEFED   __mpu_init                    
UNDEFED   _system_post_cinit            

[159 symbols]
