******************************************************************************
                  TI ARM Linker PC v20.2.7                     
******************************************************************************
>> Linked Mon Feb  6 10:19:01 2023

OUTPUT FILE NAME:   <BOLT_IV_MCU.out>
ENTRY POINT SYMBOL: "_c_int00_noargs"  address: 000029ed


MEMORY CONFIGURATION

         name            origin    length      used     unused   attr    fill
----------------------  --------  ---------  --------  --------  ----  --------
  FLASH                 00000000   00100000  00002d5c  000fd2a4  R  X
  SRAM                  20000000   00040000  00000300  0003fd00  RW X


SEGMENT ALLOCATION MAP

run origin  load origin   length   init length attrs members
----------  ----------- ---------- ----------- ----- -------
00000000    00000000    00002d60   00002d60    r-x
  00000000    00000000    00000208   00000208    r-- .intvecs
  00000208    00000208    0000287c   0000287c    r-x .text
  00002a84    00002a84    00000288   00000288    r-- .const
  00002d10    00002d10    00000050   00000050    r-- .cinit
20000000    20000000    00000300   00000000    rw-
  20000000    20000000    00000200   00000000    rw- .stack
  20000200    20000200    000000b8   00000000    rw- .bss
  200002b8    200002b8    00000048   00000000    rw- .data


SECTION ALLOCATION MAP

 output                                  attributes/
section   page    origin      length       input sections
--------  ----  ----------  ----------   ----------------
.intvecs   0    00000000    00000208     
                  00000000    00000208     startup_msp432e401y_ccs.obj (.intvecs:retain)

.text      0    00000208    0000287c     
                  00000208    000015bc     main.obj (.text)
                  000017c4    000004dc     uartstdio.obj (.text)
                  00001ca0    000002e0     msp432e4_driverlib.a : sysctl.o (.text:SysCtlClockFreqSet)
                  00001f80    0000023a                          : gpio.o (.text:GPIOPadConfigSet)
                  000021ba    00000136     rtsv7M4_T_le_v4SPD16_eabi.lib : fd_div_t2.asm.obj (.text)
                  000022f0    0000011c     system_msp432e401y.obj (.text)
                  0000240c    000000fc     rtsv7M4_T_le_v4SPD16_eabi.lib : fd_mul_t2.asm.obj (.text)
                  00002508    000000ee     msp432e4_driverlib.a : adc.o (.text:ADCSequenceStepConfigure)
                  000025f6    0000009c     rtsv7M4_T_le_v4SPD16_eabi.lib : memcpy_t2.asm.obj (.text)
                  00002692    00000002                                   : div0.asm.obj (.text)
                  00002694    00000090     msp432e4_driverlib.a : sysctl.o (.text:_SysCtlFrequencyGet)
                  00002724    0000007a     rtsv7M4_T_le_v4SPD16_eabi.lib : memset_t2.asm.obj (.text)
                  0000279e    00000068                                   : copy_decompress_lzss.c.obj (.text:decompress:lzss:__TI_decompress_lzss)
                  00002806    0000005c     msp432e4_driverlib.a : gpio.o (.text:GPIODirModeSet)
                  00002862    00000002     --HOLE-- [fill = 0]
                  00002864    00000044                          : gpio.o (.text:GPIOPinConfigure)
                  000028a8    00000044                          : sysctl.o (.text:_SysCtlMemTimingGet)
                  000028ec    00000044     rtsv7M4_T_le_v4SPD16_eabi.lib : autoinit.c.obj (.text:__TI_auto_init_nobinit_nopinit:__TI_auto_init_nobinit_nopinit)
                  00002930    00000044                                   : fd_tou_t2.asm.obj (.text)
                  00002974    00000040                                   : u_divt2.asm.obj (.text)
                  000029b4    00000038                                   : fs_tod_t2.asm.obj (.text)
                  000029ec    00000034                                   : boot_cortex_m.c.obj (.text:_c_int00_noargs:_c_int00_noargs)
                  00002a20    00000024     msp432e4_driverlib.a : gpio.o (.text:GPIOPinTypeCAN)
                  00002a44    0000001c     rtsv7M4_T_le_v4SPD16_eabi.lib : copy_zero_init.c.obj (.text:decompress:ZI:__TI_zero_init_nomemset:__TI_zero_init_nomemset)
                  00002a60    0000000e                                   : copy_decompress_none.c.obj (.text:decompress:none:__TI_decompress_none)
                  00002a6e    0000000e     startup_msp432e401y_ccs.obj (.text)
                  00002a7c    00000004     rtsv7M4_T_le_v4SPD16_eabi.lib : pre_init.c.obj (.text:_system_pre_init)
                  00002a80    00000004                                   : exit.c.obj (.text:abort:abort)

.const     0    00002a84    00000288     
                  00002a84    000001b0     msp432e4_driverlib.a : sysctl.o (.const:g_pppui32XTALtoVCO)
                  00002c34    00000048                          : gpio.o (.const:g_pui32GPIOBaseAddrs)
                  00002c7c    00000030                          : sysctl.o (.const:g_sXTALtoMEMTIM)
                  00002cac    00000028                          : sysctl.o (.const:g_pui32Xtals)
                  00002cd4    00000012     uartstdio.obj (.const:.string)
                  00002ce6    00000002     --HOLE-- [fill = 0]
                  00002ce8    0000000c     uartstdio.obj (.const:g_ui32UARTBase)
                  00002cf4    0000000c     uartstdio.obj (.const:g_ui32UARTPeriph)
                  00002d00    00000008     msp432e4_driverlib.a : sysctl.o (.const:g_pui32VCOFrequencies)
                  00002d08    00000004     uartstdio.obj (.const)

.cinit     0    00002d10    00000050     
                  00002d10    0000002c     (.cinit..data.load) [load image, compression = lzss]
                  00002d3c    0000000c     (__TI_handler_table)
                  00002d48    00000008     (.cinit..bss.load) [load image, compression = zero_init]
                  00002d50    00000010     (__TI_cinit_table)

.init_array 
*          0    00000000    00000000     UNINITIALIZED

.bss       0    20000200    000000b8     UNINITIALIZED
                  20000200    0000005a     (.common:gIMUData)
                  2000025a    0000003a     main.obj (.bss:CANData$1)
                  20000294    0000000c     (.common:gIMUReceiveBuf)
                  200002a0    00000008     (.common:auxVoltage)
                  200002a8    00000008     (.common:pumpVoltage)
                  200002b0    00000004     (.common:g_ui32Flags)
                  200002b4    00000004     (.common:systemClock)

.data      0    200002b8    00000048     UNINITIALIZED
                  200002b8    0000003c     main.obj (.data)
                  200002f4    00000005     uartstdio.obj (.data)
                  200002f9    00000003     --HOLE--
                  200002fc    00000004     system_msp432e401y.obj (.data)

.stack     0    20000000    00000200     UNINITIALIZED
                  20000000    00000004     rtsv7M4_T_le_v4SPD16_eabi.lib : boot_cortex_m.c.obj (.stack)
                  20000004    000001fc     --HOLE--

__llvm_prf_cnts 
*          0    20000000    00000000     UNINITIALIZED

MODULE SUMMARY

       Module                        code    ro data   rw data
       ------                        ----    -------   -------
    .\
       main.obj                      5564    0         244    
       uartstdio.obj                 1244    46        5      
       startup_msp432e401y_ccs.obj   14      520       0      
       system_msp432e401y.obj        284     0         4      
    +--+-----------------------------+-------+---------+---------+
       Total:                        7106    566       253    
                                                              
    C:/ti/simplelink_msp432e4_sdk_4_20_00_12/source/ti/devices/msp432e4/driverlib/lib/ccs/m4f/msp432e4_driverlib.a
       sysctl.o                      948     528       0      
       gpio.o                        766     72        0      
       adc.o                         238     0         0      
    +--+-----------------------------+-------+---------+---------+
       Total:                        1952    600       0      
                                                              
    C:\ti\ccs1220\ccs\tools\compiler\ti-cgt-arm_20.2.7.LTS\lib\rtsv7M4_T_le_v4SPD16_eabi.lib
       fd_div_t2.asm.obj             310     0         0      
       fd_mul_t2.asm.obj             252     0         0      
       memcpy_t2.asm.obj             156     0         0      
       memset_t2.asm.obj             122     0         0      
       copy_decompress_lzss.c.obj    104     0         0      
       autoinit.c.obj                68      0         0      
       fd_tou_t2.asm.obj             68      0         0      
       u_divt2.asm.obj               64      0         0      
       fs_tod_t2.asm.obj             56      0         0      
       boot_cortex_m.c.obj           52      0         0      
       copy_zero_init.c.obj          28      0         0      
       copy_decompress_none.c.obj    14      0         0      
       exit.c.obj                    4       0         0      
       pre_init.c.obj                4       0         0      
       div0.asm.obj                  2       0         0      
    +--+-----------------------------+-------+---------+---------+
       Total:                        1304    0         0      
                                                              
       Stack:                        0       0         512    
       Linker Generated:             0       80        0      
    +--+-----------------------------+-------+---------+---------+
       Grand Total:                  10362   1246      765    


LINKER GENERATED COPY TABLES

__TI_cinit_table @ 00002d50 records: 2, size/record: 8, table size: 16
	.data: load addr=00002d10, load size=0000002c bytes, run addr=200002b8, run size=00000048 bytes, compression=lzss
	.bss: load addr=00002d48, load size=00000008 bytes, run addr=20000200, run size=000000b8 bytes, compression=zero_init


LINKER GENERATED HANDLER TABLE

__TI_handler_table @ 00002d3c records: 3, size/record: 4, table size: 12
	index: 0, handler: __TI_decompress_lzss
	index: 1, handler: __TI_decompress_none
	index: 2, handler: __TI_zero_init


GLOBAL SYMBOLS: SORTED ALPHABETICALLY BY Name 

address   name                          
-------   ----                          
00002a7b  ADC0SS0_IRQHandler            
00002a7b  ADC0SS1_IRQHandler            
00002a7b  ADC0SS2_IRQHandler            
00002a7b  ADC0SS3_IRQHandler            
00002a7b  ADC1SS0_IRQHandler            
00002a7b  ADC1SS1_IRQHandler            
00002a7b  ADC1SS2_IRQHandler            
00002a7b  ADC1SS3_IRQHandler            
00002509  ADCSequenceStepConfigure      
00000941  ADCSetup                      
00002a7b  AES0_IRQHandler               
00002a7b  BusFault_Handler              
00002a81  C$$EXIT                       
000011a9  CAN0_IRQHandler               
000011a9  CAN0_IRQHandler               
00002a7b  CAN1_IRQHandler               
200002c6  CANCount                      
00002a7b  COMP0_IRQHandler              
00002a7b  COMP1_IRQHandler              
00002a7b  COMP2_IRQHandler              
0000085d  DEPoll                        
00002a7b  DES0_IRQHandler               
00002a7b  DebugMon_Handler              
00002a7b  Default_Handler               
00002a7b  EMAC0_IRQHandler              
00002a7b  EPI0_IRQHandler               
00002a7b  FLASH_IRQHandler              
00002a7b  GPIOA_IRQHandler              
00002a7b  GPIOB_IRQHandler              
00002a7b  GPIOC_IRQHandler              
00002a7b  GPIOD_IRQHandler              
00002807  GPIODirModeSet                
00002a7b  GPIOE_IRQHandler              
00002a7b  GPIOF_IRQHandler              
00002a7b  GPIOG_IRQHandler              
00002a7b  GPIOH_IRQHandler              
00002a7b  GPIOJ_IRQHandler              
00002a7b  GPIOK_IRQHandler              
00002a7b  GPIOL_IRQHandler              
00002a7b  GPIOM_IRQHandler              
00002a7b  GPION_IRQHandler              
00002a7b  GPIOP0_IRQHandler             
00002a7b  GPIOP1_IRQHandler             
00002a7b  GPIOP2_IRQHandler             
00002a7b  GPIOP3_IRQHandler             
00002a7b  GPIOP4_IRQHandler             
00002a7b  GPIOP5_IRQHandler             
00002a7b  GPIOP6_IRQHandler             
00002a7b  GPIOP7_IRQHandler             
00001f81  GPIOPadConfigSet              
00002865  GPIOPinConfigure              
00002a21  GPIOPinTypeCAN                
00002a7b  GPIOQ0_IRQHandler             
00002a7b  GPIOQ1_IRQHandler             
00002a7b  GPIOQ2_IRQHandler             
00002a7b  GPIOQ3_IRQHandler             
00002a7b  GPIOQ4_IRQHandler             
00002a7b  GPIOQ5_IRQHandler             
00002a7b  GPIOQ6_IRQHandler             
00002a7b  GPIOQ7_IRQHandler             
00002a7b  HIBERNATE_IRQHandler          
00002a7b  HardFault_Handler             
00002a7b  I2C0_IRQHandler               
00002a7b  I2C1_IRQHandler               
00002a7b  I2C2_IRQHandler               
00002a7b  I2C3_IRQHandler               
00002a7b  I2C4_IRQHandler               
00002a7b  I2C5_IRQHandler               
00002a7b  I2C6_IRQHandler               
00002a7b  I2C7_IRQHandler               
00002a7b  I2C8_IRQHandler               
00002a7b  I2C9_IRQHandler               
00002a7b  MemManage_Handler             
00002a7b  NMI_Handler                   
00002a7b  PWM0_0_IRQHandler             
00002a7b  PWM0_1_IRQHandler             
00002a7b  PWM0_2_IRQHandler             
00002a7b  PWM0_3_IRQHandler             
00002a7b  PWM0_FAULT_IRQHandler         
00002a7b  PendSV_Handler                
00002a7b  QEI0_IRQHandler               
00002a6f  Reset_Handler                 
00002a7b  SHA0_IRQHandler               
00002a7b  SSI0_IRQHandler               
00002a7b  SSI1_IRQHandler               
00002a7b  SSI2_IRQHandler               
00002a7b  SSI3_IRQHandler               
00002a7b  SVC_Handler                   
00002a7b  SYSCTL_IRQHandler             
00002a7b  SYSEXC_IRQHandler             
00001ca1  SysCtlClockFreqSet            
00002a7b  SysTick_Handler               
200002fc  SystemCoreClock               
000022f1  SystemCoreClockUpdate         
000023df  SystemInit                    
00002a7b  TAMPER0_IRQHandler            
00002a7b  TIMER0A_IRQHandler            
00002a7b  TIMER0B_IRQHandler            
0000167b  TIMER1A_IRQHandler            
0000167b  TIMER1A_IRQHandler            
00002a7b  TIMER1B_IRQHandler            
00002a7b  TIMER2A_IRQHandler            
00002a7b  TIMER2B_IRQHandler            
00002a7b  TIMER3A_IRQHandler            
00002a7b  TIMER3B_IRQHandler            
00002a7b  TIMER4A_IRQHandler            
00002a7b  TIMER4B_IRQHandler            
00002a7b  TIMER5A_IRQHandler            
00002a7b  TIMER5B_IRQHandler            
00002a7b  TIMER6A_IRQHandler            
00002a7b  TIMER6B_IRQHandler            
00002a7b  TIMER7A_IRQHandler            
00002a7b  TIMER7B_IRQHandler            
00002a7b  UART0_IRQHandler              
00002a7b  UART1_IRQHandler              
00002a7b  UART2_IRQHandler              
00002a7b  UART3_IRQHandler              
00002a7b  UART4_IRQHandler              
00002a7b  UART5_IRQHandler              
00000b55  UART6Setup                    
00001725  UART6_IRQHandler              
00001725  UART6_IRQHandler              
00000bc1  UART7Setup                    
00002a7b  UART7_IRQHandler              
0000090d  UARTSendChar                  
000008a9  UARTSendCharNonBlocking       
000008d5  UARTSendStr                   
00000879  UARTSendStrNonBlocking        
000017c5  UARTStdioConfig               
0000193d  UARTgetc                      
00001877  UARTgets                      
00001c6b  UARTprintf                    
00001971  UARTvprintf                   
00001825  UARTwrite                     
00002a7b  UDMAERR_IRQHandler            
00002a7b  UDMA_IRQHandler               
00002a7b  USB0_IRQHandler               
00002a7b  UsageFault_Handler            
00002a7b  WATCHDOG_IRQHandler           
20000200  __STACK_END                   
00000200  __STACK_SIZE                  
20000200  __STACK_TOP                   
00002d50  __TI_CINIT_Base               
00002d60  __TI_CINIT_Limit              
00002d3c  __TI_Handler_Table_Base       
00002d48  __TI_Handler_Table_Limit      
000028ed  __TI_auto_init_nobinit_nopinit
0000279f  __TI_decompress_lzss          
00002a61  __TI_decompress_none          
ffffffff  __TI_pprof_out_hndl           
ffffffff  __TI_prof_data_size           
ffffffff  __TI_prof_data_start          
00000000  __TI_static_base__            
00002a45  __TI_zero_init_nomemset       
00002931  __aeabi_d2uiz                 
000021bb  __aeabi_ddiv                  
0000240d  __aeabi_dmul                  
000029b5  __aeabi_f2d                   
00002693  __aeabi_idiv0                 
00002693  __aeabi_ldiv0                 
00002725  __aeabi_memclr                
00002725  __aeabi_memclr4               
00002725  __aeabi_memclr8               
000025f7  __aeabi_memcpy                
000025f7  __aeabi_memcpy4               
000025f7  __aeabi_memcpy8               
00002727  __aeabi_memset                
00002727  __aeabi_memset4               
00002727  __aeabi_memset8               
00002975  __aeabi_uidiv                 
00002975  __aeabi_uidivmod              
ffffffff  __binit__                     
ffffffff  __c_args__                    
UNDEFED   __mpu_init                    
20000000  __stack                       
20000000  __start___llvm_prf_cnts       
20000000  __stop___llvm_prf_cnts        
000029ed  _c_int00_noargs               
UNDEFED   _system_post_cinit            
00002a7d  _system_pre_init              
00002a81  abort                         
00000581  accIgnDESetup                 
00000791  accPoll                       
00000a69  auxADCSend                    
200002a0  auxVoltage                    
ffffffff  binit                         
00000f0d  canReceive                    
00000d4d  canSetup                      
00000db9  configureCAN                  
0000113d  convertToASCII                
200002cc  debounceCounter               
00000ce1  enableUARTprintf              
200002b9  errFlag                       
200002c0  gIMUBufIndex                  
20000200  gIMUData                      
20000294  gIMUReceiveBuf                
200002b0  g_ui32Flags                   
200002c7  g_ui8canFlag                  
200002c5  g_ui8xbeeFlag                 
000007ad  ignitDebounce                 
0000083b  ignitPoll                     
00001411  imuParse                      
00000c0d  initTimers                    
200002c8  intTimer1_flag                
00000000  interruptVectors              
00000209  main                          
000025f7  memcpy                        
0000272d  memset                        
200002c4  msCount                       
200002bc  msgCount                      
00000b03  pumpADCSend                   
200002a8  pumpVoltage                   
200002b8  rxMsg                         
200002b4  systemClock                   
00000c95  timerRun                      
00000c6d  timerSetup                    
00001239  xbeeTransmit                  


GLOBAL SYMBOLS: SORTED BY Symbol Address 

address   name                          
-------   ----                          
00000000  __TI_static_base__            
00000000  interruptVectors              
00000200  __STACK_SIZE                  
00000209  main                          
00000581  accIgnDESetup                 
00000791  accPoll                       
000007ad  ignitDebounce                 
0000083b  ignitPoll                     
0000085d  DEPoll                        
00000879  UARTSendStrNonBlocking        
000008a9  UARTSendCharNonBlocking       
000008d5  UARTSendStr                   
0000090d  UARTSendChar                  
00000941  ADCSetup                      
00000a69  auxADCSend                    
00000b03  pumpADCSend                   
00000b55  UART6Setup                    
00000bc1  UART7Setup                    
00000c0d  initTimers                    
00000c6d  timerSetup                    
00000c95  timerRun                      
00000ce1  enableUARTprintf              
00000d4d  canSetup                      
00000db9  configureCAN                  
00000f0d  canReceive                    
0000113d  convertToASCII                
000011a9  CAN0_IRQHandler               
000011a9  CAN0_IRQHandler               
00001239  xbeeTransmit                  
00001411  imuParse                      
0000167b  TIMER1A_IRQHandler            
0000167b  TIMER1A_IRQHandler            
00001725  UART6_IRQHandler              
00001725  UART6_IRQHandler              
000017c5  UARTStdioConfig               
00001825  UARTwrite                     
00001877  UARTgets                      
0000193d  UARTgetc                      
00001971  UARTvprintf                   
00001c6b  UARTprintf                    
00001ca1  SysCtlClockFreqSet            
00001f81  GPIOPadConfigSet              
000021bb  __aeabi_ddiv                  
000022f1  SystemCoreClockUpdate         
000023df  SystemInit                    
0000240d  __aeabi_dmul                  
00002509  ADCSequenceStepConfigure      
000025f7  __aeabi_memcpy                
000025f7  __aeabi_memcpy4               
000025f7  __aeabi_memcpy8               
000025f7  memcpy                        
00002693  __aeabi_idiv0                 
00002693  __aeabi_ldiv0                 
00002725  __aeabi_memclr                
00002725  __aeabi_memclr4               
00002725  __aeabi_memclr8               
00002727  __aeabi_memset                
00002727  __aeabi_memset4               
00002727  __aeabi_memset8               
0000272d  memset                        
0000279f  __TI_decompress_lzss          
00002807  GPIODirModeSet                
00002865  GPIOPinConfigure              
000028ed  __TI_auto_init_nobinit_nopinit
00002931  __aeabi_d2uiz                 
00002975  __aeabi_uidiv                 
00002975  __aeabi_uidivmod              
000029b5  __aeabi_f2d                   
000029ed  _c_int00_noargs               
00002a21  GPIOPinTypeCAN                
00002a45  __TI_zero_init_nomemset       
00002a61  __TI_decompress_none          
00002a6f  Reset_Handler                 
00002a7b  ADC0SS0_IRQHandler            
00002a7b  ADC0SS1_IRQHandler            
00002a7b  ADC0SS2_IRQHandler            
00002a7b  ADC0SS3_IRQHandler            
00002a7b  ADC1SS0_IRQHandler            
00002a7b  ADC1SS1_IRQHandler            
00002a7b  ADC1SS2_IRQHandler            
00002a7b  ADC1SS3_IRQHandler            
00002a7b  AES0_IRQHandler               
00002a7b  BusFault_Handler              
00002a7b  CAN1_IRQHandler               
00002a7b  COMP0_IRQHandler              
00002a7b  COMP1_IRQHandler              
00002a7b  COMP2_IRQHandler              
00002a7b  DES0_IRQHandler               
00002a7b  DebugMon_Handler              
00002a7b  Default_Handler               
00002a7b  EMAC0_IRQHandler              
00002a7b  EPI0_IRQHandler               
00002a7b  FLASH_IRQHandler              
00002a7b  GPIOA_IRQHandler              
00002a7b  GPIOB_IRQHandler              
00002a7b  GPIOC_IRQHandler              
00002a7b  GPIOD_IRQHandler              
00002a7b  GPIOE_IRQHandler              
00002a7b  GPIOF_IRQHandler              
00002a7b  GPIOG_IRQHandler              
00002a7b  GPIOH_IRQHandler              
00002a7b  GPIOJ_IRQHandler              
00002a7b  GPIOK_IRQHandler              
00002a7b  GPIOL_IRQHandler              
00002a7b  GPIOM_IRQHandler              
00002a7b  GPION_IRQHandler              
00002a7b  GPIOP0_IRQHandler             
00002a7b  GPIOP1_IRQHandler             
00002a7b  GPIOP2_IRQHandler             
00002a7b  GPIOP3_IRQHandler             
00002a7b  GPIOP4_IRQHandler             
00002a7b  GPIOP5_IRQHandler             
00002a7b  GPIOP6_IRQHandler             
00002a7b  GPIOP7_IRQHandler             
00002a7b  GPIOQ0_IRQHandler             
00002a7b  GPIOQ1_IRQHandler             
00002a7b  GPIOQ2_IRQHandler             
00002a7b  GPIOQ3_IRQHandler             
00002a7b  GPIOQ4_IRQHandler             
00002a7b  GPIOQ5_IRQHandler             
00002a7b  GPIOQ6_IRQHandler             
00002a7b  GPIOQ7_IRQHandler             
00002a7b  HIBERNATE_IRQHandler          
00002a7b  HardFault_Handler             
00002a7b  I2C0_IRQHandler               
00002a7b  I2C1_IRQHandler               
00002a7b  I2C2_IRQHandler               
00002a7b  I2C3_IRQHandler               
00002a7b  I2C4_IRQHandler               
00002a7b  I2C5_IRQHandler               
00002a7b  I2C6_IRQHandler               
00002a7b  I2C7_IRQHandler               
00002a7b  I2C8_IRQHandler               
00002a7b  I2C9_IRQHandler               
00002a7b  MemManage_Handler             
00002a7b  NMI_Handler                   
00002a7b  PWM0_0_IRQHandler             
00002a7b  PWM0_1_IRQHandler             
00002a7b  PWM0_2_IRQHandler             
00002a7b  PWM0_3_IRQHandler             
00002a7b  PWM0_FAULT_IRQHandler         
00002a7b  PendSV_Handler                
00002a7b  QEI0_IRQHandler               
00002a7b  SHA0_IRQHandler               
00002a7b  SSI0_IRQHandler               
00002a7b  SSI1_IRQHandler               
00002a7b  SSI2_IRQHandler               
00002a7b  SSI3_IRQHandler               
00002a7b  SVC_Handler                   
00002a7b  SYSCTL_IRQHandler             
00002a7b  SYSEXC_IRQHandler             
00002a7b  SysTick_Handler               
00002a7b  TAMPER0_IRQHandler            
00002a7b  TIMER0A_IRQHandler            
00002a7b  TIMER0B_IRQHandler            
00002a7b  TIMER1B_IRQHandler            
00002a7b  TIMER2A_IRQHandler            
00002a7b  TIMER2B_IRQHandler            
00002a7b  TIMER3A_IRQHandler            
00002a7b  TIMER3B_IRQHandler            
00002a7b  TIMER4A_IRQHandler            
00002a7b  TIMER4B_IRQHandler            
00002a7b  TIMER5A_IRQHandler            
00002a7b  TIMER5B_IRQHandler            
00002a7b  TIMER6A_IRQHandler            
00002a7b  TIMER6B_IRQHandler            
00002a7b  TIMER7A_IRQHandler            
00002a7b  TIMER7B_IRQHandler            
00002a7b  UART0_IRQHandler              
00002a7b  UART1_IRQHandler              
00002a7b  UART2_IRQHandler              
00002a7b  UART3_IRQHandler              
00002a7b  UART4_IRQHandler              
00002a7b  UART5_IRQHandler              
00002a7b  UART7_IRQHandler              
00002a7b  UDMAERR_IRQHandler            
00002a7b  UDMA_IRQHandler               
00002a7b  USB0_IRQHandler               
00002a7b  UsageFault_Handler            
00002a7b  WATCHDOG_IRQHandler           
00002a7d  _system_pre_init              
00002a81  C$$EXIT                       
00002a81  abort                         
00002d3c  __TI_Handler_Table_Base       
00002d48  __TI_Handler_Table_Limit      
00002d50  __TI_CINIT_Base               
00002d60  __TI_CINIT_Limit              
20000000  __stack                       
20000000  __start___llvm_prf_cnts       
20000000  __stop___llvm_prf_cnts        
20000200  __STACK_END                   
20000200  __STACK_TOP                   
20000200  gIMUData                      
20000294  gIMUReceiveBuf                
200002a0  auxVoltage                    
200002a8  pumpVoltage                   
200002b0  g_ui32Flags                   
200002b4  systemClock                   
200002b8  rxMsg                         
200002b9  errFlag                       
200002bc  msgCount                      
200002c0  gIMUBufIndex                  
200002c4  msCount                       
200002c5  g_ui8xbeeFlag                 
200002c6  CANCount                      
200002c7  g_ui8canFlag                  
200002c8  intTimer1_flag                
200002cc  debounceCounter               
200002fc  SystemCoreClock               
ffffffff  __TI_pprof_out_hndl           
ffffffff  __TI_prof_data_size           
ffffffff  __TI_prof_data_start          
ffffffff  __binit__                     
ffffffff  __c_args__                    
ffffffff  binit                         
UNDEFED   __mpu_init                    
UNDEFED   _system_post_cinit            

[217 symbols]
