<?xml version="1.0" encoding="ISO-8859-1" ?>
<link_info>
   <banner>TI ARM Linker PC v18.1.2.LTS</banner>
   <copyright>Copyright (c) 1996-2017 Texas Instruments Incorporated</copyright>
   <link_time>0x5c6b2af0</link_time>
   <link_errors>0x0</link_errors>
   <output_file>BOLT_IV_MCU.out</output_file>
   <entry_point>
      <name>_c_int00_noargs</name>
      <address>0xcf5</address>
   </entry_point>
   <input_file_list>
      <input_file id="fl-2">
         <path>.\</path>
         <kind>object</kind>
         <file>main.obj</file>
         <name>main.obj</name>
      </input_file>
      <input_file id="fl-3">
         <path>.\</path>
         <kind>object</kind>
         <file>startup_msp432e401y_ccs.obj</file>
         <name>startup_msp432e401y_ccs.obj</name>
      </input_file>
      <input_file id="fl-4">
         <path>.\</path>
         <kind>object</kind>
         <file>system_msp432e401y.obj</file>
         <name>system_msp432e401y.obj</name>
      </input_file>
      <input_file id="fl-5">
         <path>.\</path>
         <kind>object</kind>
         <file>uartstdio.obj</file>
         <name>uartstdio.obj</name>
      </input_file>
      <input_file id="fl-f">
         <kind>object</kind>
         <file>&lt;internal&gt;</file>
         <name>&lt;internal&gt;</name>
      </input_file>
      <input_file id="fl-10">
         <path>C:\ti\simplelink_msp432e4_sdk_2_30_00_14\source\ti\devices\msp432e4\driverlib\lib\ccs\m4f\</path>
         <kind>archive</kind>
         <file>msp432e4_driverlib.a</file>
         <name>adc_MSP432E411Y.obj</name>
      </input_file>
      <input_file id="fl-11">
         <path>C:\ti\simplelink_msp432e4_sdk_2_30_00_14\source\ti\devices\msp432e4\driverlib\lib\ccs\m4f\</path>
         <kind>archive</kind>
         <file>msp432e4_driverlib.a</file>
         <name>gpio_MSP432E411Y.obj</name>
      </input_file>
      <input_file id="fl-12">
         <path>C:\ti\simplelink_msp432e4_sdk_2_30_00_14\source\ti\devices\msp432e4\driverlib\lib\ccs\m4f\</path>
         <kind>archive</kind>
         <file>msp432e4_driverlib.a</file>
         <name>interrupt_MSP432E411Y.obj</name>
      </input_file>
      <input_file id="fl-13">
         <path>C:\ti\simplelink_msp432e4_sdk_2_30_00_14\source\ti\devices\msp432e4\driverlib\lib\ccs\m4f\</path>
         <kind>archive</kind>
         <file>msp432e4_driverlib.a</file>
         <name>sysctl_MSP432E411Y.obj</name>
      </input_file>
      <input_file id="fl-14">
         <path>C:\ti\simplelink_msp432e4_sdk_2_30_00_14\source\ti\devices\msp432e4\driverlib\lib\ccs\m4f\</path>
         <kind>archive</kind>
         <file>msp432e4_driverlib.a</file>
         <name>cpu_MSP432E411Y.obj</name>
      </input_file>
      <input_file id="fl-ca">
         <path>C:\ti\ccs810\ccsv8\tools\compiler\ti-cgt-arm_18.1.2.LTS\lib\</path>
         <kind>archive</kind>
         <file>rtsv7M4_T_le_v4SPD16_eabi.lib</file>
         <name>u_divt2.asm.obj</name>
      </input_file>
      <input_file id="fl-cb">
         <path>C:\ti\ccs810\ccsv8\tools\compiler\ti-cgt-arm_18.1.2.LTS\lib\</path>
         <kind>archive</kind>
         <file>rtsv7M4_T_le_v4SPD16_eabi.lib</file>
         <name>fd_mul_t2.asm.obj</name>
      </input_file>
      <input_file id="fl-cc">
         <path>C:\ti\ccs810\ccsv8\tools\compiler\ti-cgt-arm_18.1.2.LTS\lib\</path>
         <kind>archive</kind>
         <file>rtsv7M4_T_le_v4SPD16_eabi.lib</file>
         <name>fd_tos_t2.asm.obj</name>
      </input_file>
      <input_file id="fl-cd">
         <path>C:\ti\ccs810\ccsv8\tools\compiler\ti-cgt-arm_18.1.2.LTS\lib\</path>
         <kind>archive</kind>
         <file>rtsv7M4_T_le_v4SPD16_eabi.lib</file>
         <name>fs_tod_t2.asm.obj</name>
      </input_file>
      <input_file id="fl-ce">
         <path>C:\ti\ccs810\ccsv8\tools\compiler\ti-cgt-arm_18.1.2.LTS\lib\</path>
         <kind>archive</kind>
         <file>rtsv7M4_T_le_v4SPD16_eabi.lib</file>
         <name>copy_zero_init.c.obj</name>
      </input_file>
      <input_file id="fl-cf">
         <path>C:\ti\ccs810\ccsv8\tools\compiler\ti-cgt-arm_18.1.2.LTS\lib\</path>
         <kind>archive</kind>
         <file>rtsv7M4_T_le_v4SPD16_eabi.lib</file>
         <name>copy_decompress_none.c.obj</name>
      </input_file>
      <input_file id="fl-d0">
         <path>C:\ti\ccs810\ccsv8\tools\compiler\ti-cgt-arm_18.1.2.LTS\lib\</path>
         <kind>archive</kind>
         <file>rtsv7M4_T_le_v4SPD16_eabi.lib</file>
         <name>copy_decompress_lzss.c.obj</name>
      </input_file>
      <input_file id="fl-d1">
         <path>C:\ti\ccs810\ccsv8\tools\compiler\ti-cgt-arm_18.1.2.LTS\lib\</path>
         <kind>archive</kind>
         <file>rtsv7M4_T_le_v4SPD16_eabi.lib</file>
         <name>boot_cortex_m.c.obj</name>
      </input_file>
      <input_file id="fl-d2">
         <path>C:\ti\ccs810\ccsv8\tools\compiler\ti-cgt-arm_18.1.2.LTS\lib\</path>
         <kind>archive</kind>
         <file>rtsv7M4_T_le_v4SPD16_eabi.lib</file>
         <name>exit.c.obj</name>
      </input_file>
      <input_file id="fl-d3">
         <path>C:\ti\ccs810\ccsv8\tools\compiler\ti-cgt-arm_18.1.2.LTS\lib\</path>
         <kind>archive</kind>
         <file>rtsv7M4_T_le_v4SPD16_eabi.lib</file>
         <name>_lock.c.obj</name>
      </input_file>
      <input_file id="fl-d4">
         <path>C:\ti\ccs810\ccsv8\tools\compiler\ti-cgt-arm_18.1.2.LTS\lib\</path>
         <kind>archive</kind>
         <file>rtsv7M4_T_le_v4SPD16_eabi.lib</file>
         <name>args_main.c.obj</name>
      </input_file>
      <input_file id="fl-d5">
         <path>C:\ti\ccs810\ccsv8\tools\compiler\ti-cgt-arm_18.1.2.LTS\lib\</path>
         <kind>archive</kind>
         <file>rtsv7M4_T_le_v4SPD16_eabi.lib</file>
         <name>div0.asm.obj</name>
      </input_file>
      <input_file id="fl-d6">
         <path>C:\ti\ccs810\ccsv8\tools\compiler\ti-cgt-arm_18.1.2.LTS\lib\</path>
         <kind>archive</kind>
         <file>rtsv7M4_T_le_v4SPD16_eabi.lib</file>
         <name>memset_t2.asm.obj</name>
      </input_file>
      <input_file id="fl-d7">
         <path>C:\ti\ccs810\ccsv8\tools\compiler\ti-cgt-arm_18.1.2.LTS\lib\</path>
         <kind>archive</kind>
         <file>rtsv7M4_T_le_v4SPD16_eabi.lib</file>
         <name>memcpy_t2.asm.obj</name>
      </input_file>
      <input_file id="fl-d8">
         <path>C:\ti\ccs810\ccsv8\tools\compiler\ti-cgt-arm_18.1.2.LTS\lib\</path>
         <kind>archive</kind>
         <file>rtsv7M4_T_le_v4SPD16_eabi.lib</file>
         <name>autoinit.c.obj</name>
      </input_file>
      <input_file id="fl-d9">
         <path>C:\ti\ccs810\ccsv8\tools\compiler\ti-cgt-arm_18.1.2.LTS\lib\</path>
         <kind>archive</kind>
         <file>rtsv7M4_T_le_v4SPD16_eabi.lib</file>
         <name>pre_init.c.obj</name>
      </input_file>
      <input_file id="fl-da">
         <path>C:\ti\ccs810\ccsv8\tools\compiler\ti-cgt-arm_18.1.2.LTS\lib\</path>
         <kind>archive</kind>
         <file>rtsv7M4_T_le_v4SPD16_eabi.lib</file>
         <name>cpy_tbl.c.obj</name>
      </input_file>
   </input_file_list>
   <object_component_list>
      <object_component id="oc-f">
         <name>.intvecs:retain</name>
         <load_address>0x0</load_address>
         <run_address>0x0</run_address>
         <size>0x208</size>
         <input_file_ref idref="fl-3"/>
      </object_component>
      <object_component id="oc-9e">
         <name>.text</name>
         <load_address>0x208</load_address>
         <run_address>0x208</run_address>
         <size>0x460</size>
         <input_file_ref idref="fl-2"/>
      </object_component>
      <object_component id="oc-d0">
         <name>.text:SysCtlClockFreqSet</name>
         <load_address>0x668</load_address>
         <run_address>0x668</run_address>
         <size>0x1f0</size>
         <input_file_ref idref="fl-13"/>
      </object_component>
      <object_component id="oc-6a">
         <name>.text</name>
         <load_address>0x858</load_address>
         <run_address>0x858</run_address>
         <size>0x11c</size>
         <input_file_ref idref="fl-4"/>
      </object_component>
      <object_component id="oc-d8">
         <name>.text</name>
         <load_address>0x974</load_address>
         <run_address>0x974</run_address>
         <size>0xfc</size>
         <input_file_ref idref="fl-cb"/>
      </object_component>
      <object_component id="oc-38">
         <name>.text</name>
         <load_address>0xa70</load_address>
         <run_address>0xa70</run_address>
         <size>0x9c</size>
         <input_file_ref idref="fl-d7"/>
      </object_component>
      <object_component id="oc-d1">
         <name>.text:ADCSequenceStepConfigure</name>
         <load_address>0xb0c</load_address>
         <run_address>0xb0c</run_address>
         <size>0x84</size>
         <input_file_ref idref="fl-10"/>
      </object_component>
      <object_component id="oc-dd">
         <name>.text</name>
         <load_address>0xb90</load_address>
         <run_address>0xb90</run_address>
         <size>0x6e</size>
         <input_file_ref idref="fl-cc"/>
      </object_component>
      <object_component id="oc-12">
         <name>.text:decompress:lzss:__TI_decompress_lzss</name>
         <load_address>0xbfe</load_address>
         <run_address>0xbfe</run_address>
         <size>0x68</size>
         <input_file_ref idref="fl-d0"/>
      </object_component>
      <object_component id="oc-13b">
         <name>.text:_SysCtlFrequencyGet</name>
         <load_address>0xc68</load_address>
         <run_address>0xc68</run_address>
         <size>0x48</size>
         <input_file_ref idref="fl-13"/>
      </object_component>
      <object_component id="oc-f5">
         <name>.text:__TI_auto_init_nobinit_nopinit:__TI_auto_init_nobinit_nopinit</name>
         <load_address>0xcb0</load_address>
         <run_address>0xcb0</run_address>
         <size>0x44</size>
         <input_file_ref idref="fl-d8"/>
      </object_component>
      <object_component id="oc-56">
         <name>.text:_c_int00_noargs:_c_int00_noargs</name>
         <load_address>0xcf4</load_address>
         <run_address>0xcf4</run_address>
         <size>0x38</size>
         <input_file_ref idref="fl-d1"/>
      </object_component>
      <object_component id="oc-d3">
         <name>.text</name>
         <load_address>0xd2c</load_address>
         <run_address>0xd2c</run_address>
         <size>0x38</size>
         <input_file_ref idref="fl-cd"/>
      </object_component>
      <object_component id="oc-e2">
         <name>.text:GPIOPinConfigure</name>
         <load_address>0xd64</load_address>
         <run_address>0xd64</run_address>
         <size>0x2c</size>
         <input_file_ref idref="fl-11"/>
      </object_component>
      <object_component id="oc-13a">
         <name>.text:_SysCtlMemTimingGet</name>
         <load_address>0xd90</load_address>
         <run_address>0xd90</run_address>
         <size>0x20</size>
         <input_file_ref idref="fl-13"/>
      </object_component>
      <object_component id="oc-44">
         <name>.text:decompress:ZI:__TI_zero_init_nomemset:__TI_zero_init_nomemset</name>
         <load_address>0xdb0</load_address>
         <run_address>0xdb0</run_address>
         <size>0x12</size>
         <input_file_ref idref="fl-ce"/>
      </object_component>
      <object_component id="oc-18">
         <name>.text:decompress:none:__TI_decompress_none</name>
         <load_address>0xdc2</load_address>
         <run_address>0xdc2</run_address>
         <size>0xe</size>
         <input_file_ref idref="fl-cf"/>
      </object_component>
      <object_component id="oc-24">
         <name>.text</name>
         <load_address>0xdd0</load_address>
         <run_address>0xdd0</run_address>
         <size>0xe</size>
         <input_file_ref idref="fl-3"/>
      </object_component>
      <object_component id="oc-98">
         <name>.text:_system_pre_init</name>
         <load_address>0xdde</load_address>
         <run_address>0xdde</run_address>
         <size>0x4</size>
         <input_file_ref idref="fl-d9"/>
      </object_component>
      <object_component id="oc-e9">
         <name>.text:abort:abort</name>
         <load_address>0xde2</load_address>
         <run_address>0xde2</run_address>
         <size>0x4</size>
         <input_file_ref idref="fl-d2"/>
      </object_component>
      <object_component id="oc-13d">
         <name>.const:g_pppui32XTALtoVCO</name>
         <load_address>0xde8</load_address>
         <run_address>0xde8</run_address>
         <size>0x1b0</size>
         <input_file_ref idref="fl-13"/>
      </object_component>
      <object_component id="oc-142">
         <name>.const:g_pui32GPIOBaseAddrs</name>
         <load_address>0xf98</load_address>
         <run_address>0xf98</run_address>
         <size>0x48</size>
         <input_file_ref idref="fl-11"/>
      </object_component>
      <object_component id="oc-163">
         <name>.const:g_sXTALtoMEMTIM</name>
         <load_address>0xfe0</load_address>
         <run_address>0xfe0</run_address>
         <size>0x30</size>
         <input_file_ref idref="fl-13"/>
      </object_component>
      <object_component id="oc-13c">
         <name>.const:g_pui32Xtals</name>
         <load_address>0x1010</load_address>
         <run_address>0x1010</run_address>
         <size>0x28</size>
         <input_file_ref idref="fl-13"/>
      </object_component>
      <object_component id="oc-13e">
         <name>.const:g_pui32VCOFrequencies</name>
         <load_address>0x1038</load_address>
         <run_address>0x1038</run_address>
         <size>0x8</size>
         <input_file_ref idref="fl-13"/>
      </object_component>
      <object_component id="oc-1bb">
         <name>__TI_handler_table</name>
         <load_address>0x1040</load_address>
         <run_address>0x1040</run_address>
         <size>0xc</size>
      </object_component>
      <object_component id="oc-1be">
         <name>.cinit..bss.load</name>
         <load_address>0x1050</load_address>
         <run_address>0x1050</run_address>
         <size>0x8</size>
      </object_component>
      <object_component id="oc-1bd">
         <name>.cinit..data.load</name>
         <load_address>0x1058</load_address>
         <run_address>0x1058</run_address>
         <size>0x8</size>
      </object_component>
      <object_component id="oc-1bc">
         <name>__TI_cinit_table</name>
         <load_address>0x1060</load_address>
         <run_address>0x1060</run_address>
         <size>0x10</size>
      </object_component>
      <object_component id="oc-b0">
         <name>.data</name>
         <load_address>0x20000204</load_address>
         <run_address>0x20000204</run_address>
         <size>0x4</size>
         <input_file_ref idref="fl-4"/>
      </object_component>
      <object_component id="oc-d2">
         <name>.common:systemClock</name>
         <uninitialized>true</uninitialized>
         <run_address>0x20000200</run_address>
         <size>0x4</size>
      </object_component>
      <object_component id="oc-21">
         <name>.stack</name>
         <uninitialized>true</uninitialized>
         <run_address>0x20000000</run_address>
         <size>0x4</size>
         <input_file_ref idref="fl-d1"/>
      </object_component>
      <object_component id="oc-1bf">
         <name>.stack</name>
         <uninitialized>true</uninitialized>
         <run_address>0x20000000</run_address>
         <size>0x0</size>
      </object_component>
      <object_component id="oc-be">
         <name>.debug_info</name>
         <load_address>0x0</load_address>
         <run_address>0x0</run_address>
         <size>0x8fc</size>
         <input_file_ref idref="fl-2"/>
      </object_component>
      <object_component id="oc-9f">
         <name>.debug_info</name>
         <load_address>0x8fc</load_address>
         <run_address>0x8fc</run_address>
         <size>0x665</size>
         <input_file_ref idref="fl-2"/>
      </object_component>
      <object_component id="oc-73">
         <name>.debug_info</name>
         <load_address>0xf61</load_address>
         <run_address>0xf61</run_address>
         <size>0x26b</size>
         <input_file_ref idref="fl-2"/>
      </object_component>
      <object_component id="oc-12b">
         <name>.debug_info</name>
         <load_address>0x11cc</load_address>
         <run_address>0x11cc</run_address>
         <size>0x1055</size>
         <input_file_ref idref="fl-2"/>
      </object_component>
      <object_component id="oc-135">
         <name>.debug_info</name>
         <load_address>0x2221</load_address>
         <run_address>0x2221</run_address>
         <size>0x186</size>
         <input_file_ref idref="fl-2"/>
      </object_component>
      <object_component id="oc-b9">
         <name>.debug_info</name>
         <load_address>0x23a7</load_address>
         <run_address>0x23a7</run_address>
         <size>0x8b</size>
         <input_file_ref idref="fl-2"/>
      </object_component>
      <object_component id="oc-b4">
         <name>.debug_info</name>
         <load_address>0x2432</load_address>
         <run_address>0x2432</run_address>
         <size>0x297</size>
         <input_file_ref idref="fl-2"/>
      </object_component>
      <object_component id="oc-78">
         <name>.debug_info</name>
         <load_address>0x26c9</load_address>
         <run_address>0x26c9</run_address>
         <size>0xbb</size>
         <input_file_ref idref="fl-2"/>
      </object_component>
      <object_component id="oc-130">
         <name>.debug_info</name>
         <load_address>0x2784</load_address>
         <run_address>0x2784</run_address>
         <size>0x35</size>
         <input_file_ref idref="fl-2"/>
      </object_component>
      <object_component id="oc-e4">
         <name>.debug_info</name>
         <load_address>0x27b9</load_address>
         <run_address>0x27b9</run_address>
         <size>0x55</size>
         <input_file_ref idref="fl-2"/>
      </object_component>
      <object_component id="oc-2c">
         <name>.debug_info</name>
         <load_address>0x280e</load_address>
         <run_address>0x280e</run_address>
         <size>0x2cc</size>
         <input_file_ref idref="fl-3"/>
      </object_component>
      <object_component id="oc-10">
         <name>.debug_info</name>
         <load_address>0x2ada</load_address>
         <run_address>0x2ada</run_address>
         <size>0xf7</size>
         <input_file_ref idref="fl-3"/>
      </object_component>
      <object_component id="oc-27">
         <name>.debug_info</name>
         <load_address>0x2bd1</load_address>
         <run_address>0x2bd1</run_address>
         <size>0x1c4</size>
         <input_file_ref idref="fl-3"/>
      </object_component>
      <object_component id="oc-33">
         <name>.debug_info</name>
         <load_address>0x2d95</load_address>
         <run_address>0x2d95</run_address>
         <size>0x84</size>
         <input_file_ref idref="fl-3"/>
      </object_component>
      <object_component id="oc-b1">
         <name>.debug_info</name>
         <load_address>0x2e19</load_address>
         <run_address>0x2e19</run_address>
         <size>0xf0</size>
         <input_file_ref idref="fl-4"/>
      </object_component>
      <object_component id="oc-6b">
         <name>.debug_info</name>
         <load_address>0x2f09</load_address>
         <run_address>0x2f09</run_address>
         <size>0x239</size>
         <input_file_ref idref="fl-4"/>
      </object_component>
      <object_component id="oc-d9">
         <name>.debug_info</name>
         <load_address>0x3142</load_address>
         <run_address>0x3142</run_address>
         <size>0x132</size>
         <input_file_ref idref="fl-cb"/>
      </object_component>
      <object_component id="oc-de">
         <name>.debug_info</name>
         <load_address>0x3274</load_address>
         <run_address>0x3274</run_address>
         <size>0x136</size>
         <input_file_ref idref="fl-cc"/>
      </object_component>
      <object_component id="oc-d5">
         <name>.debug_info</name>
         <load_address>0x33aa</load_address>
         <run_address>0x33aa</run_address>
         <size>0x124</size>
         <input_file_ref idref="fl-cd"/>
      </object_component>
      <object_component id="oc-91">
         <name>.debug_info</name>
         <load_address>0x34ce</load_address>
         <run_address>0x34ce</run_address>
         <size>0x313</size>
         <input_file_ref idref="fl-ce"/>
      </object_component>
      <object_component id="oc-47">
         <name>.debug_info</name>
         <load_address>0x37e1</load_address>
         <run_address>0x37e1</run_address>
         <size>0x1b4</size>
         <input_file_ref idref="fl-ce"/>
      </object_component>
      <object_component id="oc-8c">
         <name>.debug_info</name>
         <load_address>0x3995</load_address>
         <run_address>0x3995</run_address>
         <size>0x46</size>
         <input_file_ref idref="fl-ce"/>
      </object_component>
      <object_component id="oc-c7">
         <name>.debug_info</name>
         <load_address>0x39db</load_address>
         <run_address>0x39db</run_address>
         <size>0x2c</size>
         <input_file_ref idref="fl-ce"/>
      </object_component>
      <object_component id="oc-43">
         <name>.debug_info</name>
         <load_address>0x3a07</load_address>
         <run_address>0x3a07</run_address>
         <size>0x29d</size>
         <input_file_ref idref="fl-cf"/>
      </object_component>
      <object_component id="oc-19">
         <name>.debug_info</name>
         <load_address>0x3ca4</load_address>
         <run_address>0x3ca4</run_address>
         <size>0x1df</size>
         <input_file_ref idref="fl-cf"/>
      </object_component>
      <object_component id="oc-3e">
         <name>.debug_info</name>
         <load_address>0x3e83</load_address>
         <run_address>0x3e83</run_address>
         <size>0x46</size>
         <input_file_ref idref="fl-cf"/>
      </object_component>
      <object_component id="oc-84">
         <name>.debug_info</name>
         <load_address>0x3ec9</load_address>
         <run_address>0x3ec9</run_address>
         <size>0x2c</size>
         <input_file_ref idref="fl-cf"/>
      </object_component>
      <object_component id="oc-82">
         <name>.debug_info</name>
         <load_address>0x3ef5</load_address>
         <run_address>0x3ef5</run_address>
         <size>0x293</size>
         <input_file_ref idref="fl-d0"/>
      </object_component>
      <object_component id="oc-13">
         <name>.debug_info</name>
         <load_address>0x4188</load_address>
         <run_address>0x4188</run_address>
         <size>0x245</size>
         <input_file_ref idref="fl-d0"/>
      </object_component>
      <object_component id="oc-2e">
         <name>.debug_info</name>
         <load_address>0x43cd</load_address>
         <run_address>0x43cd</run_address>
         <size>0x60</size>
         <input_file_ref idref="fl-d0"/>
      </object_component>
      <object_component id="oc-c0">
         <name>.debug_info</name>
         <load_address>0x442d</load_address>
         <run_address>0x442d</run_address>
         <size>0x46</size>
         <input_file_ref idref="fl-d0"/>
      </object_component>
      <object_component id="oc-7d">
         <name>.debug_info</name>
         <load_address>0x4473</load_address>
         <run_address>0x4473</run_address>
         <size>0x39</size>
         <input_file_ref idref="fl-d0"/>
      </object_component>
      <object_component id="oc-22">
         <name>.debug_info</name>
         <load_address>0x44ac</load_address>
         <run_address>0x44ac</run_address>
         <size>0x100</size>
         <input_file_ref idref="fl-d1"/>
      </object_component>
      <object_component id="oc-57">
         <name>.debug_info</name>
         <load_address>0x45ac</load_address>
         <run_address>0x45ac</run_address>
         <size>0x1a4</size>
         <input_file_ref idref="fl-d1"/>
      </object_component>
      <object_component id="oc-ea">
         <name>.debug_info</name>
         <load_address>0x4750</load_address>
         <run_address>0x4750</run_address>
         <size>0x117</size>
         <input_file_ref idref="fl-d2"/>
      </object_component>
      <object_component id="oc-3b">
         <name>.debug_info</name>
         <load_address>0x4867</load_address>
         <run_address>0x4867</run_address>
         <size>0x111</size>
         <input_file_ref idref="fl-d7"/>
      </object_component>
      <object_component id="oc-14e">
         <name>.debug_info</name>
         <load_address>0x4978</load_address>
         <run_address>0x4978</run_address>
         <size>0x547</size>
         <input_file_ref idref="fl-d8"/>
      </object_component>
      <object_component id="oc-f9">
         <name>.debug_info</name>
         <load_address>0x4ebf</load_address>
         <run_address>0x4ebf</run_address>
         <size>0x19b</size>
         <input_file_ref idref="fl-d8"/>
      </object_component>
      <object_component id="oc-174">
         <name>.debug_info</name>
         <load_address>0x505a</load_address>
         <run_address>0x505a</run_address>
         <size>0x39</size>
         <input_file_ref idref="fl-d8"/>
      </object_component>
      <object_component id="oc-188">
         <name>.debug_info</name>
         <load_address>0x5093</load_address>
         <run_address>0x5093</run_address>
         <size>0x39</size>
         <input_file_ref idref="fl-d8"/>
      </object_component>
      <object_component id="oc-179">
         <name>.debug_info</name>
         <load_address>0x50cc</load_address>
         <run_address>0x50cc</run_address>
         <size>0x39</size>
         <input_file_ref idref="fl-d8"/>
      </object_component>
      <object_component id="oc-17e">
         <name>.debug_info</name>
         <load_address>0x5105</load_address>
         <run_address>0x5105</run_address>
         <size>0xcd</size>
         <input_file_ref idref="fl-d8"/>
      </object_component>
      <object_component id="oc-9c">
         <name>.debug_info</name>
         <load_address>0x51d2</load_address>
         <run_address>0x51d2</run_address>
         <size>0x148</size>
         <input_file_ref idref="fl-d9"/>
      </object_component>
      <object_component id="oc-1c0">
         <name>.debug_info</name>
         <load_address>0x531a</load_address>
         <run_address>0x531a</run_address>
         <size>0xa6</size>
      </object_component>
      <object_component id="oc-12a">
         <name>.debug_line</name>
         <load_address>0x0</load_address>
         <run_address>0x0</run_address>
         <size>0x136</size>
         <input_file_ref idref="fl-2"/>
      </object_component>
      <object_component id="oc-a2">
         <name>.debug_line</name>
         <load_address>0x136</load_address>
         <run_address>0x136</run_address>
         <size>0x18d</size>
         <input_file_ref idref="fl-2"/>
      </object_component>
      <object_component id="oc-76">
         <name>.debug_line</name>
         <load_address>0x2c3</load_address>
         <run_address>0x2c3</run_address>
         <size>0x70</size>
         <input_file_ref idref="fl-2"/>
      </object_component>
      <object_component id="oc-12e">
         <name>.debug_line</name>
         <load_address>0x333</load_address>
         <run_address>0x333</run_address>
         <size>0x5c</size>
         <input_file_ref idref="fl-2"/>
      </object_component>
      <object_component id="oc-138">
         <name>.debug_line</name>
         <load_address>0x38f</load_address>
         <run_address>0x38f</run_address>
         <size>0x78</size>
         <input_file_ref idref="fl-2"/>
      </object_component>
      <object_component id="oc-bc">
         <name>.debug_line</name>
         <load_address>0x407</load_address>
         <run_address>0x407</run_address>
         <size>0x20</size>
         <input_file_ref idref="fl-2"/>
      </object_component>
      <object_component id="oc-b7">
         <name>.debug_line</name>
         <load_address>0x427</load_address>
         <run_address>0x427</run_address>
         <size>0x74</size>
         <input_file_ref idref="fl-2"/>
      </object_component>
      <object_component id="oc-7b">
         <name>.debug_line</name>
         <load_address>0x49b</load_address>
         <run_address>0x49b</run_address>
         <size>0x71</size>
         <input_file_ref idref="fl-2"/>
      </object_component>
      <object_component id="oc-133">
         <name>.debug_line</name>
         <load_address>0x50c</load_address>
         <run_address>0x50c</run_address>
         <size>0x73</size>
         <input_file_ref idref="fl-2"/>
      </object_component>
      <object_component id="oc-e7">
         <name>.debug_line</name>
         <load_address>0x57f</load_address>
         <run_address>0x57f</run_address>
         <size>0x2d</size>
         <input_file_ref idref="fl-2"/>
      </object_component>
      <object_component id="oc-72">
         <name>.debug_line</name>
         <load_address>0x5ac</load_address>
         <run_address>0x5ac</run_address>
         <size>0x40</size>
         <input_file_ref idref="fl-3"/>
      </object_component>
      <object_component id="oc-2b">
         <name>.debug_line</name>
         <load_address>0x5ec</load_address>
         <run_address>0x5ec</run_address>
         <size>0x40</size>
         <input_file_ref idref="fl-3"/>
      </object_component>
      <object_component id="oc-25">
         <name>.debug_line</name>
         <load_address>0x62c</load_address>
         <run_address>0x62c</run_address>
         <size>0x71</size>
         <input_file_ref idref="fl-3"/>
      </object_component>
      <object_component id="oc-36">
         <name>.debug_line</name>
         <load_address>0x69d</load_address>
         <run_address>0x69d</run_address>
         <size>0x20</size>
         <input_file_ref idref="fl-3"/>
      </object_component>
      <object_component id="oc-128">
         <name>.debug_line</name>
         <load_address>0x6bd</load_address>
         <run_address>0x6bd</run_address>
         <size>0x3b</size>
         <input_file_ref idref="fl-4"/>
      </object_component>
      <object_component id="oc-6f">
         <name>.debug_line</name>
         <load_address>0x6f8</load_address>
         <run_address>0x6f8</run_address>
         <size>0x99</size>
         <input_file_ref idref="fl-4"/>
      </object_component>
      <object_component id="oc-dc">
         <name>.debug_line</name>
         <load_address>0x791</load_address>
         <run_address>0x791</run_address>
         <size>0x8e</size>
         <input_file_ref idref="fl-cb"/>
      </object_component>
      <object_component id="oc-e1">
         <name>.debug_line</name>
         <load_address>0x81f</load_address>
         <run_address>0x81f</run_address>
         <size>0x67</size>
         <input_file_ref idref="fl-cc"/>
      </object_component>
      <object_component id="oc-d7">
         <name>.debug_line</name>
         <load_address>0x886</load_address>
         <run_address>0x886</run_address>
         <size>0x57</size>
         <input_file_ref idref="fl-cd"/>
      </object_component>
      <object_component id="oc-cd">
         <name>.debug_line</name>
         <load_address>0x8dd</load_address>
         <run_address>0x8dd</run_address>
         <size>0x9e</size>
         <input_file_ref idref="fl-ce"/>
      </object_component>
      <object_component id="oc-49">
         <name>.debug_line</name>
         <load_address>0x97b</load_address>
         <run_address>0x97b</run_address>
         <size>0x4f</size>
         <input_file_ref idref="fl-ce"/>
      </object_component>
      <object_component id="oc-8f">
         <name>.debug_line</name>
         <load_address>0x9ca</load_address>
         <run_address>0x9ca</run_address>
         <size>0x34</size>
         <input_file_ref idref="fl-ce"/>
      </object_component>
      <object_component id="oc-ca">
         <name>.debug_line</name>
         <load_address>0x9fe</load_address>
         <run_address>0x9fe</run_address>
         <size>0x8a</size>
         <input_file_ref idref="fl-ce"/>
      </object_component>
      <object_component id="oc-8a">
         <name>.debug_line</name>
         <load_address>0xa88</load_address>
         <run_address>0xa88</run_address>
         <size>0x20</size>
         <input_file_ref idref="fl-cf"/>
      </object_component>
      <object_component id="oc-1c">
         <name>.debug_line</name>
         <load_address>0xaa8</load_address>
         <run_address>0xaa8</run_address>
         <size>0x55</size>
         <input_file_ref idref="fl-cf"/>
      </object_component>
      <object_component id="oc-41">
         <name>.debug_line</name>
         <load_address>0xafd</load_address>
         <run_address>0xafd</run_address>
         <size>0x3a</size>
         <input_file_ref idref="fl-cf"/>
      </object_component>
      <object_component id="oc-87">
         <name>.debug_line</name>
         <load_address>0xb37</load_address>
         <run_address>0xb37</run_address>
         <size>0x8a</size>
         <input_file_ref idref="fl-cf"/>
      </object_component>
      <object_component id="oc-c6">
         <name>.debug_line</name>
         <load_address>0xbc1</load_address>
         <run_address>0xbc1</run_address>
         <size>0x20</size>
         <input_file_ref idref="fl-d0"/>
      </object_component>
      <object_component id="oc-17">
         <name>.debug_line</name>
         <load_address>0xbe1</load_address>
         <run_address>0xbe1</run_address>
         <size>0xa9</size>
         <input_file_ref idref="fl-d0"/>
      </object_component>
      <object_component id="oc-31">
         <name>.debug_line</name>
         <load_address>0xc8a</load_address>
         <run_address>0xc8a</run_address>
         <size>0x3a</size>
         <input_file_ref idref="fl-d0"/>
      </object_component>
      <object_component id="oc-c3">
         <name>.debug_line</name>
         <load_address>0xcc4</load_address>
         <run_address>0xcc4</run_address>
         <size>0x92</size>
         <input_file_ref idref="fl-d0"/>
      </object_component>
      <object_component id="oc-80">
         <name>.debug_line</name>
         <load_address>0xd56</load_address>
         <run_address>0xd56</run_address>
         <size>0x8e</size>
         <input_file_ref idref="fl-d0"/>
      </object_component>
      <object_component id="oc-69">
         <name>.debug_line</name>
         <load_address>0xde4</load_address>
         <run_address>0xde4</run_address>
         <size>0x33</size>
         <input_file_ref idref="fl-d1"/>
      </object_component>
      <object_component id="oc-5a">
         <name>.debug_line</name>
         <load_address>0xe17</load_address>
         <run_address>0xe17</run_address>
         <size>0x56</size>
         <input_file_ref idref="fl-d1"/>
      </object_component>
      <object_component id="oc-ed">
         <name>.debug_line</name>
         <load_address>0xe6d</load_address>
         <run_address>0xe6d</run_address>
         <size>0x3c</size>
         <input_file_ref idref="fl-d2"/>
      </object_component>
      <object_component id="oc-3a">
         <name>.debug_line</name>
         <load_address>0xea9</load_address>
         <run_address>0xea9</run_address>
         <size>0x88</size>
         <input_file_ref idref="fl-d7"/>
      </object_component>
      <object_component id="oc-173">
         <name>.debug_line</name>
         <load_address>0xf31</load_address>
         <run_address>0xf31</run_address>
         <size>0xb7</size>
         <input_file_ref idref="fl-d8"/>
      </object_component>
      <object_component id="oc-f6">
         <name>.debug_line</name>
         <load_address>0xfe8</load_address>
         <run_address>0xfe8</run_address>
         <size>0x6c</size>
         <input_file_ref idref="fl-d8"/>
      </object_component>
      <object_component id="oc-177">
         <name>.debug_line</name>
         <load_address>0x1054</load_address>
         <run_address>0x1054</run_address>
         <size>0x2e</size>
         <input_file_ref idref="fl-d8"/>
      </object_component>
      <object_component id="oc-18b">
         <name>.debug_line</name>
         <load_address>0x1082</load_address>
         <run_address>0x1082</run_address>
         <size>0x92</size>
         <input_file_ref idref="fl-d8"/>
      </object_component>
      <object_component id="oc-17c">
         <name>.debug_line</name>
         <load_address>0x1114</load_address>
         <run_address>0x1114</run_address>
         <size>0x8f</size>
         <input_file_ref idref="fl-d8"/>
      </object_component>
      <object_component id="oc-181">
         <name>.debug_line</name>
         <load_address>0x11a3</load_address>
         <run_address>0x11a3</run_address>
         <size>0x8b</size>
         <input_file_ref idref="fl-d8"/>
      </object_component>
      <object_component id="oc-9a">
         <name>.debug_line</name>
         <load_address>0x122e</load_address>
         <run_address>0x122e</run_address>
         <size>0x40</size>
         <input_file_ref idref="fl-d9"/>
      </object_component>
      <object_component id="oc-a3">
         <name>.debug_frame</name>
         <load_address>0x0</load_address>
         <run_address>0x0</run_address>
         <size>0x114</size>
         <input_file_ref idref="fl-2"/>
      </object_component>
      <object_component id="oc-26">
         <name>.debug_frame</name>
         <load_address>0x114</load_address>
         <run_address>0x114</run_address>
         <size>0x6c</size>
         <input_file_ref idref="fl-3"/>
      </object_component>
      <object_component id="oc-6e">
         <name>.debug_frame</name>
         <load_address>0x180</load_address>
         <run_address>0x180</run_address>
         <size>0x78</size>
         <input_file_ref idref="fl-4"/>
      </object_component>
      <object_component id="oc-46">
         <name>.debug_frame</name>
         <load_address>0x1f8</load_address>
         <run_address>0x1f8</run_address>
         <size>0x54</size>
         <input_file_ref idref="fl-ce"/>
      </object_component>
      <object_component id="oc-1d">
         <name>.debug_frame</name>
         <load_address>0x24c</load_address>
         <run_address>0x24c</run_address>
         <size>0x54</size>
         <input_file_ref idref="fl-cf"/>
      </object_component>
      <object_component id="oc-16">
         <name>.debug_frame</name>
         <load_address>0x2a0</load_address>
         <run_address>0x2a0</run_address>
         <size>0x60</size>
         <input_file_ref idref="fl-d0"/>
      </object_component>
      <object_component id="oc-5b">
         <name>.debug_frame</name>
         <load_address>0x300</load_address>
         <run_address>0x300</run_address>
         <size>0x58</size>
         <input_file_ref idref="fl-d1"/>
      </object_component>
      <object_component id="oc-ee">
         <name>.debug_frame</name>
         <load_address>0x358</load_address>
         <run_address>0x358</run_address>
         <size>0x54</size>
         <input_file_ref idref="fl-d2"/>
      </object_component>
      <object_component id="oc-f7">
         <name>.debug_frame</name>
         <load_address>0x3ac</load_address>
         <run_address>0x3ac</run_address>
         <size>0x5c</size>
         <input_file_ref idref="fl-d8"/>
      </object_component>
      <object_component id="oc-99">
         <name>.debug_frame</name>
         <load_address>0x408</load_address>
         <run_address>0x408</run_address>
         <size>0x54</size>
         <input_file_ref idref="fl-d9"/>
      </object_component>
      <object_component id="oc-129">
         <name>.debug_abbrev</name>
         <load_address>0x0</load_address>
         <run_address>0x0</run_address>
         <size>0x10e</size>
         <input_file_ref idref="fl-2"/>
      </object_component>
      <object_component id="oc-e3">
         <name>.debug_abbrev</name>
         <load_address>0x10e</load_address>
         <run_address>0x10e</run_address>
         <size>0x114</size>
         <input_file_ref idref="fl-2"/>
      </object_component>
      <object_component id="oc-75">
         <name>.debug_abbrev</name>
         <load_address>0x222</load_address>
         <run_address>0x222</run_address>
         <size>0x69</size>
         <input_file_ref idref="fl-2"/>
      </object_component>
      <object_component id="oc-12d">
         <name>.debug_abbrev</name>
         <load_address>0x28b</load_address>
         <run_address>0x28b</run_address>
         <size>0x97</size>
         <input_file_ref idref="fl-2"/>
      </object_component>
      <object_component id="oc-137">
         <name>.debug_abbrev</name>
         <load_address>0x322</load_address>
         <run_address>0x322</run_address>
         <size>0xa6</size>
         <input_file_ref idref="fl-2"/>
      </object_component>
      <object_component id="oc-bb">
         <name>.debug_abbrev</name>
         <load_address>0x3c8</load_address>
         <run_address>0x3c8</run_address>
         <size>0x1f</size>
         <input_file_ref idref="fl-2"/>
      </object_component>
      <object_component id="oc-b6">
         <name>.debug_abbrev</name>
         <load_address>0x3e7</load_address>
         <run_address>0x3e7</run_address>
         <size>0x5c</size>
         <input_file_ref idref="fl-2"/>
      </object_component>
      <object_component id="oc-7a">
         <name>.debug_abbrev</name>
         <load_address>0x443</load_address>
         <run_address>0x443</run_address>
         <size>0x24</size>
         <input_file_ref idref="fl-2"/>
      </object_component>
      <object_component id="oc-132">
         <name>.debug_abbrev</name>
         <load_address>0x467</load_address>
         <run_address>0x467</run_address>
         <size>0x33</size>
         <input_file_ref idref="fl-2"/>
      </object_component>
      <object_component id="oc-e6">
         <name>.debug_abbrev</name>
         <load_address>0x49a</load_address>
         <run_address>0x49a</run_address>
         <size>0x44</size>
         <input_file_ref idref="fl-2"/>
      </object_component>
      <object_component id="oc-71">
         <name>.debug_abbrev</name>
         <load_address>0x4de</load_address>
         <run_address>0x4de</run_address>
         <size>0x7c</size>
         <input_file_ref idref="fl-3"/>
      </object_component>
      <object_component id="oc-2a">
         <name>.debug_abbrev</name>
         <load_address>0x55a</load_address>
         <run_address>0x55a</run_address>
         <size>0x29</size>
         <input_file_ref idref="fl-3"/>
      </object_component>
      <object_component id="oc-70">
         <name>.debug_abbrev</name>
         <load_address>0x583</load_address>
         <run_address>0x583</run_address>
         <size>0x89</size>
         <input_file_ref idref="fl-3"/>
      </object_component>
      <object_component id="oc-35">
         <name>.debug_abbrev</name>
         <load_address>0x60c</load_address>
         <run_address>0x60c</run_address>
         <size>0x1f</size>
         <input_file_ref idref="fl-3"/>
      </object_component>
      <object_component id="oc-127">
         <name>.debug_abbrev</name>
         <load_address>0x62b</load_address>
         <run_address>0x62b</run_address>
         <size>0x29</size>
         <input_file_ref idref="fl-4"/>
      </object_component>
      <object_component id="oc-b3">
         <name>.debug_abbrev</name>
         <load_address>0x654</load_address>
         <run_address>0x654</run_address>
         <size>0x5e</size>
         <input_file_ref idref="fl-4"/>
      </object_component>
      <object_component id="oc-140">
         <name>.debug_abbrev</name>
         <load_address>0x6b2</load_address>
         <run_address>0x6b2</run_address>
         <size>0x3c</size>
         <input_file_ref idref="fl-cb"/>
      </object_component>
      <object_component id="oc-141">
         <name>.debug_abbrev</name>
         <load_address>0x6ee</load_address>
         <run_address>0x6ee</run_address>
         <size>0x3e</size>
         <input_file_ref idref="fl-cc"/>
      </object_component>
      <object_component id="oc-13f">
         <name>.debug_abbrev</name>
         <load_address>0x72c</load_address>
         <run_address>0x72c</run_address>
         <size>0x3c</size>
         <input_file_ref idref="fl-cd"/>
      </object_component>
      <object_component id="oc-cc">
         <name>.debug_abbrev</name>
         <load_address>0x768</load_address>
         <run_address>0x768</run_address>
         <size>0x73</size>
         <input_file_ref idref="fl-ce"/>
      </object_component>
      <object_component id="oc-8b">
         <name>.debug_abbrev</name>
         <load_address>0x7db</load_address>
         <run_address>0x7db</run_address>
         <size>0x6f</size>
         <input_file_ref idref="fl-ce"/>
      </object_component>
      <object_component id="oc-8e">
         <name>.debug_abbrev</name>
         <load_address>0x84a</load_address>
         <run_address>0x84a</run_address>
         <size>0x24</size>
         <input_file_ref idref="fl-ce"/>
      </object_component>
      <object_component id="oc-c9">
         <name>.debug_abbrev</name>
         <load_address>0x86e</load_address>
         <run_address>0x86e</run_address>
         <size>0x24</size>
         <input_file_ref idref="fl-ce"/>
      </object_component>
      <object_component id="oc-89">
         <name>.debug_abbrev</name>
         <load_address>0x892</load_address>
         <run_address>0x892</run_address>
         <size>0x37</size>
         <input_file_ref idref="fl-cf"/>
      </object_component>
      <object_component id="oc-3d">
         <name>.debug_abbrev</name>
         <load_address>0x8c9</load_address>
         <run_address>0x8c9</run_address>
         <size>0x74</size>
         <input_file_ref idref="fl-cf"/>
      </object_component>
      <object_component id="oc-40">
         <name>.debug_abbrev</name>
         <load_address>0x93d</load_address>
         <run_address>0x93d</run_address>
         <size>0x24</size>
         <input_file_ref idref="fl-cf"/>
      </object_component>
      <object_component id="oc-86">
         <name>.debug_abbrev</name>
         <load_address>0x961</load_address>
         <run_address>0x961</run_address>
         <size>0x24</size>
         <input_file_ref idref="fl-cf"/>
      </object_component>
      <object_component id="oc-c5">
         <name>.debug_abbrev</name>
         <load_address>0x985</load_address>
         <run_address>0x985</run_address>
         <size>0x37</size>
         <input_file_ref idref="fl-d0"/>
      </object_component>
      <object_component id="oc-2d">
         <name>.debug_abbrev</name>
         <load_address>0x9bc</load_address>
         <run_address>0x9bc</run_address>
         <size>0x6f</size>
         <input_file_ref idref="fl-d0"/>
      </object_component>
      <object_component id="oc-30">
         <name>.debug_abbrev</name>
         <load_address>0xa2b</load_address>
         <run_address>0xa2b</run_address>
         <size>0x24</size>
         <input_file_ref idref="fl-d0"/>
      </object_component>
      <object_component id="oc-c2">
         <name>.debug_abbrev</name>
         <load_address>0xa4f</load_address>
         <run_address>0xa4f</run_address>
         <size>0x35</size>
         <input_file_ref idref="fl-d0"/>
      </object_component>
      <object_component id="oc-7f">
         <name>.debug_abbrev</name>
         <load_address>0xa84</load_address>
         <run_address>0xa84</run_address>
         <size>0x24</size>
         <input_file_ref idref="fl-d0"/>
      </object_component>
      <object_component id="oc-68">
         <name>.debug_abbrev</name>
         <load_address>0xaa8</load_address>
         <run_address>0xaa8</run_address>
         <size>0x29</size>
         <input_file_ref idref="fl-d1"/>
      </object_component>
      <object_component id="oc-a7">
         <name>.debug_abbrev</name>
         <load_address>0xad1</load_address>
         <run_address>0xad1</run_address>
         <size>0x61</size>
         <input_file_ref idref="fl-d1"/>
      </object_component>
      <object_component id="oc-143">
         <name>.debug_abbrev</name>
         <load_address>0xb32</load_address>
         <run_address>0xb32</run_address>
         <size>0x45</size>
         <input_file_ref idref="fl-d2"/>
      </object_component>
      <object_component id="oc-83">
         <name>.debug_abbrev</name>
         <load_address>0xb77</load_address>
         <run_address>0xb77</run_address>
         <size>0x3e</size>
         <input_file_ref idref="fl-d7"/>
      </object_component>
      <object_component id="oc-172">
         <name>.debug_abbrev</name>
         <load_address>0xbb5</load_address>
         <run_address>0xbb5</run_address>
         <size>0xdb</size>
         <input_file_ref idref="fl-d8"/>
      </object_component>
      <object_component id="oc-14d">
         <name>.debug_abbrev</name>
         <load_address>0xc90</load_address>
         <run_address>0xc90</run_address>
         <size>0x7e</size>
         <input_file_ref idref="fl-d8"/>
      </object_component>
      <object_component id="oc-176">
         <name>.debug_abbrev</name>
         <load_address>0xd0e</load_address>
         <run_address>0xd0e</run_address>
         <size>0x24</size>
         <input_file_ref idref="fl-d8"/>
      </object_component>
      <object_component id="oc-18a">
         <name>.debug_abbrev</name>
         <load_address>0xd32</load_address>
         <run_address>0xd32</run_address>
         <size>0x24</size>
         <input_file_ref idref="fl-d8"/>
      </object_component>
      <object_component id="oc-17b">
         <name>.debug_abbrev</name>
         <load_address>0xd56</load_address>
         <run_address>0xd56</run_address>
         <size>0x24</size>
         <input_file_ref idref="fl-d8"/>
      </object_component>
      <object_component id="oc-180">
         <name>.debug_abbrev</name>
         <load_address>0xd7a</load_address>
         <run_address>0xd7a</run_address>
         <size>0x4b</size>
         <input_file_ref idref="fl-d8"/>
      </object_component>
      <object_component id="oc-cf">
         <name>.debug_abbrev</name>
         <load_address>0xdc5</load_address>
         <run_address>0xdc5</run_address>
         <size>0x55</size>
         <input_file_ref idref="fl-d9"/>
      </object_component>
      <object_component id="oc-1c1">
         <name>.debug_abbrev</name>
         <load_address>0xe1a</load_address>
         <run_address>0xe1a</run_address>
         <size>0xf</size>
      </object_component>
      <object_component id="oc-77">
         <name>.debug_str</name>
         <load_address>0x0</load_address>
         <run_address>0x0</run_address>
         <size>0x2b5</size>
         <input_file_ref idref="fl-2"/>
      </object_component>
      <object_component id="oc-12f">
         <name>.debug_str</name>
         <load_address>0x2b5</load_address>
         <run_address>0x2b5</run_address>
         <size>0x48a</size>
         <input_file_ref idref="fl-2"/>
      </object_component>
      <object_component id="oc-139">
         <name>.debug_str</name>
         <load_address>0x73f</load_address>
         <run_address>0x73f</run_address>
         <size>0x1c9</size>
         <input_file_ref idref="fl-2"/>
      </object_component>
      <object_component id="oc-bd">
         <name>.debug_str</name>
         <load_address>0x908</load_address>
         <run_address>0x908</run_address>
         <size>0xfa</size>
         <input_file_ref idref="fl-2"/>
      </object_component>
      <object_component id="oc-b8">
         <name>.debug_str</name>
         <load_address>0xa02</load_address>
         <run_address>0xa02</run_address>
         <size>0x344</size>
         <input_file_ref idref="fl-2"/>
      </object_component>
      <object_component id="oc-7c">
         <name>.debug_str</name>
         <load_address>0xd46</load_address>
         <run_address>0xd46</run_address>
         <size>0x14d</size>
         <input_file_ref idref="fl-2"/>
      </object_component>
      <object_component id="oc-134">
         <name>.debug_str</name>
         <load_address>0xe93</load_address>
         <run_address>0xe93</run_address>
         <size>0xf9</size>
         <input_file_ref idref="fl-2"/>
      </object_component>
      <object_component id="oc-e8">
         <name>.debug_str</name>
         <load_address>0xf8c</load_address>
         <run_address>0xf8c</run_address>
         <size>0xbd</size>
         <input_file_ref idref="fl-2"/>
      </object_component>
      <object_component id="oc-37">
         <name>.debug_str</name>
         <load_address>0x1049</load_address>
         <run_address>0x1049</run_address>
         <size>0xfa</size>
         <input_file_ref idref="fl-3"/>
      </object_component>
      <object_component id="oc-90">
         <name>.debug_str</name>
         <load_address>0x1143</load_address>
         <run_address>0x1143</run_address>
         <size>0xfa</size>
         <input_file_ref idref="fl-ce"/>
      </object_component>
      <object_component id="oc-cb">
         <name>.debug_str</name>
         <load_address>0x123d</load_address>
         <run_address>0x123d</run_address>
         <size>0x12d</size>
         <input_file_ref idref="fl-ce"/>
      </object_component>
      <object_component id="oc-42">
         <name>.debug_str</name>
         <load_address>0x136a</load_address>
         <run_address>0x136a</run_address>
         <size>0x100</size>
         <input_file_ref idref="fl-cf"/>
      </object_component>
      <object_component id="oc-88">
         <name>.debug_str</name>
         <load_address>0x146a</load_address>
         <run_address>0x146a</run_address>
         <size>0x12d</size>
         <input_file_ref idref="fl-cf"/>
      </object_component>
      <object_component id="oc-32">
         <name>.debug_str</name>
         <load_address>0x1597</load_address>
         <run_address>0x1597</run_address>
         <size>0x10d</size>
         <input_file_ref idref="fl-d0"/>
      </object_component>
      <object_component id="oc-c4">
         <name>.debug_str</name>
         <load_address>0x16a4</load_address>
         <run_address>0x16a4</run_address>
         <size>0x158</size>
         <input_file_ref idref="fl-d0"/>
      </object_component>
      <object_component id="oc-81">
         <name>.debug_str</name>
         <load_address>0x17fc</load_address>
         <run_address>0x17fc</run_address>
         <size>0x145</size>
         <input_file_ref idref="fl-d0"/>
      </object_component>
      <object_component id="oc-178">
         <name>.debug_str</name>
         <load_address>0x1941</load_address>
         <run_address>0x1941</run_address>
         <size>0xe2</size>
         <input_file_ref idref="fl-d8"/>
      </object_component>
      <object_component id="oc-18c">
         <name>.debug_str</name>
         <load_address>0x1a23</load_address>
         <run_address>0x1a23</run_address>
         <size>0x144</size>
         <input_file_ref idref="fl-d8"/>
      </object_component>
      <object_component id="oc-17d">
         <name>.debug_str</name>
         <load_address>0x1b67</load_address>
         <run_address>0x1b67</run_address>
         <size>0x13d</size>
         <input_file_ref idref="fl-d8"/>
      </object_component>
      <object_component id="oc-182">
         <name>.debug_str</name>
         <load_address>0x1ca4</load_address>
         <run_address>0x1ca4</run_address>
         <size>0x184</size>
         <input_file_ref idref="fl-d8"/>
      </object_component>
      <object_component id="oc-a0">
         <name>.debug_aranges</name>
         <load_address>0x0</load_address>
         <run_address>0x0</run_address>
         <size>0x58</size>
         <input_file_ref idref="fl-2"/>
      </object_component>
      <object_component id="oc-28">
         <name>.debug_aranges</name>
         <load_address>0x58</load_address>
         <run_address>0x58</run_address>
         <size>0x28</size>
         <input_file_ref idref="fl-3"/>
      </object_component>
      <object_component id="oc-6c">
         <name>.debug_aranges</name>
         <load_address>0x80</load_address>
         <run_address>0x80</run_address>
         <size>0x28</size>
         <input_file_ref idref="fl-4"/>
      </object_component>
      <object_component id="oc-db">
         <name>.debug_aranges</name>
         <load_address>0xa8</load_address>
         <run_address>0xa8</run_address>
         <size>0x20</size>
         <input_file_ref idref="fl-cb"/>
      </object_component>
      <object_component id="oc-e0">
         <name>.debug_aranges</name>
         <load_address>0xc8</load_address>
         <run_address>0xc8</run_address>
         <size>0x20</size>
         <input_file_ref idref="fl-cc"/>
      </object_component>
      <object_component id="oc-d4">
         <name>.debug_aranges</name>
         <load_address>0xe8</load_address>
         <run_address>0xe8</run_address>
         <size>0x20</size>
         <input_file_ref idref="fl-cd"/>
      </object_component>
      <object_component id="oc-45">
         <name>.debug_aranges</name>
         <load_address>0x108</load_address>
         <run_address>0x108</run_address>
         <size>0x20</size>
         <input_file_ref idref="fl-ce"/>
      </object_component>
      <object_component id="oc-1a">
         <name>.debug_aranges</name>
         <load_address>0x128</load_address>
         <run_address>0x128</run_address>
         <size>0x20</size>
         <input_file_ref idref="fl-cf"/>
      </object_component>
      <object_component id="oc-14">
         <name>.debug_aranges</name>
         <load_address>0x148</load_address>
         <run_address>0x148</run_address>
         <size>0x20</size>
         <input_file_ref idref="fl-d0"/>
      </object_component>
      <object_component id="oc-58">
         <name>.debug_aranges</name>
         <load_address>0x168</load_address>
         <run_address>0x168</run_address>
         <size>0x20</size>
         <input_file_ref idref="fl-d1"/>
      </object_component>
      <object_component id="oc-ec">
         <name>.debug_aranges</name>
         <load_address>0x188</load_address>
         <run_address>0x188</run_address>
         <size>0x20</size>
         <input_file_ref idref="fl-d2"/>
      </object_component>
      <object_component id="oc-39">
         <name>.debug_aranges</name>
         <load_address>0x1a8</load_address>
         <run_address>0x1a8</run_address>
         <size>0x20</size>
         <input_file_ref idref="fl-d7"/>
      </object_component>
      <object_component id="oc-f8">
         <name>.debug_aranges</name>
         <load_address>0x1c8</load_address>
         <run_address>0x1c8</run_address>
         <size>0x20</size>
         <input_file_ref idref="fl-d8"/>
      </object_component>
      <object_component id="oc-9b">
         <name>.debug_aranges</name>
         <load_address>0x1e8</load_address>
         <run_address>0x1e8</run_address>
         <size>0x20</size>
         <input_file_ref idref="fl-d9"/>
      </object_component>
      <object_component id="oc-bf">
         <name>.debug_pubnames</name>
         <load_address>0x0</load_address>
         <run_address>0x0</run_address>
         <size>0x22</size>
         <input_file_ref idref="fl-2"/>
      </object_component>
      <object_component id="oc-a1">
         <name>.debug_pubnames</name>
         <load_address>0x22</load_address>
         <run_address>0x22</run_address>
         <size>0x82</size>
         <input_file_ref idref="fl-2"/>
      </object_component>
      <object_component id="oc-11">
         <name>.debug_pubnames</name>
         <load_address>0xa4</load_address>
         <run_address>0xa4</run_address>
         <size>0x27</size>
         <input_file_ref idref="fl-3"/>
      </object_component>
      <object_component id="oc-29">
         <name>.debug_pubnames</name>
         <load_address>0xcb</load_address>
         <run_address>0xcb</run_address>
         <size>0x38</size>
         <input_file_ref idref="fl-3"/>
      </object_component>
      <object_component id="oc-b2">
         <name>.debug_pubnames</name>
         <load_address>0x103</load_address>
         <run_address>0x103</run_address>
         <size>0x26</size>
         <input_file_ref idref="fl-4"/>
      </object_component>
      <object_component id="oc-6d">
         <name>.debug_pubnames</name>
         <load_address>0x129</load_address>
         <run_address>0x129</run_address>
         <size>0x3b</size>
         <input_file_ref idref="fl-4"/>
      </object_component>
      <object_component id="oc-da">
         <name>.debug_pubnames</name>
         <load_address>0x164</load_address>
         <run_address>0x164</run_address>
         <size>0x23</size>
         <input_file_ref idref="fl-cb"/>
      </object_component>
      <object_component id="oc-df">
         <name>.debug_pubnames</name>
         <load_address>0x187</load_address>
         <run_address>0x187</run_address>
         <size>0x22</size>
         <input_file_ref idref="fl-cc"/>
      </object_component>
      <object_component id="oc-d6">
         <name>.debug_pubnames</name>
         <load_address>0x1a9</load_address>
         <run_address>0x1a9</run_address>
         <size>0x22</size>
         <input_file_ref idref="fl-cd"/>
      </object_component>
      <object_component id="oc-48">
         <name>.debug_pubnames</name>
         <load_address>0x1cb</load_address>
         <run_address>0x1cb</run_address>
         <size>0x2e</size>
         <input_file_ref idref="fl-ce"/>
      </object_component>
      <object_component id="oc-1b">
         <name>.debug_pubnames</name>
         <load_address>0x1f9</load_address>
         <run_address>0x1f9</run_address>
         <size>0x2b</size>
         <input_file_ref idref="fl-cf"/>
      </object_component>
      <object_component id="oc-15">
         <name>.debug_pubnames</name>
         <load_address>0x224</load_address>
         <run_address>0x224</run_address>
         <size>0x2b</size>
         <input_file_ref idref="fl-d0"/>
      </object_component>
      <object_component id="oc-23">
         <name>.debug_pubnames</name>
         <load_address>0x24f</load_address>
         <run_address>0x24f</run_address>
         <size>0x1e</size>
         <input_file_ref idref="fl-d1"/>
      </object_component>
      <object_component id="oc-59">
         <name>.debug_pubnames</name>
         <load_address>0x26d</load_address>
         <run_address>0x26d</run_address>
         <size>0x26</size>
         <input_file_ref idref="fl-d1"/>
      </object_component>
      <object_component id="oc-eb">
         <name>.debug_pubnames</name>
         <load_address>0x293</load_address>
         <run_address>0x293</run_address>
         <size>0x1c</size>
         <input_file_ref idref="fl-d2"/>
      </object_component>
      <object_component id="oc-3c">
         <name>.debug_pubnames</name>
         <load_address>0x2af</load_address>
         <run_address>0x2af</run_address>
         <size>0x1d</size>
         <input_file_ref idref="fl-d7"/>
      </object_component>
      <object_component id="oc-fa">
         <name>.debug_pubnames</name>
         <load_address>0x2cc</load_address>
         <run_address>0x2cc</run_address>
         <size>0x35</size>
         <input_file_ref idref="fl-d8"/>
      </object_component>
      <object_component id="oc-9d">
         <name>.debug_pubnames</name>
         <load_address>0x301</load_address>
         <run_address>0x301</run_address>
         <size>0x27</size>
         <input_file_ref idref="fl-d9"/>
      </object_component>
      <object_component id="oc-74">
         <name>.debug_pubtypes</name>
         <load_address>0x0</load_address>
         <run_address>0x0</run_address>
         <size>0x25c</size>
         <input_file_ref idref="fl-2"/>
      </object_component>
      <object_component id="oc-12c">
         <name>.debug_pubtypes</name>
         <load_address>0x25c</load_address>
         <run_address>0x25c</run_address>
         <size>0xdd</size>
         <input_file_ref idref="fl-2"/>
      </object_component>
      <object_component id="oc-136">
         <name>.debug_pubtypes</name>
         <load_address>0x339</load_address>
         <run_address>0x339</run_address>
         <size>0x69</size>
         <input_file_ref idref="fl-2"/>
      </object_component>
      <object_component id="oc-ba">
         <name>.debug_pubtypes</name>
         <load_address>0x3a2</load_address>
         <run_address>0x3a2</run_address>
         <size>0xff</size>
         <input_file_ref idref="fl-2"/>
      </object_component>
      <object_component id="oc-b5">
         <name>.debug_pubtypes</name>
         <load_address>0x4a1</load_address>
         <run_address>0x4a1</run_address>
         <size>0x325</size>
         <input_file_ref idref="fl-2"/>
      </object_component>
      <object_component id="oc-79">
         <name>.debug_pubtypes</name>
         <load_address>0x7c6</load_address>
         <run_address>0x7c6</run_address>
         <size>0xaa</size>
         <input_file_ref idref="fl-2"/>
      </object_component>
      <object_component id="oc-131">
         <name>.debug_pubtypes</name>
         <load_address>0x870</load_address>
         <run_address>0x870</run_address>
         <size>0x1f</size>
         <input_file_ref idref="fl-2"/>
      </object_component>
      <object_component id="oc-e5">
         <name>.debug_pubtypes</name>
         <load_address>0x88f</load_address>
         <run_address>0x88f</run_address>
         <size>0x28</size>
         <input_file_ref idref="fl-2"/>
      </object_component>
      <object_component id="oc-34">
         <name>.debug_pubtypes</name>
         <load_address>0x8b7</load_address>
         <run_address>0x8b7</run_address>
         <size>0xed</size>
         <input_file_ref idref="fl-3"/>
      </object_component>
      <object_component id="oc-8d">
         <name>.debug_pubtypes</name>
         <load_address>0x9a4</load_address>
         <run_address>0x9a4</run_address>
         <size>0x48</size>
         <input_file_ref idref="fl-ce"/>
      </object_component>
      <object_component id="oc-c8">
         <name>.debug_pubtypes</name>
         <load_address>0x9ec</load_address>
         <run_address>0x9ec</run_address>
         <size>0x1d</size>
         <input_file_ref idref="fl-ce"/>
      </object_component>
      <object_component id="oc-3f">
         <name>.debug_pubtypes</name>
         <load_address>0xa09</load_address>
         <run_address>0xa09</run_address>
         <size>0x48</size>
         <input_file_ref idref="fl-cf"/>
      </object_component>
      <object_component id="oc-85">
         <name>.debug_pubtypes</name>
         <load_address>0xa51</load_address>
         <run_address>0xa51</run_address>
         <size>0x1d</size>
         <input_file_ref idref="fl-cf"/>
      </object_component>
      <object_component id="oc-2f">
         <name>.debug_pubtypes</name>
         <load_address>0xa6e</load_address>
         <run_address>0xa6e</run_address>
         <size>0x5d</size>
         <input_file_ref idref="fl-d0"/>
      </object_component>
      <object_component id="oc-c1">
         <name>.debug_pubtypes</name>
         <load_address>0xacb</load_address>
         <run_address>0xacb</run_address>
         <size>0x48</size>
         <input_file_ref idref="fl-d0"/>
      </object_component>
      <object_component id="oc-7e">
         <name>.debug_pubtypes</name>
         <load_address>0xb13</load_address>
         <run_address>0xb13</run_address>
         <size>0x35</size>
         <input_file_ref idref="fl-d0"/>
      </object_component>
      <object_component id="oc-175">
         <name>.debug_pubtypes</name>
         <load_address>0xb48</load_address>
         <run_address>0xb48</run_address>
         <size>0x32</size>
         <input_file_ref idref="fl-d8"/>
      </object_component>
      <object_component id="oc-189">
         <name>.debug_pubtypes</name>
         <load_address>0xb7a</load_address>
         <run_address>0xb7a</run_address>
         <size>0x30</size>
         <input_file_ref idref="fl-d8"/>
      </object_component>
      <object_component id="oc-17a">
         <name>.debug_pubtypes</name>
         <load_address>0xbaa</load_address>
         <run_address>0xbaa</run_address>
         <size>0x2c</size>
         <input_file_ref idref="fl-d8"/>
      </object_component>
      <object_component id="oc-17f">
         <name>.debug_pubtypes</name>
         <load_address>0xbd6</load_address>
         <run_address>0xbd6</run_address>
         <size>0x50</size>
         <input_file_ref idref="fl-d8"/>
      </object_component>
   </object_component_list>
   <logical_group_list>
      <logical_group id="lg-3" display="no" color="cyan">
         <name>.intvecs</name>
         <load_address>0x0</load_address>
         <run_address>0x0</run_address>
         <size>0x208</size>
         <contents>
            <object_component_ref idref="oc-f"/>
         </contents>
      </logical_group>
      <logical_group id="lg-4" display="no" color="cyan">
         <name>.text</name>
         <load_address>0x208</load_address>
         <run_address>0x208</run_address>
         <size>0xbde</size>
         <contents>
            <object_component_ref idref="oc-9e"/>
            <object_component_ref idref="oc-d0"/>
            <object_component_ref idref="oc-6a"/>
            <object_component_ref idref="oc-d8"/>
            <object_component_ref idref="oc-38"/>
            <object_component_ref idref="oc-d1"/>
            <object_component_ref idref="oc-dd"/>
            <object_component_ref idref="oc-12"/>
            <object_component_ref idref="oc-13b"/>
            <object_component_ref idref="oc-f5"/>
            <object_component_ref idref="oc-56"/>
            <object_component_ref idref="oc-d3"/>
            <object_component_ref idref="oc-e2"/>
            <object_component_ref idref="oc-13a"/>
            <object_component_ref idref="oc-44"/>
            <object_component_ref idref="oc-18"/>
            <object_component_ref idref="oc-24"/>
            <object_component_ref idref="oc-98"/>
            <object_component_ref idref="oc-e9"/>
         </contents>
      </logical_group>
      <logical_group id="lg-5" display="no" color="cyan">
         <name>.const</name>
         <load_address>0xde8</load_address>
         <run_address>0xde8</run_address>
         <size>0x258</size>
         <contents>
            <object_component_ref idref="oc-13d"/>
            <object_component_ref idref="oc-142"/>
            <object_component_ref idref="oc-163"/>
            <object_component_ref idref="oc-13c"/>
            <object_component_ref idref="oc-13e"/>
         </contents>
      </logical_group>
      <logical_group id="lg-6" display="no" color="cyan">
         <name>.cinit</name>
         <load_address>0x1040</load_address>
         <run_address>0x1040</run_address>
         <size>0x30</size>
         <contents>
            <object_component_ref idref="oc-1bb"/>
            <object_component_ref idref="oc-1be"/>
            <object_component_ref idref="oc-1bd"/>
            <object_component_ref idref="oc-1bc"/>
         </contents>
      </logical_group>
      <logical_group id="lg-7" display="no" color="cyan">
         <name>.pinit</name>
         <run_address>0x0</run_address>
         <size>0x0</size>
         <contents>
         </contents>
      </logical_group>
      <logical_group id="lg-8" display="no" color="cyan">
         <name>.init_array</name>
         <run_address>0x0</run_address>
         <size>0x0</size>
         <contents>
         </contents>
      </logical_group>
      <logical_group id="lg-9" display="no" color="cyan">
         <name>.vtable</name>
         <run_address>0x0</run_address>
         <size>0x0</size>
         <contents>
         </contents>
      </logical_group>
      <logical_group id="lg-a" display="no" color="cyan">
         <name>.data</name>
         <run_address>0x20000204</run_address>
         <size>0x4</size>
         <contents>
            <object_component_ref idref="oc-b0"/>
         </contents>
      </logical_group>
      <logical_group id="lg-b" display="no" color="cyan">
         <name>.bss</name>
         <run_address>0x20000200</run_address>
         <size>0x4</size>
         <contents>
            <object_component_ref idref="oc-d2"/>
         </contents>
      </logical_group>
      <logical_group id="lg-c" display="no" color="cyan">
         <name>.sysmem</name>
         <run_address>0x0</run_address>
         <size>0x0</size>
         <contents>
         </contents>
      </logical_group>
      <logical_group id="lg-d" display="no" color="cyan">
         <name>.stack</name>
         <run_address>0x20000000</run_address>
         <size>0x200</size>
         <contents>
            <object_component_ref idref="oc-21"/>
            <object_component_ref idref="oc-1bf"/>
         </contents>
      </logical_group>
      <logical_group id="lg-194" display="no" color="cyan">
         <name>.TI.noinit</name>
         <run_address>0x0</run_address>
         <size>0x0</size>
         <contents>
         </contents>
      </logical_group>
      <logical_group id="lg-195" display="no" color="cyan">
         <name>.TI.persistent</name>
         <run_address>0x0</run_address>
         <size>0x0</size>
         <contents>
         </contents>
      </logical_group>
      <logical_group id="lg-1a3" display="never" color="cyan">
         <name>.debug_info</name>
         <load_address>0x0</load_address>
         <run_address>0x0</run_address>
         <size>0x53c0</size>
         <contents>
            <object_component_ref idref="oc-be"/>
            <object_component_ref idref="oc-9f"/>
            <object_component_ref idref="oc-73"/>
            <object_component_ref idref="oc-12b"/>
            <object_component_ref idref="oc-135"/>
            <object_component_ref idref="oc-b9"/>
            <object_component_ref idref="oc-b4"/>
            <object_component_ref idref="oc-78"/>
            <object_component_ref idref="oc-130"/>
            <object_component_ref idref="oc-e4"/>
            <object_component_ref idref="oc-2c"/>
            <object_component_ref idref="oc-10"/>
            <object_component_ref idref="oc-27"/>
            <object_component_ref idref="oc-33"/>
            <object_component_ref idref="oc-b1"/>
            <object_component_ref idref="oc-6b"/>
            <object_component_ref idref="oc-d9"/>
            <object_component_ref idref="oc-de"/>
            <object_component_ref idref="oc-d5"/>
            <object_component_ref idref="oc-91"/>
            <object_component_ref idref="oc-47"/>
            <object_component_ref idref="oc-8c"/>
            <object_component_ref idref="oc-c7"/>
            <object_component_ref idref="oc-43"/>
            <object_component_ref idref="oc-19"/>
            <object_component_ref idref="oc-3e"/>
            <object_component_ref idref="oc-84"/>
            <object_component_ref idref="oc-82"/>
            <object_component_ref idref="oc-13"/>
            <object_component_ref idref="oc-2e"/>
            <object_component_ref idref="oc-c0"/>
            <object_component_ref idref="oc-7d"/>
            <object_component_ref idref="oc-22"/>
            <object_component_ref idref="oc-57"/>
            <object_component_ref idref="oc-ea"/>
            <object_component_ref idref="oc-3b"/>
            <object_component_ref idref="oc-14e"/>
            <object_component_ref idref="oc-f9"/>
            <object_component_ref idref="oc-174"/>
            <object_component_ref idref="oc-188"/>
            <object_component_ref idref="oc-179"/>
            <object_component_ref idref="oc-17e"/>
            <object_component_ref idref="oc-9c"/>
            <object_component_ref idref="oc-1c0"/>
         </contents>
      </logical_group>
      <logical_group id="lg-1a5" display="never" color="cyan">
         <name>.debug_line</name>
         <load_address>0x0</load_address>
         <run_address>0x0</run_address>
         <size>0x126e</size>
         <contents>
            <object_component_ref idref="oc-12a"/>
            <object_component_ref idref="oc-a2"/>
            <object_component_ref idref="oc-76"/>
            <object_component_ref idref="oc-12e"/>
            <object_component_ref idref="oc-138"/>
            <object_component_ref idref="oc-bc"/>
            <object_component_ref idref="oc-b7"/>
            <object_component_ref idref="oc-7b"/>
            <object_component_ref idref="oc-133"/>
            <object_component_ref idref="oc-e7"/>
            <object_component_ref idref="oc-72"/>
            <object_component_ref idref="oc-2b"/>
            <object_component_ref idref="oc-25"/>
            <object_component_ref idref="oc-36"/>
            <object_component_ref idref="oc-128"/>
            <object_component_ref idref="oc-6f"/>
            <object_component_ref idref="oc-dc"/>
            <object_component_ref idref="oc-e1"/>
            <object_component_ref idref="oc-d7"/>
            <object_component_ref idref="oc-cd"/>
            <object_component_ref idref="oc-49"/>
            <object_component_ref idref="oc-8f"/>
            <object_component_ref idref="oc-ca"/>
            <object_component_ref idref="oc-8a"/>
            <object_component_ref idref="oc-1c"/>
            <object_component_ref idref="oc-41"/>
            <object_component_ref idref="oc-87"/>
            <object_component_ref idref="oc-c6"/>
            <object_component_ref idref="oc-17"/>
            <object_component_ref idref="oc-31"/>
            <object_component_ref idref="oc-c3"/>
            <object_component_ref idref="oc-80"/>
            <object_component_ref idref="oc-69"/>
            <object_component_ref idref="oc-5a"/>
            <object_component_ref idref="oc-ed"/>
            <object_component_ref idref="oc-3a"/>
            <object_component_ref idref="oc-173"/>
            <object_component_ref idref="oc-f6"/>
            <object_component_ref idref="oc-177"/>
            <object_component_ref idref="oc-18b"/>
            <object_component_ref idref="oc-17c"/>
            <object_component_ref idref="oc-181"/>
            <object_component_ref idref="oc-9a"/>
         </contents>
      </logical_group>
      <logical_group id="lg-1a7" display="never" color="cyan">
         <name>.debug_frame</name>
         <load_address>0x0</load_address>
         <run_address>0x0</run_address>
         <size>0x45c</size>
         <contents>
            <object_component_ref idref="oc-a3"/>
            <object_component_ref idref="oc-26"/>
            <object_component_ref idref="oc-6e"/>
            <object_component_ref idref="oc-46"/>
            <object_component_ref idref="oc-1d"/>
            <object_component_ref idref="oc-16"/>
            <object_component_ref idref="oc-5b"/>
            <object_component_ref idref="oc-ee"/>
            <object_component_ref idref="oc-f7"/>
            <object_component_ref idref="oc-99"/>
         </contents>
      </logical_group>
      <logical_group id="lg-1a9" display="never" color="cyan">
         <name>.debug_abbrev</name>
         <load_address>0x0</load_address>
         <run_address>0x0</run_address>
         <size>0xe29</size>
         <contents>
            <object_component_ref idref="oc-129"/>
            <object_component_ref idref="oc-e3"/>
            <object_component_ref idref="oc-75"/>
            <object_component_ref idref="oc-12d"/>
            <object_component_ref idref="oc-137"/>
            <object_component_ref idref="oc-bb"/>
[...]
            <run_address>0x20000204</run_address>
            <run_size>0x4</run_size>
            <compression>lzss</compression>
         </cprec>
      </cptbl>
   </cptbl_list>
   <handler_table>
      <handler_table_name>__TI_handler_table</handler_table_name>
      <handler>
         <index>0x0</index>
         <name>__TI_decompress_lzss</name>
      </handler>
      <handler>
         <index>0x1</index>
         <name>__TI_decompress_none</name>
      </handler>
      <handler>
         <index>0x2</index>
         <name>__TI_zero_init</name>
      </handler>
   </handler_table>
   <symbol_table>
      <symbol id="sm-1">
         <name>__STACK_TOP</name>
         <value>0x20000200</value>
      </symbol>
      <symbol id="sm-2">
         <name>__TI_CINIT_Base</name>
         <value>0x1060</value>
      </symbol>
      <symbol id="sm-3">
         <name>__TI_CINIT_Limit</name>
         <value>0x1070</value>
      </symbol>
      <symbol id="sm-4">
         <name>__TI_Handler_Table_Base</name>
         <value>0x1040</value>
      </symbol>
      <symbol id="sm-5">
         <name>__TI_Handler_Table_Limit</name>
         <value>0x104c</value>
      </symbol>
      <symbol id="sm-6">
         <name>binit</name>
         <value>0xffffffff</value>
      </symbol>
      <symbol id="sm-7">
         <name>__binit__</name>
         <value>0xffffffff</value>
      </symbol>
      <symbol id="sm-8">
         <name>__STACK_SIZE</name>
         <value>0x200</value>
      </symbol>
      <symbol id="sm-9">
         <name>__STACK_END</name>
         <value>0x20000200</value>
      </symbol>
      <symbol id="sm-a">
         <name>__c_args__</name>
         <value>0xffffffff</value>
      </symbol>
      <symbol id="sm-b">
         <name>__TI_pprof_out_hndl</name>
         <value>0xffffffff</value>
      </symbol>
      <symbol id="sm-c">
         <name>__TI_prof_data_start</name>
         <value>0xffffffff</value>
      </symbol>
      <symbol id="sm-d">
         <name>__TI_prof_data_size</name>
         <value>0xffffffff</value>
      </symbol>
      <symbol id="sm-98">
         <name>systemClock</name>
         <value>0x20000200</value>
      </symbol>
      <symbol id="sm-99">
         <name>auxADCSetup</name>
         <value>0x3f1</value>
         <object_component_ref idref="oc-9e"/>
      </symbol>
      <symbol id="sm-9a">
         <name>ignitPoll</name>
         <value>0x3b9</value>
         <object_component_ref idref="oc-9e"/>
      </symbol>
      <symbol id="sm-9b">
         <name>UART7Setup</name>
         <value>0x5a1</value>
         <object_component_ref idref="oc-9e"/>
      </symbol>
      <symbol id="sm-9c">
         <name>main</name>
         <value>0x209</value>
         <object_component_ref idref="oc-9e"/>
      </symbol>
      <symbol id="sm-9d">
         <name>UARTSend</name>
         <value>0x22f</value>
         <object_component_ref idref="oc-9e"/>
      </symbol>
      <symbol id="sm-9e">
         <name>auxADCSend</name>
         <value>0x481</value>
         <object_component_ref idref="oc-9e"/>
      </symbol>
      <symbol id="sm-9f">
         <name>switchesSetup</name>
         <value>0x25d</value>
         <object_component_ref idref="oc-9e"/>
      </symbol>
      <symbol id="sm-a0">
         <name>accPoll</name>
         <value>0x381</value>
         <object_component_ref idref="oc-9e"/>
      </symbol>
      <symbol id="sm-ba">
         <name>Reset_Handler</name>
         <value>0xdd1</value>
         <object_component_ref idref="oc-24"/>
      </symbol>
      <symbol id="sm-bb">
         <name>Default_Handler</name>
         <value>0xddd</value>
         <object_component_ref idref="oc-24"/>
      </symbol>
      <symbol id="sm-bc">
         <name>interruptVectors</name>
         <value>0x0</value>
         <object_component_ref idref="oc-f"/>
      </symbol>
      <symbol id="sm-d9">
         <name>SystemInit</name>
         <value>0x947</value>
         <object_component_ref idref="oc-6a"/>
      </symbol>
      <symbol id="sm-da">
         <name>SystemCoreClockUpdate</name>
         <value>0x859</value>
         <object_component_ref idref="oc-6a"/>
      </symbol>
      <symbol id="sm-db">
         <name>SystemCoreClock</name>
         <value>0x20000204</value>
         <object_component_ref idref="oc-b0"/>
      </symbol>
      <symbol id="sm-e2">
         <name>ADCSequenceStepConfigure</name>
         <value>0xb0d</value>
         <object_component_ref idref="oc-d1"/>
      </symbol>
      <symbol id="sm-eb">
         <name>GPIOPinConfigure</name>
         <value>0xd65</value>
         <object_component_ref idref="oc-e2"/>
      </symbol>
      <symbol id="sm-127">
         <name>SysCtlClockFreqSet</name>
         <value>0x669</value>
         <object_component_ref idref="oc-d0"/>
      </symbol>
      <symbol id="sm-134">
         <name>__aeabi_dmul</name>
         <value>0x975</value>
         <object_component_ref idref="oc-d8"/>
      </symbol>
      <symbol id="sm-140">
         <name>__aeabi_d2f</name>
         <value>0xb91</value>
         <object_component_ref idref="oc-dd"/>
      </symbol>
      <symbol id="sm-14b">
         <name>__aeabi_f2d</name>
         <value>0xd2d</value>
         <object_component_ref idref="oc-d3"/>
      </symbol>
      <symbol id="sm-164">
         <name>__TI_zero_init_nomemset</name>
         <value>0xdb1</value>
         <object_component_ref idref="oc-44"/>
      </symbol>
      <symbol id="sm-17b">
         <name>__TI_decompress_none</name>
         <value>0xdc3</value>
         <object_component_ref idref="oc-18"/>
      </symbol>
      <symbol id="sm-19e">
         <name>__TI_decompress_lzss</name>
         <value>0xbff</value>
         <object_component_ref idref="oc-12"/>
      </symbol>
      <symbol id="sm-1b1">
         <name>__stack</name>
         <value>0x20000000</value>
         <object_component_ref idref="oc-21"/>
      </symbol>
      <symbol id="sm-1b2">
         <name>_c_int00_noargs</name>
         <value>0xcf5</value>
         <object_component_ref idref="oc-56"/>
      </symbol>
      <symbol id="sm-1bd">
         <name>C$$EXIT</name>
         <value>0xde3</value>
         <object_component_ref idref="oc-e9"/>
      </symbol>
      <symbol id="sm-1be">
         <name>abort</name>
         <value>0xde3</value>
         <object_component_ref idref="oc-e9"/>
      </symbol>
      <symbol id="sm-1dd">
         <name>memcpy</name>
         <value>0xa71</value>
         <object_component_ref idref="oc-38"/>
      </symbol>
      <symbol id="sm-1de">
         <name>__aeabi_memcpy</name>
         <value>0xa71</value>
         <object_component_ref idref="oc-38"/>
      </symbol>
      <symbol id="sm-1df">
         <name>__aeabi_memcpy8</name>
         <value>0xa71</value>
         <object_component_ref idref="oc-38"/>
      </symbol>
      <symbol id="sm-1e0">
         <name>__aeabi_memcpy4</name>
         <value>0xa71</value>
         <object_component_ref idref="oc-38"/>
      </symbol>
      <symbol id="sm-208">
         <name>__TI_auto_init_nobinit_nopinit</name>
         <value>0xcb1</value>
         <object_component_ref idref="oc-f5"/>
      </symbol>
      <symbol id="sm-212">
         <name>_system_pre_init</name>
         <value>0xddf</value>
         <object_component_ref idref="oc-98"/>
      </symbol>
      <symbol id="sm-214">
         <name>__TI_static_base__</name>
         <value>0x0</value>
      </symbol>
      <symbol id="sm-217">
         <name>__mpu_init</name>
         <value>0x0</value>
      </symbol>
      <symbol id="sm-218">
         <name>_system_post_cinit</name>
         <value>0x0</value>
      </symbol>
      <symbol id="sm-219">
         <name>NMI_Handler</name>
         <value>0xddd</value>
      </symbol>
      <symbol id="sm-21a">
         <name>HardFault_Handler</name>
         <value>0xddd</value>
      </symbol>
      <symbol id="sm-21b">
         <name>MemManage_Handler</name>
         <value>0xddd</value>
      </symbol>
      <symbol id="sm-21c">
         <name>BusFault_Handler</name>
         <value>0xddd</value>
      </symbol>
      <symbol id="sm-21d">
         <name>UsageFault_Handler</name>
         <value>0xddd</value>
      </symbol>
      <symbol id="sm-21e">
         <name>SVC_Handler</name>
         <value>0xddd</value>
      </symbol>
      <symbol id="sm-21f">
         <name>DebugMon_Handler</name>
         <value>0xddd</value>
      </symbol>
      <symbol id="sm-220">
         <name>PendSV_Handler</name>
         <value>0xddd</value>
      </symbol>
      <symbol id="sm-221">
         <name>SysTick_Handler</name>
         <value>0xddd</value>
      </symbol>
      <symbol id="sm-222">
         <name>GPIOA_IRQHandler</name>
         <value>0xddd</value>
      </symbol>
      <symbol id="sm-223">
         <name>GPIOB_IRQHandler</name>
         <value>0xddd</value>
      </symbol>
      <symbol id="sm-224">
         <name>GPIOC_IRQHandler</name>
         <value>0xddd</value>
      </symbol>
      <symbol id="sm-225">
         <name>GPIOD_IRQHandler</name>
         <value>0xddd</value>
      </symbol>
      <symbol id="sm-226">
         <name>GPIOE_IRQHandler</name>
         <value>0xddd</value>
      </symbol>
      <symbol id="sm-227">
         <name>UART0_IRQHandler</name>
         <value>0xddd</value>
      </symbol>
      <symbol id="sm-228">
         <name>UART1_IRQHandler</name>
         <value>0xddd</value>
      </symbol>
      <symbol id="sm-229">
         <name>SSI0_IRQHandler</name>
         <value>0xddd</value>
      </symbol>
      <symbol id="sm-22a">
         <name>I2C0_IRQHandler</name>
         <value>0xddd</value>
      </symbol>
      <symbol id="sm-22b">
         <name>PWM0_FAULT_IRQHandler</name>
         <value>0xddd</value>
      </symbol>
      <symbol id="sm-22c">
         <name>PWM0_0_IRQHandler</name>
         <value>0xddd</value>
      </symbol>
      <symbol id="sm-22d">
         <name>PWM0_1_IRQHandler</name>
         <value>0xddd</value>
      </symbol>
      <symbol id="sm-22e">
         <name>PWM0_2_IRQHandler</name>
         <value>0xddd</value>
      </symbol>
      <symbol id="sm-22f">
         <name>QEI0_IRQHandler</name>
         <value>0xddd</value>
      </symbol>
      <symbol id="sm-230">
         <name>ADC0SS0_IRQHandler</name>
         <value>0xddd</value>
      </symbol>
      <symbol id="sm-231">
         <name>ADC0SS1_IRQHandler</name>
         <value>0xddd</value>
      </symbol>
      <symbol id="sm-232">
         <name>ADC0SS2_IRQHandler</name>
         <value>0xddd</value>
      </symbol>
      <symbol id="sm-233">
         <name>ADC0SS3_IRQHandler</name>
         <value>0xddd</value>
      </symbol>
      <symbol id="sm-234">
         <name>WATCHDOG_IRQHandler</name>
         <value>0xddd</value>
      </symbol>
      <symbol id="sm-235">
         <name>TIMER0A_IRQHandler</name>
         <value>0xddd</value>
      </symbol>
      <symbol id="sm-236">
         <name>TIMER0B_IRQHandler</name>
         <value>0xddd</value>
      </symbol>
      <symbol id="sm-237">
         <name>TIMER1A_IRQHandler</name>
         <value>0xddd</value>
      </symbol>
      <symbol id="sm-238">
         <name>TIMER1B_IRQHandler</name>
         <value>0xddd</value>
      </symbol>
      <symbol id="sm-239">
         <name>TIMER2A_IRQHandler</name>
         <value>0xddd</value>
      </symbol>
      <symbol id="sm-23a">
         <name>TIMER2B_IRQHandler</name>
         <value>0xddd</value>
      </symbol>
      <symbol id="sm-23b">
         <name>COMP0_IRQHandler</name>
         <value>0xddd</value>
      </symbol>
      <symbol id="sm-23c">
         <name>COMP1_IRQHandler</name>
         <value>0xddd</value>
      </symbol>
      <symbol id="sm-23d">
         <name>COMP2_IRQHandler</name>
         <value>0xddd</value>
      </symbol>
      <symbol id="sm-23e">
         <name>SYSCTL_IRQHandler</name>
         <value>0xddd</value>
      </symbol>
      <symbol id="sm-23f">
         <name>FLASH_IRQHandler</name>
         <value>0xddd</value>
      </symbol>
      <symbol id="sm-240">
         <name>GPIOF_IRQHandler</name>
         <value>0xddd</value>
      </symbol>
      <symbol id="sm-241">
         <name>GPIOG_IRQHandler</name>
         <value>0xddd</value>
      </symbol>
      <symbol id="sm-242">
         <name>GPIOH_IRQHandler</name>
         <value>0xddd</value>
      </symbol>
      <symbol id="sm-243">
         <name>UART2_IRQHandler</name>
         <value>0xddd</value>
      </symbol>
      <symbol id="sm-244">
         <name>SSI1_IRQHandler</name>
         <value>0xddd</value>
      </symbol>
      <symbol id="sm-245">
         <name>TIMER3A_IRQHandler</name>
         <value>0xddd</value>
      </symbol>
      <symbol id="sm-246">
         <name>TIMER3B_IRQHandler</name>
         <value>0xddd</value>
      </symbol>
      <symbol id="sm-247">
         <name>I2C1_IRQHandler</name>
         <value>0xddd</value>
      </symbol>
      <symbol id="sm-248">
         <name>CAN0_IRQHandler</name>
         <value>0xddd</value>
      </symbol>
      <symbol id="sm-249">
         <name>CAN1_IRQHandler</name>
         <value>0xddd</value>
      </symbol>
      <symbol id="sm-24a">
         <name>EMAC0_IRQHandler</name>
         <value>0xddd</value>
      </symbol>
      <symbol id="sm-24b">
         <name>HIBERNATE_IRQHandler</name>
         <value>0xddd</value>
      </symbol>
      <symbol id="sm-24c">
         <name>USB0_IRQHandler</name>
         <value>0xddd</value>
      </symbol>
      <symbol id="sm-24d">
         <name>PWM0_3_IRQHandler</name>
         <value>0xddd</value>
      </symbol>
      <symbol id="sm-24e">
         <name>UDMA_IRQHandler</name>
         <value>0xddd</value>
      </symbol>
      <symbol id="sm-24f">
         <name>UDMAERR_IRQHandler</name>
         <value>0xddd</value>
      </symbol>
      <symbol id="sm-250">
         <name>ADC1SS0_IRQHandler</name>
         <value>0xddd</value>
      </symbol>
      <symbol id="sm-251">
         <name>ADC1SS1_IRQHandler</name>
         <value>0xddd</value>
      </symbol>
      <symbol id="sm-252">
         <name>ADC1SS2_IRQHandler</name>
         <value>0xddd</value>
      </symbol>
      <symbol id="sm-253">
         <name>ADC1SS3_IRQHandler</name>
         <value>0xddd</value>
      </symbol>
      <symbol id="sm-254">
         <name>EPI0_IRQHandler</name>
         <value>0xddd</value>
      </symbol>
      <symbol id="sm-255">
         <name>GPIOJ_IRQHandler</name>
         <value>0xddd</value>
      </symbol>
      <symbol id="sm-256">
         <name>GPIOK_IRQHandler</name>
         <value>0xddd</value>
      </symbol>
      <symbol id="sm-257">
         <name>GPIOL_IRQHandler</name>
         <value>0xddd</value>
      </symbol>
      <symbol id="sm-258">
         <name>SSI2_IRQHandler</name>
         <value>0xddd</value>
      </symbol>
      <symbol id="sm-259">
         <name>SSI3_IRQHandler</name>
         <value>0xddd</value>
      </symbol>
      <symbol id="sm-25a">
         <name>UART3_IRQHandler</name>
         <value>0xddd</value>
      </symbol>
      <symbol id="sm-25b">
         <name>UART4_IRQHandler</name>
         <value>0xddd</value>
      </symbol>
      <symbol id="sm-25c">
         <name>UART5_IRQHandler</name>
         <value>0xddd</value>
      </symbol>
      <symbol id="sm-25d">
         <name>UART6_IRQHandler</name>
         <value>0xddd</value>
      </symbol>
      <symbol id="sm-25e">
         <name>UART7_IRQHandler</name>
         <value>0xddd</value>
      </symbol>
      <symbol id="sm-25f">
         <name>I2C2_IRQHandler</name>
         <value>0xddd</value>
      </symbol>
      <symbol id="sm-260">
         <name>I2C3_IRQHandler</name>
         <value>0xddd</value>
      </symbol>
      <symbol id="sm-261">
         <name>TIMER4A_IRQHandler</name>
         <value>0xddd</value>
      </symbol>
      <symbol id="sm-262">
         <name>TIMER4B_IRQHandler</name>
         <value>0xddd</value>
      </symbol>
      <symbol id="sm-263">
         <name>TIMER5A_IRQHandler</name>
         <value>0xddd</value>
      </symbol>
      <symbol id="sm-264">
         <name>TIMER5B_IRQHandler</name>
         <value>0xddd</value>
      </symbol>
      <symbol id="sm-265">
         <name>SYSEXC_IRQHandler</name>
         <value>0xddd</value>
      </symbol>
      <symbol id="sm-266">
         <name>I2C4_IRQHandler</name>
         <value>0xddd</value>
      </symbol>
      <symbol id="sm-267">
         <name>I2C5_IRQHandler</name>
         <value>0xddd</value>
      </symbol>
      <symbol id="sm-268">
         <name>GPIOM_IRQHandler</name>
         <value>0xddd</value>
      </symbol>
      <symbol id="sm-269">
         <name>GPION_IRQHandler</name>
         <value>0xddd</value>
      </symbol>
      <symbol id="sm-26a">
         <name>TAMPER0_IRQHandler</name>
         <value>0xddd</value>
      </symbol>
      <symbol id="sm-26b">
         <name>GPIOP0_IRQHandler</name>
         <value>0xddd</value>
      </symbol>
      <symbol id="sm-26c">
         <name>GPIOP1_IRQHandler</name>
         <value>0xddd</value>
      </symbol>
      <symbol id="sm-26d">
         <name>GPIOP2_IRQHandler</name>
         <value>0xddd</value>
      </symbol>
      <symbol id="sm-26e">
         <name>GPIOP3_IRQHandler</name>
         <value>0xddd</value>
      </symbol>
      <symbol id="sm-26f">
         <name>GPIOP4_IRQHandler</name>
         <value>0xddd</value>
      </symbol>
      <symbol id="sm-270">
         <name>GPIOP5_IRQHandler</name>
         <value>0xddd</value>
      </symbol>
      <symbol id="sm-271">
         <name>GPIOP6_IRQHandler</name>
         <value>0xddd</value>
      </symbol>
      <symbol id="sm-272">
         <name>GPIOP7_IRQHandler</name>
         <value>0xddd</value>
      </symbol>
      <symbol id="sm-273">
         <name>GPIOQ0_IRQHandler</name>
         <value>0xddd</value>
      </symbol>
      <symbol id="sm-274">
         <name>GPIOQ1_IRQHandler</name>
         <value>0xddd</value>
      </symbol>
      <symbol id="sm-275">
         <name>GPIOQ2_IRQHandler</name>
         <value>0xddd</value>
      </symbol>
      <symbol id="sm-276">
         <name>GPIOQ3_IRQHandler</name>
         <value>0xddd</value>
      </symbol>
      <symbol id="sm-277">
         <name>GPIOQ4_IRQHandler</name>
         <value>0xddd</value>
      </symbol>
      <symbol id="sm-278">
         <name>GPIOQ5_IRQHandler</name>
         <value>0xddd</value>
      </symbol>
      <symbol id="sm-279">
         <name>GPIOQ6_IRQHandler</name>
         <value>0xddd</value>
      </symbol>
      <symbol id="sm-27a">
         <name>GPIOQ7_IRQHandler</name>
         <value>0xddd</value>
      </symbol>
      <symbol id="sm-27b">
         <name>SHA0_IRQHandler</name>
         <value>0xddd</value>
      </symbol>
      <symbol id="sm-27c">
         <name>AES0_IRQHandler</name>
         <value>0xddd</value>
      </symbol>
      <symbol id="sm-27d">
         <name>DES0_IRQHandler</name>
         <value>0xddd</value>
      </symbol>
      <symbol id="sm-27e">
         <name>TIMER6A_IRQHandler</name>
         <value>0xddd</value>
      </symbol>
      <symbol id="sm-27f">
         <name>TIMER6B_IRQHandler</name>
         <value>0xddd</value>
      </symbol>
      <symbol id="sm-280">
         <name>TIMER7A_IRQHandler</name>
         <value>0xddd</value>
      </symbol>
      <symbol id="sm-281">
         <name>TIMER7B_IRQHandler</name>
         <value>0xddd</value>
      </symbol>
      <symbol id="sm-282">
         <name>I2C6_IRQHandler</name>
         <value>0xddd</value>
      </symbol>
      <symbol id="sm-283">
         <name>I2C7_IRQHandler</name>
         <value>0xddd</value>
      </symbol>
      <symbol id="sm-284">
         <name>I2C8_IRQHandler</name>
         <value>0xddd</value>
      </symbol>
      <symbol id="sm-285">
         <name>I2C9_IRQHandler</name>
         <value>0xddd</value>
      </symbol>
   </symbol_table>
   <title>Link successful</title>
</link_info>
