******************************************************************************
                  TI ARM Linker PC v18.1.2                     
******************************************************************************
>> Linked Wed Feb  6 16:39:47 2019

OUTPUT FILE NAME:   <BOLT_IV_MCU.out>
ENTRY POINT SYMBOL: "_c_int00_noargs"  address: 000005f1


MEMORY CONFIGURATION

         name            origin    length      used     unused   attr    fill
----------------------  --------  ---------  --------  --------  ----  --------
  FLASH                 00000000   00100000  000006a0  000ff960  R  X
  SRAM                  20000000   00040000  00000204  0003fdfc  RW X


SEGMENT ALLOCATION MAP

run origin  load origin   length   init length attrs members
----------  ----------- ---------- ----------- ----- -------
00000000    00000000    000006a0   000006a0    r-x
  00000000    00000000    00000208   00000208    r-- .intvecs
  00000208    00000208    00000444   00000444    r-x .text
  0000064c    0000064c    0000003c   0000003c    r-- .const
  00000688    00000688    00000018   00000018    r-- .cinit
20000000    20000000    00000204   00000000    rw-
  20000000    20000000    00000200   00000000    rw- .stack
  20000200    20000200    00000004   00000000    rw- .data


SECTION ALLOCATION MAP

 output                                  attributes/
section   page    origin      length       input sections
--------  ----  ----------  ----------   ----------------
.intvecs   0    00000000    00000208     
                  00000000    00000208     startup_msp432e401y_ccs.obj (.intvecs:retain)

.text      0    00000208    00000444     
                  00000208    00000184     main.obj (.text)
                  0000038c    0000011c     system_msp432e401y.obj (.text)
                  000004a8    0000009c     rtsv7M4_T_le_v4SPD16_eabi.lib : memcpy_t2.asm.obj (.text)
                  00000544    00000068                                   : copy_decompress_lzss.c.obj (.text:decompress:lzss:__TI_decompress_lzss)
                  000005ac    00000044                                   : autoinit.c.obj (.text:__TI_auto_init_nobinit_nopinit:__TI_auto_init_nobinit_nopinit)
                  000005f0    00000038                                   : boot_cortex_m.c.obj (.text:_c_int00_noargs:_c_int00_noargs)
                  00000628    0000000e                                   : copy_decompress_none.c.obj (.text:decompress:none:__TI_decompress_none)
                  00000636    0000000e     startup_msp432e401y_ccs.obj (.text)
                  00000644    00000004     rtsv7M4_T_le_v4SPD16_eabi.lib : pre_init.c.obj (.text:_system_pre_init)
                  00000648    00000004                                   : exit.c.obj (.text:abort:abort)

.const     0    0000064c    0000003c     
                  0000064c    0000003c     main.obj (.const:$P$T0$1)

.cinit     0    00000688    00000018     
                  00000688    00000008     (.cinit..data.load) [load image, compression = lzss]
                  00000690    00000008     (__TI_handler_table)
                  00000698    00000008     (__TI_cinit_table)

.init_array 
*          0    00000000    00000000     UNINITIALIZED

.data      0    20000200    00000004     UNINITIALIZED
                  20000200    00000004     system_msp432e401y.obj (.data)

.stack     0    20000000    00000200     UNINITIALIZED
                  20000000    00000004     rtsv7M4_T_le_v4SPD16_eabi.lib : boot_cortex_m.c.obj (.stack)
                  20000004    000001fc     --HOLE--

MODULE SUMMARY

       Module                        code   ro data   rw data
       ------                        ----   -------   -------
    .\
       startup_msp432e401y_ccs.obj   14     520       0      
       main.obj                      388    60        0      
       system_msp432e401y.obj        284    0         4      
    +--+-----------------------------+------+---------+---------+
       Total:                        686    580       4      
                                                             
    C:\ti\ccs810\ccsv8\tools\compiler\ti-cgt-arm_18.1.2.LTS\lib\rtsv7M4_T_le_v4SPD16_eabi.lib
       memcpy_t2.asm.obj             156    0         0      
       copy_decompress_lzss.c.obj    104    0         0      
       autoinit.c.obj                68     0         0      
       boot_cortex_m.c.obj           56     0         0      
       copy_decompress_none.c.obj    14     0         0      
       exit.c.obj                    4      0         0      
       pre_init.c.obj                4      0         0      
    +--+-----------------------------+------+---------+---------+
       Total:                        406    0         0      
                                                             
       Stack:                        0      0         512    
       Linker Generated:             0      24        0      
    +--+-----------------------------+------+---------+---------+
       Grand Total:                  1092   604       516    


LINKER GENERATED COPY TABLES

__TI_cinit_table @ 00000698 records: 1, size/record: 8, table size: 8
	.data: load addr=00000688, load size=00000008 bytes, run addr=20000200, run size=00000004 bytes, compression=lzss


LINKER GENERATED HANDLER TABLE

__TI_handler_table @ 00000690 records: 2, size/record: 4, table size: 8
	index: 0, handler: __TI_decompress_lzss
	index: 1, handler: __TI_decompress_none


GLOBAL SYMBOLS: SORTED ALPHABETICALLY BY Name 

address   name                          
-------   ----                          
00000643  ADC0SS0_IRQHandler            
00000643  ADC0SS1_IRQHandler            
00000643  ADC0SS2_IRQHandler            
00000643  ADC0SS3_IRQHandler            
00000643  ADC1SS0_IRQHandler            
00000643  ADC1SS1_IRQHandler            
00000643  ADC1SS2_IRQHandler            
00000643  ADC1SS3_IRQHandler            
00000643  AES0_IRQHandler               
00000331  AccessPoll                    
00000643  BusFault_Handler              
00000649  C$$EXIT                       
00000643  CAN0_IRQHandler               
00000643  CAN1_IRQHandler               
00000643  COMP0_IRQHandler              
00000643  COMP1_IRQHandler              
00000643  COMP2_IRQHandler              
00000643  DES0_IRQHandler               
00000643  DebugMon_Handler              
00000643  Default_Handler               
00000643  EMAC0_IRQHandler              
00000643  EPI0_IRQHandler               
00000643  FLASH_IRQHandler              
00000643  GPIOA_IRQHandler              
00000643  GPIOB_IRQHandler              
00000643  GPIOC_IRQHandler              
00000643  GPIOD_IRQHandler              
00000643  GPIOE_IRQHandler              
00000643  GPIOF_IRQHandler              
00000643  GPIOG_IRQHandler              
00000643  GPIOH_IRQHandler              
00000643  GPIOJ_IRQHandler              
00000643  GPIOK_IRQHandler              
00000643  GPIOL_IRQHandler              
00000643  GPIOM_IRQHandler              
00000643  GPION_IRQHandler              
00000643  GPIOP0_IRQHandler             
00000643  GPIOP1_IRQHandler             
00000643  GPIOP2_IRQHandler             
00000643  GPIOP3_IRQHandler             
00000643  GPIOP4_IRQHandler             
00000643  GPIOP5_IRQHandler             
00000643  GPIOP6_IRQHandler             
00000643  GPIOP7_IRQHandler             
00000643  GPIOQ0_IRQHandler             
00000643  GPIOQ1_IRQHandler             
00000643  GPIOQ2_IRQHandler             
00000643  GPIOQ3_IRQHandler             
00000643  GPIOQ4_IRQHandler             
00000643  GPIOQ5_IRQHandler             
00000643  GPIOQ6_IRQHandler             
00000643  GPIOQ7_IRQHandler             
00000643  HIBERNATE_IRQHandler          
00000643  HardFault_Handler             
00000643  I2C0_IRQHandler               
00000643  I2C1_IRQHandler               
00000643  I2C2_IRQHandler               
00000643  I2C3_IRQHandler               
00000643  I2C4_IRQHandler               
00000643  I2C5_IRQHandler               
00000643  I2C6_IRQHandler               
00000643  I2C7_IRQHandler               
00000643  I2C8_IRQHandler               
00000643  I2C9_IRQHandler               
00000265  IgnitAccessEnable             
000002f9  IgnitPoll                     
00000643  MemManage_Handler             
00000643  NMI_Handler                   
00000643  PWM0_0_IRQHandler             
00000643  PWM0_1_IRQHandler             
00000643  PWM0_2_IRQHandler             
00000643  PWM0_3_IRQHandler             
00000643  PWM0_FAULT_IRQHandler         
00000643  PendSV_Handler                
00000643  QEI0_IRQHandler               
00000637  Reset_Handler                 
00000643  SHA0_IRQHandler               
00000643  SSI0_IRQHandler               
00000643  SSI1_IRQHandler               
00000643  SSI2_IRQHandler               
00000643  SSI3_IRQHandler               
00000643  SVC_Handler                   
00000643  SYSCTL_IRQHandler             
00000643  SYSEXC_IRQHandler             
00000643  SysTick_Handler               
20000200  SystemCoreClock               
0000038d  SystemCoreClockUpdate         
0000047b  SystemInit                    
00000643  TAMPER0_IRQHandler            
00000643  TIMER0A_IRQHandler            
00000643  TIMER0B_IRQHandler            
00000643  TIMER1A_IRQHandler            
00000643  TIMER1B_IRQHandler            
00000643  TIMER2A_IRQHandler            
00000643  TIMER2B_IRQHandler            
00000643  TIMER3A_IRQHandler            
00000643  TIMER3B_IRQHandler            
00000643  TIMER4A_IRQHandler            
00000643  TIMER4B_IRQHandler            
00000643  TIMER5A_IRQHandler            
00000643  TIMER5B_IRQHandler            
00000643  TIMER6A_IRQHandler            
00000643  TIMER6B_IRQHandler            
00000643  TIMER7A_IRQHandler            
00000643  TIMER7B_IRQHandler            
00000643  UART0_IRQHandler              
00000643  UART1_IRQHandler              
00000643  UART2_IRQHandler              
00000643  UART3_IRQHandler              
00000643  UART4_IRQHandler              
00000643  UART5_IRQHandler              
00000643  UART6_IRQHandler              
00000643  UART7_IRQHandler              
00000643  UDMAERR_IRQHandler            
00000643  UDMA_IRQHandler               
00000643  USB0_IRQHandler               
00000643  UsageFault_Handler            
00000643  WATCHDOG_IRQHandler           
20000200  __STACK_END                   
00000200  __STACK_SIZE                  
20000200  __STACK_TOP                   
00000698  __TI_CINIT_Base               
000006a0  __TI_CINIT_Limit              
00000690  __TI_Handler_Table_Base       
00000698  __TI_Handler_Table_Limit      
000005ad  __TI_auto_init_nobinit_nopinit
00000545  __TI_decompress_lzss          
00000629  __TI_decompress_none          
ffffffff  __TI_pprof_out_hndl           
ffffffff  __TI_prof_data_size           
ffffffff  __TI_prof_data_start          
00000000  __TI_static_base__            
000004a9  __aeabi_memcpy                
000004a9  __aeabi_memcpy4               
000004a9  __aeabi_memcpy8               
ffffffff  __binit__                     
ffffffff  __c_args__                    
UNDEFED   __mpu_init                    
20000000  __stack                       
000005f1  _c_int00_noargs               
UNDEFED   _system_post_cinit            
00000645  _system_pre_init              
00000649  abort                         
ffffffff  binit                         
00000000  interruptVectors              
00000209  main                          
000004a9  memcpy                        


GLOBAL SYMBOLS: SORTED BY Symbol Address 

address   name                          
-------   ----                          
00000000  __TI_static_base__            
00000000  interruptVectors              
00000200  __STACK_SIZE                  
00000209  main                          
00000265  IgnitAccessEnable             
000002f9  IgnitPoll                     
00000331  AccessPoll                    
0000038d  SystemCoreClockUpdate         
0000047b  SystemInit                    
000004a9  __aeabi_memcpy                
000004a9  __aeabi_memcpy4               
000004a9  __aeabi_memcpy8               
000004a9  memcpy                        
00000545  __TI_decompress_lzss          
000005ad  __TI_auto_init_nobinit_nopinit
000005f1  _c_int00_noargs               
00000629  __TI_decompress_none          
00000637  Reset_Handler                 
00000643  ADC0SS0_IRQHandler            
00000643  ADC0SS1_IRQHandler            
00000643  ADC0SS2_IRQHandler            
00000643  ADC0SS3_IRQHandler            
00000643  ADC1SS0_IRQHandler            
00000643  ADC1SS1_IRQHandler            
00000643  ADC1SS2_IRQHandler            
00000643  ADC1SS3_IRQHandler            
00000643  AES0_IRQHandler               
00000643  BusFault_Handler              
00000643  CAN0_IRQHandler               
00000643  CAN1_IRQHandler               
00000643  COMP0_IRQHandler              
00000643  COMP1_IRQHandler              
00000643  COMP2_IRQHandler              
00000643  DES0_IRQHandler               
00000643  DebugMon_Handler              
00000643  Default_Handler               
00000643  EMAC0_IRQHandler              
00000643  EPI0_IRQHandler               
00000643  FLASH_IRQHandler              
00000643  GPIOA_IRQHandler              
00000643  GPIOB_IRQHandler              
00000643  GPIOC_IRQHandler              
00000643  GPIOD_IRQHandler              
00000643  GPIOE_IRQHandler              
00000643  GPIOF_IRQHandler              
00000643  GPIOG_IRQHandler              
00000643  GPIOH_IRQHandler              
00000643  GPIOJ_IRQHandler              
00000643  GPIOK_IRQHandler              
00000643  GPIOL_IRQHandler              
00000643  GPIOM_IRQHandler              
00000643  GPION_IRQHandler              
00000643  GPIOP0_IRQHandler             
00000643  GPIOP1_IRQHandler             
00000643  GPIOP2_IRQHandler             
00000643  GPIOP3_IRQHandler             
00000643  GPIOP4_IRQHandler             
00000643  GPIOP5_IRQHandler             
00000643  GPIOP6_IRQHandler             
00000643  GPIOP7_IRQHandler             
00000643  GPIOQ0_IRQHandler             
00000643  GPIOQ1_IRQHandler             
00000643  GPIOQ2_IRQHandler             
00000643  GPIOQ3_IRQHandler             
00000643  GPIOQ4_IRQHandler             
00000643  GPIOQ5_IRQHandler             
00000643  GPIOQ6_IRQHandler             
00000643  GPIOQ7_IRQHandler             
00000643  HIBERNATE_IRQHandler          
00000643  HardFault_Handler             
00000643  I2C0_IRQHandler               
00000643  I2C1_IRQHandler               
00000643  I2C2_IRQHandler               
00000643  I2C3_IRQHandler               
00000643  I2C4_IRQHandler               
00000643  I2C5_IRQHandler               
00000643  I2C6_IRQHandler               
00000643  I2C7_IRQHandler               
00000643  I2C8_IRQHandler               
00000643  I2C9_IRQHandler               
00000643  MemManage_Handler             
00000643  NMI_Handler                   
00000643  PWM0_0_IRQHandler             
00000643  PWM0_1_IRQHandler             
00000643  PWM0_2_IRQHandler             
00000643  PWM0_3_IRQHandler             
00000643  PWM0_FAULT_IRQHandler         
00000643  PendSV_Handler                
00000643  QEI0_IRQHandler               
00000643  SHA0_IRQHandler               
00000643  SSI0_IRQHandler               
00000643  SSI1_IRQHandler               
00000643  SSI2_IRQHandler               
00000643  SSI3_IRQHandler               
00000643  SVC_Handler                   
00000643  SYSCTL_IRQHandler             
00000643  SYSEXC_IRQHandler             
00000643  SysTick_Handler               
00000643  TAMPER0_IRQHandler            
00000643  TIMER0A_IRQHandler            
00000643  TIMER0B_IRQHandler            
00000643  TIMER1A_IRQHandler            
00000643  TIMER1B_IRQHandler            
00000643  TIMER2A_IRQHandler            
00000643  TIMER2B_IRQHandler            
00000643  TIMER3A_IRQHandler            
00000643  TIMER3B_IRQHandler            
00000643  TIMER4A_IRQHandler            
00000643  TIMER4B_IRQHandler            
00000643  TIMER5A_IRQHandler            
00000643  TIMER5B_IRQHandler            
00000643  TIMER6A_IRQHandler            
00000643  TIMER6B_IRQHandler            
00000643  TIMER7A_IRQHandler            
00000643  TIMER7B_IRQHandler            
00000643  UART0_IRQHandler              
00000643  UART1_IRQHandler              
00000643  UART2_IRQHandler              
00000643  UART3_IRQHandler              
00000643  UART4_IRQHandler              
00000643  UART5_IRQHandler              
00000643  UART6_IRQHandler              
00000643  UART7_IRQHandler              
00000643  UDMAERR_IRQHandler            
00000643  UDMA_IRQHandler               
00000643  USB0_IRQHandler               
00000643  UsageFault_Handler            
00000643  WATCHDOG_IRQHandler           
00000645  _system_pre_init              
00000649  C$$EXIT                       
00000649  abort                         
00000690  __TI_Handler_Table_Base       
00000698  __TI_CINIT_Base               
00000698  __TI_Handler_Table_Limit      
000006a0  __TI_CINIT_Limit              
20000000  __stack                       
20000200  SystemCoreClock               
20000200  __STACK_END                   
20000200  __STACK_TOP                   
ffffffff  __TI_pprof_out_hndl           
ffffffff  __TI_prof_data_size           
ffffffff  __TI_prof_data_start          
ffffffff  __binit__                     
ffffffff  __c_args__                    
ffffffff  binit                         
UNDEFED   __mpu_init                    
UNDEFED   _system_post_cinit            

[147 symbols]
