******************************************************************************
                  TI ARM Linker PC v20.2.7                     
******************************************************************************
>> Linked Sat Nov 12 17:43:14 2022

OUTPUT FILE NAME:   <BOLT_IV_MCU.out>
ENTRY POINT SYMBOL: "_c_int00_noargs"  address: 000043cd


MEMORY CONFIGURATION

         name            origin    length      used     unused   attr    fill
----------------------  --------  ---------  --------  --------  ----  --------
  FLASH                 00000000   00100000  00004914  000fb6ec  R  X
  SRAM                  20000000   00040000  00000304  0003fcfc  RW X


SEGMENT ALLOCATION MAP

run origin  load origin   length   init length attrs members
----------  ----------- ---------- ----------- ----- -------
00000000    00000000    00004918   00004918    r-x
  00000000    00000000    00000208   00000208    r-- .intvecs
  00000208    00000208    00004328   00004328    r-x .text
  00004530    00004530    0000038c   0000038c    r-- .const
  000048c0    000048c0    00000058   00000058    r-- .cinit
20000000    20000000    00000304   00000000    rw-
  20000000    20000000    00000200   00000000    rw- .stack
  20000200    20000200    000000b8   00000000    rw- .bss
  200002b8    200002b8    0000004c   00000000    rw- .data


SECTION ALLOCATION MAP

 output                                  attributes/
section   page    origin      length       input sections
--------  ----  ----------  ----------   ----------------
.intvecs   0    00000000    00000208     
                  00000000    00000208     startup_msp432e401y_ccs.obj (.intvecs:retain)

.text      0    00000208    00004328     
                  00000208    000016ac     main.obj (.text)
                  000018b4    00000a4e     rtsv7M4_T_le_v4SPD16_eabi.lib : _printfi.c.obj (.text:__TI_printfi)
                  00002302    00000002                                   : div0.asm.obj (.text)
                  00002304    000004dc     uartstdio.obj (.text)
                  000027e0    000002e0     msp432e4_driverlib.a : sysctl.o (.text:SysCtlClockFreqSet)
                  00002ac0    00000270     rtsv7M4_T_le_v4SPD16_eabi.lib : _printfi.c.obj (.text:_pconv_a)
                  00002d30    0000023a     msp432e4_driverlib.a : gpio.o (.text:GPIOPadConfigSet)
                  00002f6a    00000002     --HOLE-- [fill = 0]
                  00002f6c    000001d0     rtsv7M4_T_le_v4SPD16_eabi.lib : _printfi.c.obj (.text:_pconv_g)
                  0000313c    000001b6                                   : fd_add_t2.asm.obj (.text)
                  000032f2    00000002     --HOLE-- [fill = 0]
                  000032f4    0000013c                                   : _printfi.c.obj (.text:_pconv_e)
                  00003430    00000136                                   : fd_div_t2.asm.obj (.text)
                  00003566    00000002     --HOLE-- [fill = 0]
                  00003568    00000124                                   : _printfi.c.obj (.text:fcvt)
                  0000368c    0000011c     system_msp432e401y.obj (.text)
                  000037a8    00000110     rtsv7M4_T_le_v4SPD16_eabi.lib : s_scalbn.c.obj (.text:scalbn)
                  000038b8    000000fc                                   : fd_mul_t2.asm.obj (.text)
                  000039b4    000000ee     msp432e4_driverlib.a : adc.o (.text:ADCSequenceStepConfigure)
                  00003aa2    00000002     --HOLE-- [fill = 0]
                  00003aa4    000000b1     rtsv7M4_T_le_v4SPD16_eabi.lib : _printfi.c.obj (.text:_ltostr)
                  00003b55    00000001     --HOLE-- [fill = 0]
                  00003b56    0000009c                                   : memcpy_t2.asm.obj (.text)
                  00003bf2    00000096                                   : ull_div_t2.asm.obj (.text)
                  00003c88    00000090     msp432e4_driverlib.a : sysctl.o (.text:_SysCtlFrequencyGet)
                  00003d18    00000086     rtsv7M4_T_le_v4SPD16_eabi.lib : fd_cmp_t2.asm.obj (.text:__aeabi_cdcmple)
                  00003d9e    00000086                                   : fd_cmp_t2.asm.obj (.text:__aeabi_cdrcmple)
                  00003e24    0000007a                                   : memset_t2.asm.obj (.text)
                  00003e9e    0000006e                                   : _printfi.c.obj (.text:_mcpy)
                  00003f0c    00000068                                   : copy_decompress_lzss.c.obj (.text:decompress:lzss:__TI_decompress_lzss)
                  00003f74    00000064                                   : s_frexp.c.obj (.text:frexp)
                  00003fd8    0000005c     msp432e4_driverlib.a : gpio.o (.text:GPIODirModeSet)
                  00004034    00000056     rtsv7M4_T_le_v4SPD16_eabi.lib : _printfi.c.obj (.text:_pconv_f)
                  0000408a    00000054                                   : _ltoa.c.obj (.text:__TI_ltoa)
                  000040de    00000052                                   : _printfi.c.obj (.text:_ecpy)
                  00004130    0000004c                                   : atoi.c.obj (.text:atoi)
                  0000417c    00000048                                   : fd_toi_t2.asm.obj (.text)
                  000041c4    00000044     msp432e4_driverlib.a : gpio.o (.text:GPIOPinConfigure)
                  00004208    00000044                          : sysctl.o (.text:_SysCtlMemTimingGet)
                  0000424c    00000044     rtsv7M4_T_le_v4SPD16_eabi.lib : autoinit.c.obj (.text:__TI_auto_init_nobinit_nopinit:__TI_auto_init_nobinit_nopinit)
                  00004290    00000044                                   : fd_tou_t2.asm.obj (.text)
                  000042d4    00000040                                   : u_divt2.asm.obj (.text)
                  00004314    00000040                                   : sprintf.c.obj (.text:sprintf)
                  00004354    0000003e                                   : _printfi.c.obj (.text:_fcpy)
                  00004392    00000038                                   : fs_tod_t2.asm.obj (.text)
                  000043ca    00000002     --HOLE-- [fill = 0]
                  000043cc    00000034                                   : boot_cortex_m.c.obj (.text:_c_int00_noargs:_c_int00_noargs)
                  00004400    0000002e                                   : i_tofd_t2.asm.obj (.text)
                  0000442e    00000024     msp432e4_driverlib.a : gpio.o (.text:GPIOPinTypeCAN)
                  00004452    0000001c     rtsv7M4_T_le_v4SPD16_eabi.lib : copy_zero_init.c.obj (.text:decompress:ZI:__TI_zero_init_nomemset:__TI_zero_init_nomemset)
                  0000446e    0000001c                                   : memccpy.c.obj (.text:memccpy)
                  0000448a    0000001a                                   : s_copysign.c.obj (.text:copysign)
                  000044a4    00000018                                   : sprintf.c.obj (.text:_outs)
                  000044bc    00000016                                   : strchr.c.obj (.text:strchr)
                  000044d2    00000014                                   : strlen.c.obj (.text:strlen)
                  000044e6    00000012                                   : wcslen.c.obj (.text:wcslen)
                  000044f8    0000000e                                   : copy_decompress_none.c.obj (.text:decompress:none:__TI_decompress_none)
                  00004506    0000000e     startup_msp432e401y_ccs.obj (.text)
                  00004514    0000000a     rtsv7M4_T_le_v4SPD16_eabi.lib : sprintf.c.obj (.text:_outc)
                  0000451e    00000002     --HOLE-- [fill = 0]
                  00004520    00000008                                   : errno.c.obj (.text:__aeabi_errno_addr)
                  00004528    00000004                                   : pre_init.c.obj (.text:_system_pre_init)
                  0000452c    00000004                                   : exit.c.obj (.text:abort:abort)

.const     0    00004530    0000038c     
                  00004530    000001b0     msp432e4_driverlib.a : sysctl.o (.const:g_pppui32XTALtoVCO)
                  000046e0    00000101     rtsv7M4_T_le_v4SPD16_eabi.lib : ctype.c.obj (.const:.string:_ctypes_)
                  000047e1    00000003     --HOLE-- [fill = 0]
                  000047e4    00000048     msp432e4_driverlib.a : gpio.o (.const:g_pui32GPIOBaseAddrs)
                  0000482c    00000030                          : sysctl.o (.const:g_sXTALtoMEMTIM)
                  0000485c    00000028                          : sysctl.o (.const:g_pui32Xtals)
                  00004884    00000012     uartstdio.obj (.const:.string)
                  00004896    00000002     --HOLE-- [fill = 0]
                  00004898    0000000c     uartstdio.obj (.const:g_ui32UARTBase)
                  000048a4    0000000c     uartstdio.obj (.const:g_ui32UARTPeriph)
                  000048b0    00000008     msp432e4_driverlib.a : sysctl.o (.const:g_pui32VCOFrequencies)
                  000048b8    00000004     uartstdio.obj (.const)

.cinit     0    000048c0    00000058     
                  000048c0    0000002e     (.cinit..data.load) [load image, compression = lzss]
                  000048ee    00000002     --HOLE-- [fill = 0]
                  000048f0    0000000c     (__TI_handler_table)
                  000048fc    00000004     --HOLE-- [fill = 0]
                  00004900    00000008     (.cinit..bss.load) [load image, compression = zero_init]
                  00004908    00000010     (__TI_cinit_table)

.init_array 
*          0    00000000    00000000     UNINITIALIZED

.bss       0    20000200    000000b8     UNINITIALIZED
                  20000200    0000005a     (.common:gIMUData)
                  2000025a    0000003a     main.obj (.bss:CANData$1)
                  20000294    0000000c     (.common:gIMUReceiveBuf)
                  200002a0    00000008     (.common:auxVoltage)
                  200002a8    00000008     (.common:pumpVoltage)
                  200002b0    00000004     (.common:g_ui32Flags)
                  200002b4    00000004     (.common:systemClock)

.data      0    200002b8    0000004c     UNINITIALIZED
                  200002b8    0000003c     main.obj (.data)
                  200002f4    00000005     uartstdio.obj (.data)
                  200002f9    00000003     --HOLE--
                  200002fc    00000004     rtsv7M4_T_le_v4SPD16_eabi.lib : errno.c.obj (.data)
                  20000300    00000004     system_msp432e401y.obj (.data)

.stack     0    20000000    00000200     UNINITIALIZED
                  20000000    00000004     rtsv7M4_T_le_v4SPD16_eabi.lib : boot_cortex_m.c.obj (.stack)
                  20000004    000001fc     --HOLE--

__llvm_prf_cnts 
*          0    20000000    00000000     UNINITIALIZED

MODULE SUMMARY

       Module                        code    ro data   rw data
       ------                        ----    -------   -------
    .\
       main.obj                      5804    0         244    
       uartstdio.obj                 1244    46        5      
       startup_msp432e401y_ccs.obj   14      520       0      
       system_msp432e401y.obj        284     0         4      
    +--+-----------------------------+-------+---------+---------+
       Total:                        7346    566       253    
                                                              
    C:/ti/simplelink_msp432e4_sdk_4_20_00_12/source/ti/devices/msp432e4/driverlib/lib/ccs/m4f/msp432e4_driverlib.a
       sysctl.o                      948     528       0      
       gpio.o                        766     72        0      
       adc.o                         238     0         0      
    +--+-----------------------------+-------+---------+---------+
       Total:                        1952    600       0      
                                                              
    C:\ti\ccs1210\ccs\tools\compiler\ti-cgt-arm_20.2.7.LTS\lib\rtsv7M4_T_le_v4SPD16_eabi.lib
       _printfi.c.obj                4851    0         0      
       fd_add_t2.asm.obj             438     0         0      
       fd_div_t2.asm.obj             310     0         0      
       s_scalbn.c.obj                272     0         0      
       fd_cmp_t2.asm.obj             268     0         0      
       ctype.c.obj                   0       257       0      
       fd_mul_t2.asm.obj             252     0         0      
       memcpy_t2.asm.obj             156     0         0      
       ull_div_t2.asm.obj            150     0         0      
       memset_t2.asm.obj             122     0         0      
       copy_decompress_lzss.c.obj    104     0         0      
       s_frexp.c.obj                 100     0         0      
       sprintf.c.obj                 98      0         0      
       _ltoa.c.obj                   84      0         0      
       atoi.c.obj                    76      0         0      
       fd_toi_t2.asm.obj             72      0         0      
       autoinit.c.obj                68      0         0      
       fd_tou_t2.asm.obj             68      0         0      
       u_divt2.asm.obj               64      0         0      
       fs_tod_t2.asm.obj             56      0         0      
       boot_cortex_m.c.obj           52      0         0      
       i_tofd_t2.asm.obj             46      0         0      
       copy_zero_init.c.obj          28      0         0      
       memccpy.c.obj                 28      0         0      
       s_copysign.c.obj              26      0         0      
       strchr.c.obj                  22      0         0      
       strlen.c.obj                  20      0         0      
       wcslen.c.obj                  18      0         0      
       copy_decompress_none.c.obj    14      0         0      
       errno.c.obj                   8       0         4      
       exit.c.obj                    4       0         0      
       pre_init.c.obj                4       0         0      
       div0.asm.obj                  2       0         0      
    +--+-----------------------------+-------+---------+---------+
       Total:                        7881    257       4      
                                                              
       Stack:                        0       0         512    
       Linker Generated:             0       82        0      
    +--+-----------------------------+-------+---------+---------+
       Grand Total:                  17179   1505      769    


LINKER GENERATED COPY TABLES

__TI_cinit_table @ 00004908 records: 2, size/record: 8, table size: 16
	.data: load addr=000048c0, load size=0000002e bytes, run addr=200002b8, run size=0000004c bytes, compression=lzss
	.bss: load addr=00004900, load size=00000008 bytes, run addr=20000200, run size=000000b8 bytes, compression=zero_init


LINKER GENERATED HANDLER TABLE

__TI_handler_table @ 000048f0 records: 3, size/record: 4, table size: 12
	index: 0, handler: __TI_decompress_lzss
	index: 1, handler: __TI_decompress_none
	index: 2, handler: __TI_zero_init


GLOBAL SYMBOLS: SORTED ALPHABETICALLY BY Name 

address   name                          
-------   ----                          
00004513  ADC0SS0_IRQHandler            
00004513  ADC0SS1_IRQHandler            
00004513  ADC0SS2_IRQHandler            
00004513  ADC0SS3_IRQHandler            
00004513  ADC1SS0_IRQHandler            
00004513  ADC1SS1_IRQHandler            
00004513  ADC1SS2_IRQHandler            
00004513  ADC1SS3_IRQHandler            
000039b5  ADCSequenceStepConfigure      
00000a35  ADCSetup                      
00004513  AES0_IRQHandler               
00004513  BusFault_Handler              
0000452d  C$$EXIT                       
00001299  CAN0_IRQHandler               
00001299  CAN0_IRQHandler               
00004513  CAN1_IRQHandler               
200002c6  CANCount                      
00004513  COMP0_IRQHandler              
00004513  COMP1_IRQHandler              
00004513  COMP2_IRQHandler              
0000093b  DEPoll                        
00004513  DES0_IRQHandler               
00004513  DebugMon_Handler              
00004513  Default_Handler               
00004513  EMAC0_IRQHandler              
00004513  EPI0_IRQHandler               
00004513  FLASH_IRQHandler              
00004513  GPIOA_IRQHandler              
00004513  GPIOB_IRQHandler              
00004513  GPIOC_IRQHandler              
00004513  GPIOD_IRQHandler              
00003fd9  GPIODirModeSet                
00004513  GPIOE_IRQHandler              
00004513  GPIOF_IRQHandler              
00004513  GPIOG_IRQHandler              
00004513  GPIOH_IRQHandler              
00004513  GPIOJ_IRQHandler              
00004513  GPIOK_IRQHandler              
00004513  GPIOL_IRQHandler              
00004513  GPIOM_IRQHandler              
00004513  GPION_IRQHandler              
00004513  GPIOP0_IRQHandler             
00004513  GPIOP1_IRQHandler             
00004513  GPIOP2_IRQHandler             
00004513  GPIOP3_IRQHandler             
00004513  GPIOP4_IRQHandler             
00004513  GPIOP5_IRQHandler             
00004513  GPIOP6_IRQHandler             
00004513  GPIOP7_IRQHandler             
00002d31  GPIOPadConfigSet              
000041c5  GPIOPinConfigure              
0000442f  GPIOPinTypeCAN                
00004513  GPIOQ0_IRQHandler             
00004513  GPIOQ1_IRQHandler             
00004513  GPIOQ2_IRQHandler             
00004513  GPIOQ3_IRQHandler             
00004513  GPIOQ4_IRQHandler             
00004513  GPIOQ5_IRQHandler             
00004513  GPIOQ6_IRQHandler             
00004513  GPIOQ7_IRQHandler             
00004513  HIBERNATE_IRQHandler          
00004513  HardFault_Handler             
00004513  I2C0_IRQHandler               
00004513  I2C1_IRQHandler               
00004513  I2C2_IRQHandler               
00004513  I2C3_IRQHandler               
00004513  I2C4_IRQHandler               
00004513  I2C5_IRQHandler               
00004513  I2C6_IRQHandler               
00004513  I2C7_IRQHandler               
00004513  I2C8_IRQHandler               
00004513  I2C9_IRQHandler               
00004513  MemManage_Handler             
00004513  NMI_Handler                   
00004513  PWM0_0_IRQHandler             
00004513  PWM0_1_IRQHandler             
00004513  PWM0_2_IRQHandler             
00004513  PWM0_3_IRQHandler             
00004513  PWM0_FAULT_IRQHandler         
00004513  PendSV_Handler                
00004513  QEI0_IRQHandler               
00004507  Reset_Handler                 
00004513  SHA0_IRQHandler               
00004513  SSI0_IRQHandler               
00004513  SSI1_IRQHandler               
00004513  SSI2_IRQHandler               
00004513  SSI3_IRQHandler               
00004513  SVC_Handler                   
00004513  SYSCTL_IRQHandler             
00004513  SYSEXC_IRQHandler             
000027e1  SysCtlClockFreqSet            
00004513  SysTick_Handler               
20000300  SystemCoreClock               
0000368d  SystemCoreClockUpdate         
0000377b  SystemInit                    
00004513  TAMPER0_IRQHandler            
00004513  TIMER0A_IRQHandler            
00004513  TIMER0B_IRQHandler            
0000176b  TIMER1A_IRQHandler            
0000176b  TIMER1A_IRQHandler            
00004513  TIMER1B_IRQHandler            
00004513  TIMER2A_IRQHandler            
00004513  TIMER2B_IRQHandler            
00004513  TIMER3A_IRQHandler            
00004513  TIMER3B_IRQHandler            
00004513  TIMER4A_IRQHandler            
00004513  TIMER4B_IRQHandler            
00004513  TIMER5A_IRQHandler            
00004513  TIMER5B_IRQHandler            
00004513  TIMER6A_IRQHandler            
00004513  TIMER6B_IRQHandler            
00004513  TIMER7A_IRQHandler            
00004513  TIMER7B_IRQHandler            
00004513  UART0_IRQHandler              
00004513  UART1_IRQHandler              
00004513  UART2_IRQHandler              
00004513  UART3_IRQHandler              
00004513  UART4_IRQHandler              
00004513  UART5_IRQHandler              
00000c3d  UART6Setup                    
00001815  UART6_IRQHandler              
00001815  UART6_IRQHandler              
00000ca9  UART7Setup                    
00004513  UART7_IRQHandler              
000009f5  UARTSendChar                  
00000999  UARTSendCharNonBlocking       
000009c1  UARTSendStr                   
00000961  UARTSendStrNonBlocking        
00002305  UARTStdioConfig               
0000247d  UARTgetc                      
000023b7  UARTgets                      
000027ab  UARTprintf                    
000024b1  UARTvprintf                   
00002365  UARTwrite                     
00004513  UDMAERR_IRQHandler            
00004513  UDMA_IRQHandler               
00004513  USB0_IRQHandler               
00004513  UsageFault_Handler            
00004513  WATCHDOG_IRQHandler           
20000200  __STACK_END                   
00000200  __STACK_SIZE                  
20000200  __STACK_TOP                   
00004908  __TI_CINIT_Base               
00004918  __TI_CINIT_Limit              
000048f0  __TI_Handler_Table_Base       
000048fc  __TI_Handler_Table_Limit      
0000424d  __TI_auto_init_nobinit_nopinit
00003f0d  __TI_decompress_lzss          
000044f9  __TI_decompress_none          
0000408b  __TI_ltoa                     
ffffffff  __TI_pprof_out_hndl           
000018b5  __TI_printfi                  
ffffffff  __TI_prof_data_size           
ffffffff  __TI_prof_data_start          
00000000  __TI_static_base__            
00004453  __TI_zero_init_nomemset       
00003d19  __aeabi_cdcmpeq               
00003d19  __aeabi_cdcmple               
00003d9f  __aeabi_cdrcmple              
0000417d  __aeabi_d2iz                  
00004291  __aeabi_d2uiz                 
00003147  __aeabi_dadd                  
00003431  __aeabi_ddiv                  
000038b9  __aeabi_dmul                  
0000313d  __aeabi_dsub                  
00004521  __aeabi_errno_addr            
00004393  __aeabi_f2d                   
00004401  __aeabi_i2d                   
00002303  __aeabi_idiv0                 
00002303  __aeabi_ldiv0                 
00003e25  __aeabi_memclr                
00003e25  __aeabi_memclr4               
00003e25  __aeabi_memclr8               
00003b57  __aeabi_memcpy                
00003b57  __aeabi_memcpy4               
00003b57  __aeabi_memcpy8               
00003e27  __aeabi_memset                
00003e27  __aeabi_memset4               
00003e27  __aeabi_memset8               
000042d5  __aeabi_uidiv                 
000042d5  __aeabi_uidivmod              
00003bf3  __aeabi_uldivmod              
ffffffff  __binit__                     
ffffffff  __c_args__                    
UNDEFED   __mpu_init                    
20000000  __stack                       
20000000  __start___llvm_prf_cnts       
20000000  __stop___llvm_prf_cnts        
000043cd  _c_int00_noargs               
000046e0  _ctypes_                      
UNDEFED   _system_post_cinit            
00004529  _system_pre_init              
0000452d  abort                         
0000067d  accIgnDESetup                 
0000086f  accPoll                       
00004131  atoi                          
00000b51  auxADCSend                    
200002a0  auxVoltage                    
ffffffff  binit                         
00000ffd  canReceive                    
000005a5  canSendData                   
00000645  canSendData_Int               
00000e3d  canSetup                      
00000ead  configureCAN                  
0000122d  convertToASCII                
0000448b  copysign                      
0000448b  copysignl                     
200002cc  debounceCounter               
00000dc5  enableUARTprintf              
200002b9  errFlag                       
200002fc  errno                         
00003f75  frexp                         
00003f75  frexpl                        
200002c0  gIMUBufIndex                  
20000200  gIMUData                      
20000294  gIMUReceiveBuf                
200002b0  g_ui32Flags                   
200002c7  g_ui8canFlag                  
200002c5  g_ui8xbeeFlag                 
0000088b  ignitDebounce                 
00000919  ignitPoll                     
00001501  imuParse                      
00000cf5  initTimers                    
200002c8  intTimer1_flag                
00000000  interruptVectors              
000037a9  ldexp                         
000037a9  ldexpl                        
00000209  main                          
0000446f  memccpy                       
00003b57  memcpy                        
00003e2d  memset                        
200002c4  msCount                       
200002bc  msgCount                      
00000beb  pumpADCSend                   
200002a8  pumpVoltage                   
200002b8  rxMsg                         
000037a9  scalbn                        
000037a9  scalbnl                       
00004315  sprintf                       
000044bd  strchr                        
000044d3  strlen                        
200002b4  systemClock                   
00000d79  timerRun                      
00000d55  timerSetup                    
000044e7  wcslen                        
00001329  xbeeTransmit                  


GLOBAL SYMBOLS: SORTED BY Symbol Address 

address   name                          
-------   ----                          
00000000  __TI_static_base__            
00000000  interruptVectors              
00000200  __STACK_SIZE                  
00000209  main                          
000005a5  canSendData                   
00000645  canSendData_Int               
0000067d  accIgnDESetup                 
0000086f  accPoll                       
0000088b  ignitDebounce                 
00000919  ignitPoll                     
0000093b  DEPoll                        
00000961  UARTSendStrNonBlocking        
00000999  UARTSendCharNonBlocking       
000009c1  UARTSendStr                   
000009f5  UARTSendChar                  
00000a35  ADCSetup                      
00000b51  auxADCSend                    
00000beb  pumpADCSend                   
00000c3d  UART6Setup                    
00000ca9  UART7Setup                    
00000cf5  initTimers                    
00000d55  timerSetup                    
00000d79  timerRun                      
00000dc5  enableUARTprintf              
00000e3d  canSetup                      
00000ead  configureCAN                  
00000ffd  canReceive                    
0000122d  convertToASCII                
00001299  CAN0_IRQHandler               
00001299  CAN0_IRQHandler               
00001329  xbeeTransmit                  
00001501  imuParse                      
0000176b  TIMER1A_IRQHandler            
0000176b  TIMER1A_IRQHandler            
00001815  UART6_IRQHandler              
00001815  UART6_IRQHandler              
000018b5  __TI_printfi                  
00002303  __aeabi_idiv0                 
00002303  __aeabi_ldiv0                 
00002305  UARTStdioConfig               
00002365  UARTwrite                     
000023b7  UARTgets                      
0000247d  UARTgetc                      
000024b1  UARTvprintf                   
000027ab  UARTprintf                    
000027e1  SysCtlClockFreqSet            
00002d31  GPIOPadConfigSet              
0000313d  __aeabi_dsub                  
00003147  __aeabi_dadd                  
00003431  __aeabi_ddiv                  
0000368d  SystemCoreClockUpdate         
0000377b  SystemInit                    
000037a9  ldexp                         
000037a9  ldexpl                        
000037a9  scalbn                        
000037a9  scalbnl                       
000038b9  __aeabi_dmul                  
000039b5  ADCSequenceStepConfigure      
00003b57  __aeabi_memcpy                
00003b57  __aeabi_memcpy4               
00003b57  __aeabi_memcpy8               
00003b57  memcpy                        
00003bf3  __aeabi_uldivmod              
00003d19  __aeabi_cdcmpeq               
00003d19  __aeabi_cdcmple               
00003d9f  __aeabi_cdrcmple              
00003e25  __aeabi_memclr                
00003e25  __aeabi_memclr4               
00003e25  __aeabi_memclr8               
00003e27  __aeabi_memset                
00003e27  __aeabi_memset4               
00003e27  __aeabi_memset8               
00003e2d  memset                        
00003f0d  __TI_decompress_lzss          
00003f75  frexp                         
00003f75  frexpl                        
00003fd9  GPIODirModeSet                
0000408b  __TI_ltoa                     
00004131  atoi                          
0000417d  __aeabi_d2iz                  
000041c5  GPIOPinConfigure              
0000424d  __TI_auto_init_nobinit_nopinit
00004291  __aeabi_d2uiz                 
000042d5  __aeabi_uidiv                 
000042d5  __aeabi_uidivmod              
00004315  sprintf                       
00004393  __aeabi_f2d                   
000043cd  _c_int00_noargs               
00004401  __aeabi_i2d                   
0000442f  GPIOPinTypeCAN                
00004453  __TI_zero_init_nomemset       
0000446f  memccpy                       
0000448b  copysign                      
0000448b  copysignl                     
000044bd  strchr                        
000044d3  strlen                        
000044e7  wcslen                        
000044f9  __TI_decompress_none          
00004507  Reset_Handler                 
00004513  ADC0SS0_IRQHandler            
00004513  ADC0SS1_IRQHandler            
00004513  ADC0SS2_IRQHandler            
00004513  ADC0SS3_IRQHandler            
00004513  ADC1SS0_IRQHandler            
00004513  ADC1SS1_IRQHandler            
00004513  ADC1SS2_IRQHandler            
00004513  ADC1SS3_IRQHandler            
00004513  AES0_IRQHandler               
00004513  BusFault_Handler              
00004513  CAN1_IRQHandler               
00004513  COMP0_IRQHandler              
00004513  COMP1_IRQHandler              
00004513  COMP2_IRQHandler              
00004513  DES0_IRQHandler               
00004513  DebugMon_Handler              
00004513  Default_Handler               
00004513  EMAC0_IRQHandler              
00004513  EPI0_IRQHandler               
00004513  FLASH_IRQHandler              
00004513  GPIOA_IRQHandler              
00004513  GPIOB_IRQHandler              
00004513  GPIOC_IRQHandler              
00004513  GPIOD_IRQHandler              
00004513  GPIOE_IRQHandler              
00004513  GPIOF_IRQHandler              
00004513  GPIOG_IRQHandler              
00004513  GPIOH_IRQHandler              
00004513  GPIOJ_IRQHandler              
00004513  GPIOK_IRQHandler              
00004513  GPIOL_IRQHandler              
00004513  GPIOM_IRQHandler              
00004513  GPION_IRQHandler              
00004513  GPIOP0_IRQHandler             
00004513  GPIOP1_IRQHandler             
00004513  GPIOP2_IRQHandler             
00004513  GPIOP3_IRQHandler             
00004513  GPIOP4_IRQHandler             
00004513  GPIOP5_IRQHandler             
00004513  GPIOP6_IRQHandler             
00004513  GPIOP7_IRQHandler             
00004513  GPIOQ0_IRQHandler             
00004513  GPIOQ1_IRQHandler             
00004513  GPIOQ2_IRQHandler             
00004513  GPIOQ3_IRQHandler             
00004513  GPIOQ4_IRQHandler             
00004513  GPIOQ5_IRQHandler             
00004513  GPIOQ6_IRQHandler             
00004513  GPIOQ7_IRQHandler             
00004513  HIBERNATE_IRQHandler          
00004513  HardFault_Handler             
00004513  I2C0_IRQHandler               
00004513  I2C1_IRQHandler               
00004513  I2C2_IRQHandler               
00004513  I2C3_IRQHandler               
00004513  I2C4_IRQHandler               
00004513  I2C5_IRQHandler               
00004513  I2C6_IRQHandler               
00004513  I2C7_IRQHandler               
00004513  I2C8_IRQHandler               
00004513  I2C9_IRQHandler               
00004513  MemManage_Handler             
00004513  NMI_Handler                   
00004513  PWM0_0_IRQHandler             
00004513  PWM0_1_IRQHandler             
00004513  PWM0_2_IRQHandler             
00004513  PWM0_3_IRQHandler             
00004513  PWM0_FAULT_IRQHandler         
00004513  PendSV_Handler                
00004513  QEI0_IRQHandler               
00004513  SHA0_IRQHandler               
00004513  SSI0_IRQHandler               
00004513  SSI1_IRQHandler               
00004513  SSI2_IRQHandler               
00004513  SSI3_IRQHandler               
00004513  SVC_Handler                   
00004513  SYSCTL_IRQHandler             
00004513  SYSEXC_IRQHandler             
00004513  SysTick_Handler               
00004513  TAMPER0_IRQHandler            
00004513  TIMER0A_IRQHandler            
00004513  TIMER0B_IRQHandler            
00004513  TIMER1B_IRQHandler            
00004513  TIMER2A_IRQHandler            
00004513  TIMER2B_IRQHandler            
00004513  TIMER3A_IRQHandler            
00004513  TIMER3B_IRQHandler            
00004513  TIMER4A_IRQHandler            
00004513  TIMER4B_IRQHandler            
00004513  TIMER5A_IRQHandler            
00004513  TIMER5B_IRQHandler            
00004513  TIMER6A_IRQHandler            
00004513  TIMER6B_IRQHandler            
00004513  TIMER7A_IRQHandler            
00004513  TIMER7B_IRQHandler            
00004513  UART0_IRQHandler              
00004513  UART1_IRQHandler              
00004513  UART2_IRQHandler              
00004513  UART3_IRQHandler              
00004513  UART4_IRQHandler              
00004513  UART5_IRQHandler              
00004513  UART7_IRQHandler              
00004513  UDMAERR_IRQHandler            
00004513  UDMA_IRQHandler               
00004513  USB0_IRQHandler               
00004513  UsageFault_Handler            
00004513  WATCHDOG_IRQHandler           
00004521  __aeabi_errno_addr            
00004529  _system_pre_init              
0000452d  C$$EXIT                       
0000452d  abort                         
000046e0  _ctypes_                      
000048f0  __TI_Handler_Table_Base       
000048fc  __TI_Handler_Table_Limit      
00004908  __TI_CINIT_Base               
00004918  __TI_CINIT_Limit              
20000000  __stack                       
20000000  __start___llvm_prf_cnts       
20000000  __stop___llvm_prf_cnts        
20000200  __STACK_END                   
20000200  __STACK_TOP                   
20000200  gIMUData                      
20000294  gIMUReceiveBuf                
200002a0  auxVoltage                    
200002a8  pumpVoltage                   
200002b0  g_ui32Flags                   
200002b4  systemClock                   
200002b8  rxMsg                         
200002b9  errFlag                       
200002bc  msgCount                      
200002c0  gIMUBufIndex                  
200002c4  msCount                       
200002c5  g_ui8xbeeFlag                 
200002c6  CANCount                      
200002c7  g_ui8canFlag                  
200002c8  intTimer1_flag                
200002cc  debounceCounter               
200002fc  errno                         
20000300  SystemCoreClock               
ffffffff  __TI_pprof_out_hndl           
ffffffff  __TI_prof_data_size           
ffffffff  __TI_prof_data_start          
ffffffff  __binit__                     
ffffffff  __c_args__                    
ffffffff  binit                         
UNDEFED   __mpu_init                    
UNDEFED   _system_post_cinit            

[246 symbols]
